[copy] /home/chove/Desktop/mydag/mycallyplus/源文件/produce5 -> /home/chove/Desktop/mydag/mycallyplus/中间结果/main/时间分析/produce5
[runtime] 写入 time_stat.c/h
[include] /home/chove/Desktop/mydag/mycallyplus/中间结果/main/时间分析/produce5/main.c 插入 time_stat.h
[ok] /home/chove/Desktop/mydag/mycallyplus/中间结果/main/时间分析/produce5/main.c:140 printf
[skip] /home/chove/Desktop/mydag/mycallyplus/中间结果/main/时间分析/produce5/main.c:139 已有 TA 标记，跳过
[ok] /home/chove/Desktop/mydag/mycallyplus/中间结果/main/时间分析/produce5/main.c:135 free
[skip] /home/chove/Desktop/mydag/mycallyplus/中间结果/main/时间分析/produce5/main.c:134 已有 TA 标记，跳过
[skip] /home/chove/Desktop/mydag/mycallyplus/中间结果/main/时间分析/produce5/main.c:133 已有 TA 标记，跳过
[ok] /home/chove/Desktop/mydag/mycallyplus/中间结果/main/时间分析/produce5/main.c:129 free
[skip] /home/chove/Desktop/mydag/mycallyplus/中间结果/main/时间分析/produce5/main.c:128 已有 TA 标记，跳过
[skip] /home/chove/Desktop/mydag/mycallyplus/中间结果/main/时间分析/produce5/main.c:127 已有 TA 标记，跳过
[skip] /home/chove/Desktop/mydag/mycallyplus/中间结果/main/时间分析/produce5/main.c:127 已有 TA 标记，跳过
[ok] /home/chove/Desktop/mydag/mycallyplus/中间结果/main/时间分析/produce5/main.c:118 threadtask
[ok] /home/chove/Desktop/mydag/mycallyplus/中间结果/main/时间分析/produce5/main.c:112 printf
[ok] /home/chove/Desktop/mydag/mycallyplus/中间结果/main/时间分析/produce5/main.c:109 printf
[ok] /home/chove/Desktop/mydag/mycallyplus/中间结果/main/时间分析/produce5/main.c:106 printf
[ok] /home/chove/Desktop/mydag/mycallyplus/中间结果/main/时间分析/produce5/main.c:100 printf
[ok] /home/chove/Desktop/mydag/mycallyplus/中间结果/main/时间分析/produce5/main.c:95 printf
[ok] /home/chove/Desktop/mydag/mycallyplus/中间结果/main/时间分析/produce5/main.c:90 printf
[ok] /home/chove/Desktop/mydag/mycallyplus/中间结果/main/时间分析/produce5/main.c:82 printf
[skip] /home/chove/Desktop/mydag/mycallyplus/中间结果/main/时间分析/produce5/main.c:81 已有 TA 标记，跳过
[skip] /home/chove/Desktop/mydag/mycallyplus/中间结果/main/时间分析/produce5/main.c:80 已有 TA 标记，跳过
[ok] /home/chove/Desktop/mydag/mycallyplus/中间结果/main/时间分析/produce5/main.c:79 pthread_join
[skip] /home/chove/Desktop/mydag/mycallyplus/中间结果/main/时间分析/produce5/main.c:78 已有 TA 标记，跳过
[skip] /home/chove/Desktop/mydag/mycallyplus/中间结果/main/时间分析/produce5/main.c:77 已有 TA 标记，跳过
[ok] /home/chove/Desktop/mydag/mycallyplus/中间结果/main/时间分析/produce5/main.c:76 printf
[skip] /home/chove/Desktop/mydag/mycallyplus/中间结果/main/时间分析/produce5/main.c:75 已有 TA 标记，跳过
[ok] /home/chove/Desktop/mydag/mycallyplus/中间结果/main/时间分析/produce5/main.c:71 free
[skip] /home/chove/Desktop/mydag/mycallyplus/中间结果/main/时间分析/produce5/main.c:70 已有 TA 标记，跳过
[skip] /home/chove/Desktop/mydag/mycallyplus/中间结果/main/时间分析/produce5/main.c:69 已有 TA 标记，跳过
[skip] /home/chove/Desktop/mydag/mycallyplus/中间结果/main/时间分析/produce5/main.c:69 已有 TA 标记，跳过
[ok] /home/chove/Desktop/mydag/mycallyplus/中间结果/main/时间分析/produce5/main.c:66 Deg2rad
[ok] /home/chove/Desktop/mydag/mycallyplus/中间结果/main/时间分析/produce5/main.c:61 fprintf
[skip] /home/chove/Desktop/mydag/mycallyplus/中间结果/main/时间分析/produce5/main.c:59 已有 TA 标记，跳过
[ok] /home/chove/Desktop/mydag/mycallyplus/中间结果/main/时间分析/produce5/main.c:54 printf
[skip] /home/chove/Desktop/mydag/mycallyplus/中间结果/main/时间分析/produce5/main.c:53 已有 TA 标记，跳过
[skip] /home/chove/Desktop/mydag/mycallyplus/中间结果/main/时间分析/produce5/main.c:52 已有 TA 标记，跳过
[ok] /home/chove/Desktop/mydag/mycallyplus/中间结果/main/时间分析/produce5/main.c:51 free
[skip] /home/chove/Desktop/mydag/mycallyplus/中间结果/main/时间分析/produce5/main.c:50 已有 TA 标记，跳过
[skip] /home/chove/Desktop/mydag/mycallyplus/中间结果/main/时间分析/produce5/main.c:49 已有 TA 标记，跳过
[ok] /home/chove/Desktop/mydag/mycallyplus/中间结果/main/时间分析/produce5/main.c:48 printf
[skip] /home/chove/Desktop/mydag/mycallyplus/中间结果/main/时间分析/produce5/main.c:47 已有 TA 标记，跳过
[ok] /home/chove/Desktop/mydag/mycallyplus/中间结果/main/时间分析/produce5/main.c:44 free
[skip] /home/chove/Desktop/mydag/mycallyplus/中间结果/main/时间分析/produce5/main.c:43 已有 TA 标记，跳过
[skip] /home/chove/Desktop/mydag/mycallyplus/中间结果/main/时间分析/produce5/main.c:42 已有 TA 标记，跳过
[skip] /home/chove/Desktop/mydag/mycallyplus/中间结果/main/时间分析/produce5/main.c:42 已有 TA 标记，跳过
[ok] /home/chove/Desktop/mydag/mycallyplus/中间结果/main/时间分析/produce5/main.c:37 fprintf
[skip] /home/chove/Desktop/mydag/mycallyplus/中间结果/main/时间分析/produce5/main.c:36 已有 TA 标记，跳过
[skip] /home/chove/Desktop/mydag/mycallyplus/中间结果/main/时间分析/produce5/main.c:36 已有 TA 标记，跳过
[ok] /home/chove/Desktop/mydag/mycallyplus/中间结果/main/时间分析/produce5/main.c:33 minver
[ok] /home/chove/Desktop/mydag/mycallyplus/中间结果/main/时间分析/produce5/main.c:24 printf
[skip] /home/chove/Desktop/mydag/mycallyplus/中间结果/main/时间分析/produce5/main.c:23 已有 TA 标记，跳过
[ok] /home/chove/Desktop/mydag/mycallyplus/中间结果/main/时间分析/produce5/main.c:19 printf
[skip] /home/chove/Desktop/mydag/mycallyplus/中间结果/main/时间分析/produce5/main.c:18 已有 TA 标记，跳过
[ok] /home/chove/Desktop/mydag/mycallyplus/中间结果/main/时间分析/produce5/main.c:10 printf
[build] gcc -O2 -std=c11 -pthread -I. -Iinclude -o app /home/chove/Desktop/mydag/mycallyplus/中间结果/main/时间分析/produce5/main.c /home/chove/Desktop/mydag/mycallyplus/中间结果/main/时间分析/produce5/src/cover.c /home/chove/Desktop/mydag/mycallyplus/中间结果/main/时间分析/produce5/src/deg2rad.c /home/chove/Desktop/mydag/mycallyplus/中间结果/main/时间分析/produce5/src/duff.c /home/chove/Desktop/mydag/mycallyplus/中间结果/main/时间分析/produce5/src/insertsort.c /home/chove/Desktop/mydag/mycallyplus/中间结果/main/时间分析/produce5/src/ludcmp.c /home/chove/Desktop/mydag/mycallyplus/中间结果/main/时间分析/produce5/src/minver.c /home/chove/Desktop/mydag/mycallyplus/中间结果/main/时间分析/produce5/src/ndes.c /home/chove/Desktop/mydag/mycallyplus/中间结果/main/时间分析/produce5/src/prime.c /home/chove/Desktop/mydag/mycallyplus/中间结果/main/时间分析/produce5/src/rad2deg.c /home/chove/Desktop/mydag/mycallyplus/中间结果/main/时间分析/produce5/time_stat.c -lm -ldl
[run] exit=0
[stdout]
while循环测试
while循环测试
while循环测试
do-while循环测试
for循环测试
for循环测试
for循环测试
for循环测试
for循环测试
switch:2测试
task1结束
task2结束
task3结束
task5结束
task6结束
task9结束
task8结束
task7结束
task4结束
主线程已完成

[warn] /home/chove/Desktop/mydag/mycallyplus/中间结果/main/时间分析/produce5/main.c:119 复杂语句（if/赋值/?:），跳过 malloc
[warn] /home/chove/Desktop/mydag/mycallyplus/中间结果/main/时间分析/produce5/main.c:29 复杂语句（if/赋值/?:），跳过 malloc
[warn] /home/chove/Desktop/mydag/mycallyplus/中间结果/main/时间分析/produce5/main.c:28 复杂语句（if/赋值/?:），跳过 malloc