=== baseline run (rc=0) ===

[stderr]
PROGRAM_TOTAL_NS=130772515780

[warn] failed to parse internal time; fallback wall_s=130.775033

=== prio run (rc=0) ===

[stderr]
PROGRAM_TOTAL_NS=96299573148

[warn] failed to parse internal time; fallback wall_s=96.302643

=== baseline run (rc=0) ===

[stderr]
PROGRAM_TOTAL_NS=130582690128

[warn] failed to parse internal time; fallback wall_s=130.586061

=== prio run (rc=0) ===

[stderr]
PROGRAM_TOTAL_NS=96394739895

[warn] failed to parse internal time; fallback wall_s=96.398060

=== baseline run (rc=0) ===

[stderr]
PROGRAM_TOTAL_NS=131314853153

[warn] failed to parse internal time; fallback wall_s=131.318144

=== prio run (rc=0) ===

[stderr]
PROGRAM_TOTAL_NS=96213619650

[warn] failed to parse internal time; fallback wall_s=96.217140

=== baseline run (rc=0) ===

[stderr]
PROGRAM_TOTAL_NS=130899964919

[warn] failed to parse internal time; fallback wall_s=130.904299

=== prio run (rc=0) ===

[stderr]
PROGRAM_TOTAL_NS=96345871181

[warn] failed to parse internal time; fallback wall_s=96.350665

=== baseline run (rc=0) ===

[stderr]
PROGRAM_TOTAL_NS=115478121966

[warn] failed to parse internal time; fallback wall_s=115.481259

=== prio run (rc=0) ===

[stderr]
PROGRAM_TOTAL_NS=96117995028

[warn] failed to parse internal time; fallback wall_s=96.121523

=== baseline run (rc=0) ===

[stderr]
PROGRAM_TOTAL_NS=130365002534

[warn] failed to parse internal time; fallback wall_s=130.367897

=== prio run (rc=0) ===

[stderr]
PROGRAM_TOTAL_NS=96401821293

[warn] failed to parse internal time; fallback wall_s=96.404773

=== baseline run (rc=0) ===

[stderr]
PROGRAM_TOTAL_NS=131508116884

[warn] failed to parse internal time; fallback wall_s=131.512184

=== prio run (rc=0) ===

[stderr]
PROGRAM_TOTAL_NS=96114703824

[warn] failed to parse internal time; fallback wall_s=96.117777

=== baseline run (rc=0) ===

[stderr]
PROGRAM_TOTAL_NS=120724837586

[warn] failed to parse internal time; fallback wall_s=120.727932

=== prio run (rc=0) ===

[stderr]
PROGRAM_TOTAL_NS=96399365423

[warn] failed to parse internal time; fallback wall_s=96.402288

=== baseline run (rc=0) ===

[stderr]
PROGRAM_TOTAL_NS=122760320903

[warn] failed to parse internal time; fallback wall_s=122.763800

=== prio run (rc=0) ===

[stderr]
PROGRAM_TOTAL_NS=96398488489

[warn] failed to parse internal time; fallback wall_s=96.401542

=== baseline run (rc=0) ===

[stderr]
PROGRAM_TOTAL_NS=127869039806

[warn] failed to parse internal time; fallback wall_s=127.873417

=== prio run (rc=0) ===

[stderr]
PROGRAM_TOTAL_NS=96123128062

[warn] failed to parse internal time; fallback wall_s=96.126100

=== baseline run (rc=0) ===

[stderr]
PROGRAM_TOTAL_NS=126330525421

[warn] failed to parse internal time; fallback wall_s=126.333978

=== prio run (rc=0) ===

[stderr]
PROGRAM_TOTAL_NS=96364182428

[warn] failed to parse internal time; fallback wall_s=96.368197

=== baseline run (rc=0) ===

[stderr]
PROGRAM_TOTAL_NS=131160122017

[warn] failed to parse internal time; fallback wall_s=131.163343

=== prio run (rc=0) ===

[stderr]
PROGRAM_TOTAL_NS=96444538629

[warn] failed to parse internal time; fallback wall_s=96.447355

=== baseline run (rc=0) ===

[stderr]
PROGRAM_TOTAL_NS=126819807119

[warn] failed to parse internal time; fallback wall_s=126.822679

=== prio run (rc=0) ===

[stderr]
PROGRAM_TOTAL_NS=96418497887

[warn] failed to parse internal time; fallback wall_s=96.471746

=== baseline run (rc=0) ===

[stderr]
PROGRAM_TOTAL_NS=130589085979

[warn] failed to parse internal time; fallback wall_s=130.592266

=== prio run (rc=0) ===

[stderr]
PROGRAM_TOTAL_NS=96124022913

[warn] failed to parse internal time; fallback wall_s=96.127015

=== baseline run (rc=0) ===

[stderr]
PROGRAM_TOTAL_NS=123561923516

[warn] failed to parse internal time; fallback wall_s=123.565060

=== prio run (rc=0) ===

[stderr]
PROGRAM_TOTAL_NS=96327973746

[warn] failed to parse internal time; fallback wall_s=96.331639

=== baseline run (rc=0) ===

[stderr]
PROGRAM_TOTAL_NS=114878880817

[warn] failed to parse internal time; fallback wall_s=114.881734

=== prio run (rc=0) ===

[stderr]
PROGRAM_TOTAL_NS=96393313321

[warn] failed to parse internal time; fallback wall_s=96.396841

=== baseline run (rc=0) ===

[stderr]
PROGRAM_TOTAL_NS=127766052814

[warn] failed to parse internal time; fallback wall_s=127.768772

=== prio run (rc=0) ===

[stderr]
PROGRAM_TOTAL_NS=96233121294

[warn] failed to parse internal time; fallback wall_s=96.236189

=== baseline run (rc=0) ===

[stderr]
PROGRAM_TOTAL_NS=123753536819

[warn] failed to parse internal time; fallback wall_s=123.756647

=== prio run (rc=0) ===

[stderr]
PROGRAM_TOTAL_NS=96057406892

[warn] failed to parse internal time; fallback wall_s=96.060486

=== baseline run (rc=0) ===

[stderr]
PROGRAM_TOTAL_NS=114794396310

[warn] failed to parse internal time; fallback wall_s=114.797487

=== prio run (rc=0) ===

[stderr]
PROGRAM_TOTAL_NS=96141390698

[warn] failed to parse internal time; fallback wall_s=96.144504

=== baseline run (rc=0) ===

[stderr]
PROGRAM_TOTAL_NS=115311449780

[warn] failed to parse internal time; fallback wall_s=115.314749

=== prio run (rc=0) ===

[stderr]
PROGRAM_TOTAL_NS=96268606098

[warn] failed to parse internal time; fallback wall_s=96.272100

=== baseline run (rc=0) ===

[stderr]
PROGRAM_TOTAL_NS=131462793606

[warn] failed to parse internal time; fallback wall_s=131.466450

=== prio run (rc=0) ===

[stderr]
PROGRAM_TOTAL_NS=96184656551

[warn] failed to parse internal time; fallback wall_s=96.187522

=== baseline run (rc=0) ===

[stderr]
PROGRAM_TOTAL_NS=127239450400

[warn] failed to parse internal time; fallback wall_s=127.242187

=== prio run (rc=0) ===

[stderr]
PROGRAM_TOTAL_NS=96257806416

[warn] failed to parse internal time; fallback wall_s=96.261304

=== baseline run (rc=0) ===

[stderr]
PROGRAM_TOTAL_NS=130076862143

[warn] failed to parse internal time; fallback wall_s=130.079929

=== prio run (rc=0) ===

[stderr]
PROGRAM_TOTAL_NS=95940216890

[warn] failed to parse internal time; fallback wall_s=95.943361

=== baseline run (rc=0) ===

[stderr]
PROGRAM_TOTAL_NS=131316954798

[warn] failed to parse internal time; fallback wall_s=131.319785

=== prio run (rc=0) ===

[stderr]
PROGRAM_TOTAL_NS=96385036484

[warn] failed to parse internal time; fallback wall_s=96.387991

=== baseline run (rc=0) ===

[stderr]
PROGRAM_TOTAL_NS=130872530054

[warn] failed to parse internal time; fallback wall_s=130.875369

=== prio run (rc=0) ===

[stderr]
PROGRAM_TOTAL_NS=96204223041

[warn] failed to parse internal time; fallback wall_s=96.207749

=== baseline run (rc=0) ===

[stderr]
PROGRAM_TOTAL_NS=131488676532

[warn] failed to parse internal time; fallback wall_s=131.491543

=== prio run (rc=0) ===

[stderr]
PROGRAM_TOTAL_NS=96333650027

[warn] failed to parse internal time; fallback wall_s=96.336524

=== baseline run (rc=0) ===

[stderr]
PROGRAM_TOTAL_NS=129964158139

[warn] failed to parse internal time; fallback wall_s=129.967050

=== prio run (rc=0) ===

[stderr]
PROGRAM_TOTAL_NS=96285865010

[warn] failed to parse internal time; fallback wall_s=96.289457

=== baseline run (rc=0) ===

[stderr]
PROGRAM_TOTAL_NS=130028214319

[warn] failed to parse internal time; fallback wall_s=130.033170

=== prio run (rc=0) ===

[stderr]
PROGRAM_TOTAL_NS=96264909105

[warn] failed to parse internal time; fallback wall_s=96.268706

=== baseline run (rc=0) ===

[stderr]
PROGRAM_TOTAL_NS=129058622969

[warn] failed to parse internal time; fallback wall_s=129.061408

=== prio run (rc=0) ===

[stderr]
PROGRAM_TOTAL_NS=96248304196

[warn] failed to parse internal time; fallback wall_s=96.251270

=== baseline run (rc=0) ===

[stderr]
PROGRAM_TOTAL_NS=122041761300

[warn] failed to parse internal time; fallback wall_s=122.044672

=== prio run (rc=0) ===

[stderr]
PROGRAM_TOTAL_NS=96181223703

[warn] failed to parse internal time; fallback wall_s=96.184055

=== baseline run (rc=0) ===

[stderr]
PROGRAM_TOTAL_NS=131799287579

[warn] failed to parse internal time; fallback wall_s=131.802168

=== prio run (rc=0) ===

[stderr]
PROGRAM_TOTAL_NS=96312179391

[warn] failed to parse internal time; fallback wall_s=96.315928

=== baseline run (rc=0) ===

[stderr]
PROGRAM_TOTAL_NS=131306954091

[warn] failed to parse internal time; fallback wall_s=131.309934

=== prio run (rc=0) ===

[stderr]
PROGRAM_TOTAL_NS=96195647723

[warn] failed to parse internal time; fallback wall_s=96.198554

=== baseline run (rc=0) ===

[stderr]
PROGRAM_TOTAL_NS=121958361393

[warn] failed to parse internal time; fallback wall_s=121.961368

=== prio run (rc=0) ===

[stderr]
PROGRAM_TOTAL_NS=96094078308

[warn] failed to parse internal time; fallback wall_s=96.097157

=== baseline run (rc=0) ===

[stderr]
PROGRAM_TOTAL_NS=130266622157

[warn] failed to parse internal time; fallback wall_s=130.269801

=== prio run (rc=0) ===

[stderr]
PROGRAM_TOTAL_NS=96156760922

[warn] failed to parse internal time; fallback wall_s=96.160368

=== baseline run (rc=0) ===

[stderr]
PROGRAM_TOTAL_NS=130667570213

[warn] failed to parse internal time; fallback wall_s=130.671443

=== prio run (rc=0) ===

[stderr]
PROGRAM_TOTAL_NS=96156418963

[warn] failed to parse internal time; fallback wall_s=96.159883

=== baseline run (rc=0) ===

[stderr]
PROGRAM_TOTAL_NS=124921047819

[warn] failed to parse internal time; fallback wall_s=124.926614

=== prio run (rc=0) ===

[stderr]
PROGRAM_TOTAL_NS=96050445761

[warn] failed to parse internal time; fallback wall_s=96.054317

=== baseline run (rc=0) ===

[stderr]
PROGRAM_TOTAL_NS=130875507153

[warn] failed to parse internal time; fallback wall_s=130.878443

=== prio run (rc=0) ===

[stderr]
PROGRAM_TOTAL_NS=96197683265

[warn] failed to parse internal time; fallback wall_s=96.200810

=== baseline run (rc=0) ===

[stderr]
PROGRAM_TOTAL_NS=124061635474

[warn] failed to parse internal time; fallback wall_s=124.064870

=== prio run (rc=0) ===

[stderr]
PROGRAM_TOTAL_NS=96259663797

[warn] failed to parse internal time; fallback wall_s=96.262759

=== baseline run (rc=0) ===

[stderr]
PROGRAM_TOTAL_NS=116998432873

[warn] failed to parse internal time; fallback wall_s=117.002187

=== prio run (rc=0) ===

[stderr]
PROGRAM_TOTAL_NS=96300994087

[warn] failed to parse internal time; fallback wall_s=96.304386

=== baseline run (rc=0) ===

[stderr]
PROGRAM_TOTAL_NS=126932406197

[warn] failed to parse internal time; fallback wall_s=126.935425

=== prio run (rc=0) ===

[stderr]
PROGRAM_TOTAL_NS=96577612883

[warn] failed to parse internal time; fallback wall_s=96.580432

=== baseline run (rc=0) ===

[stderr]
PROGRAM_TOTAL_NS=130636374966

[warn] failed to parse internal time; fallback wall_s=130.639229

=== prio run (rc=0) ===

[stderr]
PROGRAM_TOTAL_NS=96373524212

[warn] failed to parse internal time; fallback wall_s=96.376317

=== baseline run (rc=0) ===

[stderr]
PROGRAM_TOTAL_NS=129641365451

[warn] failed to parse internal time; fallback wall_s=129.644272

=== prio run (rc=0) ===

[stderr]
PROGRAM_TOTAL_NS=96344785856

[warn] failed to parse internal time; fallback wall_s=96.347974

=== baseline run (rc=0) ===

[stderr]
PROGRAM_TOTAL_NS=128093053181

[warn] failed to parse internal time; fallback wall_s=128.096028

=== prio run (rc=0) ===

[stderr]
PROGRAM_TOTAL_NS=96333708226

[warn] failed to parse internal time; fallback wall_s=96.336553

=== baseline run (rc=0) ===

[stderr]
PROGRAM_TOTAL_NS=113609166380

[warn] failed to parse internal time; fallback wall_s=113.612063

=== prio run (rc=0) ===

[stderr]
PROGRAM_TOTAL_NS=96397589033

[warn] failed to parse internal time; fallback wall_s=96.400873

=== baseline run (rc=0) ===

[stderr]
PROGRAM_TOTAL_NS=119458125143

[warn] failed to parse internal time; fallback wall_s=119.461834

=== prio run (rc=0) ===

[stderr]
PROGRAM_TOTAL_NS=95984336874

[warn] failed to parse internal time; fallback wall_s=95.987378

=== baseline run (rc=0) ===

[stderr]
PROGRAM_TOTAL_NS=114359481756

[warn] failed to parse internal time; fallback wall_s=114.362382

=== prio run (rc=0) ===

[stderr]
PROGRAM_TOTAL_NS=96254012648

[warn] failed to parse internal time; fallback wall_s=96.256816

=== baseline run (rc=0) ===

[stderr]
PROGRAM_TOTAL_NS=124186181076

[warn] failed to parse internal time; fallback wall_s=124.189426

=== prio run (rc=0) ===

[stderr]
PROGRAM_TOTAL_NS=96275790181

[warn] failed to parse internal time; fallback wall_s=96.278580

=== baseline run (rc=0) ===

[stderr]
PROGRAM_TOTAL_NS=130354799580

[warn] failed to parse internal time; fallback wall_s=130.357931

=== prio run (rc=0) ===

[stderr]
PROGRAM_TOTAL_NS=97714517932

[warn] failed to parse internal time; fallback wall_s=97.717733

=== baseline run (rc=0) ===

[stderr]
PROGRAM_TOTAL_NS=128169477860

[warn] failed to parse internal time; fallback wall_s=128.172848

=== prio run (rc=0) ===

[stderr]
PROGRAM_TOTAL_NS=96328580288

[warn] failed to parse internal time; fallback wall_s=96.331421

=== baseline run (rc=0) ===

[stderr]
PROGRAM_TOTAL_NS=129630924321

[warn] failed to parse internal time; fallback wall_s=129.634039

=== prio run (rc=0) ===

[stderr]
PROGRAM_TOTAL_NS=95921337776

[warn] failed to parse internal time; fallback wall_s=95.924751

