=== baseline run (rc=0) ===

[stderr]
PROGRAM_TOTAL_NS=6296083128

[warn] failed to parse internal time; fallback wall_s=6.305926

=== prio run (rc=0) ===

[stderr]
PROGRAM_TOTAL_NS=4435279960

[warn] failed to parse internal time; fallback wall_s=4.442380

=== baseline run (rc=0) ===

[stderr]
PROGRAM_TOTAL_NS=6322900878

[warn] failed to parse internal time; fallback wall_s=6.330038

=== prio run (rc=0) ===

[stderr]
PROGRAM_TOTAL_NS=4329952669

[warn] failed to parse internal time; fallback wall_s=4.336318

=== baseline run (rc=0) ===

[stderr]
PROGRAM_TOTAL_NS=6237517712

[warn] failed to parse internal time; fallback wall_s=6.243705

=== prio run (rc=0) ===

[stderr]
PROGRAM_TOTAL_NS=4424731085

[warn] failed to parse internal time; fallback wall_s=4.431215

=== baseline run (rc=0) ===

[stderr]
PROGRAM_TOTAL_NS=6232386712

[warn] failed to parse internal time; fallback wall_s=6.238672

=== prio run (rc=0) ===

[stderr]
PROGRAM_TOTAL_NS=4316409127

[warn] failed to parse internal time; fallback wall_s=4.322718

=== baseline run (rc=0) ===

[stderr]
PROGRAM_TOTAL_NS=6245533294

[warn] failed to parse internal time; fallback wall_s=6.251711

=== prio run (rc=0) ===

[stderr]
PROGRAM_TOTAL_NS=4517775002

[warn] failed to parse internal time; fallback wall_s=4.523977

=== baseline run (rc=0) ===

[stderr]
PROGRAM_TOTAL_NS=6261624544

[warn] failed to parse internal time; fallback wall_s=6.267861

=== prio run (rc=0) ===

[stderr]
PROGRAM_TOTAL_NS=4779970210

[warn] failed to parse internal time; fallback wall_s=4.786211

=== baseline run (rc=0) ===

[stderr]
PROGRAM_TOTAL_NS=6272695336

[warn] failed to parse internal time; fallback wall_s=6.278893

=== prio run (rc=0) ===

[stderr]
PROGRAM_TOTAL_NS=4599212919

[warn] failed to parse internal time; fallback wall_s=4.605403

=== baseline run (rc=0) ===

[stderr]
PROGRAM_TOTAL_NS=6290692003

[warn] failed to parse internal time; fallback wall_s=6.297212

=== prio run (rc=0) ===

[stderr]
PROGRAM_TOTAL_NS=4503039211

[warn] failed to parse internal time; fallback wall_s=4.509371

=== baseline run (rc=0) ===

[stderr]
PROGRAM_TOTAL_NS=6328252587

[warn] failed to parse internal time; fallback wall_s=6.335785

=== prio run (rc=0) ===

[stderr]
PROGRAM_TOTAL_NS=4367010085

[warn] failed to parse internal time; fallback wall_s=4.373242

=== baseline run (rc=0) ===

[stderr]
PROGRAM_TOTAL_NS=6255591128

[warn] failed to parse internal time; fallback wall_s=6.261951

=== prio run (rc=0) ===

[stderr]
PROGRAM_TOTAL_NS=4315775043

[warn] failed to parse internal time; fallback wall_s=4.322031

=== baseline run (rc=0) ===

[stderr]
PROGRAM_TOTAL_NS=6329469961

[warn] failed to parse internal time; fallback wall_s=6.335654

=== prio run (rc=0) ===

[stderr]
PROGRAM_TOTAL_NS=4315682293

[warn] failed to parse internal time; fallback wall_s=4.322021

=== baseline run (rc=0) ===

[stderr]
PROGRAM_TOTAL_NS=6208141336

[warn] failed to parse internal time; fallback wall_s=6.214354

=== prio run (rc=0) ===

[stderr]
PROGRAM_TOTAL_NS=4316783044

[warn] failed to parse internal time; fallback wall_s=4.322968

=== baseline run (rc=0) ===

[stderr]
PROGRAM_TOTAL_NS=6227107795

[warn] failed to parse internal time; fallback wall_s=6.233540

=== prio run (rc=0) ===

[stderr]
PROGRAM_TOTAL_NS=4802220252

[warn] failed to parse internal time; fallback wall_s=4.808957

=== baseline run (rc=0) ===

[stderr]
PROGRAM_TOTAL_NS=6296035295

[warn] failed to parse internal time; fallback wall_s=6.304234

=== prio run (rc=0) ===

[stderr]
PROGRAM_TOTAL_NS=4730322460

[warn] failed to parse internal time; fallback wall_s=4.736839

=== baseline run (rc=0) ===

[stderr]
PROGRAM_TOTAL_NS=6308657545

[warn] failed to parse internal time; fallback wall_s=6.316052

=== prio run (rc=0) ===

[stderr]
PROGRAM_TOTAL_NS=4316047460

[warn] failed to parse internal time; fallback wall_s=4.322487

=== baseline run (rc=0) ===

[stderr]
PROGRAM_TOTAL_NS=6301279920

[warn] failed to parse internal time; fallback wall_s=6.307522

=== prio run (rc=0) ===

[stderr]
PROGRAM_TOTAL_NS=4316815711

[warn] failed to parse internal time; fallback wall_s=4.323138

=== baseline run (rc=0) ===

[stderr]
PROGRAM_TOTAL_NS=6275593462

[warn] failed to parse internal time; fallback wall_s=6.281928

=== prio run (rc=0) ===

[stderr]
PROGRAM_TOTAL_NS=4316863836

[warn] failed to parse internal time; fallback wall_s=4.323101

=== baseline run (rc=0) ===

[stderr]
PROGRAM_TOTAL_NS=6225294836

[warn] failed to parse internal time; fallback wall_s=6.231669

=== prio run (rc=0) ===

[stderr]
PROGRAM_TOTAL_NS=4541292002

[warn] failed to parse internal time; fallback wall_s=4.547749

=== baseline run (rc=0) ===

[stderr]
PROGRAM_TOTAL_NS=6305557711

[warn] failed to parse internal time; fallback wall_s=6.313034

=== prio run (rc=0) ===

[stderr]
PROGRAM_TOTAL_NS=4316586168

[warn] failed to parse internal time; fallback wall_s=4.322903

=== baseline run (rc=0) ===

[stderr]
PROGRAM_TOTAL_NS=6313257711

[warn] failed to parse internal time; fallback wall_s=6.319480

=== prio run (rc=0) ===

[stderr]
PROGRAM_TOTAL_NS=4493675877

[warn] failed to parse internal time; fallback wall_s=4.500025

=== baseline run (rc=0) ===

[stderr]
PROGRAM_TOTAL_NS=6295306212

[warn] failed to parse internal time; fallback wall_s=6.301617

=== prio run (rc=0) ===

[stderr]
PROGRAM_TOTAL_NS=4316928585

[warn] failed to parse internal time; fallback wall_s=4.323373

=== baseline run (rc=0) ===

[stderr]
PROGRAM_TOTAL_NS=6291256128

[warn] failed to parse internal time; fallback wall_s=6.298789

=== prio run (rc=0) ===

[stderr]
PROGRAM_TOTAL_NS=4317054293

[warn] failed to parse internal time; fallback wall_s=4.323426

=== baseline run (rc=0) ===

[stderr]
PROGRAM_TOTAL_NS=6257428628

[warn] failed to parse internal time; fallback wall_s=6.263575

=== prio run (rc=0) ===

[stderr]
PROGRAM_TOTAL_NS=4317593585

[warn] failed to parse internal time; fallback wall_s=4.323850

=== baseline run (rc=0) ===

[stderr]
PROGRAM_TOTAL_NS=6279982295

[warn] failed to parse internal time; fallback wall_s=6.286264

=== prio run (rc=0) ===

[stderr]
PROGRAM_TOTAL_NS=4576736586

[warn] failed to parse internal time; fallback wall_s=4.583046

=== baseline run (rc=0) ===

[stderr]
PROGRAM_TOTAL_NS=6296509128

[warn] failed to parse internal time; fallback wall_s=6.303989

=== prio run (rc=0) ===

[stderr]
PROGRAM_TOTAL_NS=4317628293

[warn] failed to parse internal time; fallback wall_s=4.323925

=== baseline run (rc=0) ===

[stderr]
PROGRAM_TOTAL_NS=6303967545

[warn] failed to parse internal time; fallback wall_s=6.310174

=== prio run (rc=0) ===

[stderr]
PROGRAM_TOTAL_NS=4367202877

[warn] failed to parse internal time; fallback wall_s=4.373516

=== baseline run (rc=0) ===

[stderr]
PROGRAM_TOTAL_NS=6256761878

[warn] failed to parse internal time; fallback wall_s=6.262938

=== prio run (rc=0) ===

[stderr]
PROGRAM_TOTAL_NS=4498898085

[warn] failed to parse internal time; fallback wall_s=4.505193

=== baseline run (rc=0) ===

[stderr]
PROGRAM_TOTAL_NS=6169791253

[warn] failed to parse internal time; fallback wall_s=6.175989

=== prio run (rc=0) ===

[stderr]
PROGRAM_TOTAL_NS=4367164086

[warn] failed to parse internal time; fallback wall_s=4.373911

=== baseline run (rc=0) ===

[stderr]
PROGRAM_TOTAL_NS=6355061920

[warn] failed to parse internal time; fallback wall_s=6.366745

=== prio run (rc=0) ===

[stderr]
PROGRAM_TOTAL_NS=4656320918

[warn] failed to parse internal time; fallback wall_s=4.662620

=== baseline run (rc=0) ===

[stderr]
PROGRAM_TOTAL_NS=6286016336

[warn] failed to parse internal time; fallback wall_s=6.292396

=== prio run (rc=0) ===

[stderr]
PROGRAM_TOTAL_NS=4367271419

[warn] failed to parse internal time; fallback wall_s=4.373948

=== baseline run (rc=0) ===

[stderr]
PROGRAM_TOTAL_NS=6283351961

[warn] failed to parse internal time; fallback wall_s=6.290343

=== prio run (rc=0) ===

[stderr]
PROGRAM_TOTAL_NS=4316784210

[warn] failed to parse internal time; fallback wall_s=4.323142

=== baseline run (rc=0) ===

[stderr]
PROGRAM_TOTAL_NS=6338596253

[warn] failed to parse internal time; fallback wall_s=6.345013

=== prio run (rc=0) ===

[stderr]
PROGRAM_TOTAL_NS=4367328002

[warn] failed to parse internal time; fallback wall_s=4.373501

=== baseline run (rc=0) ===

[stderr]
PROGRAM_TOTAL_NS=6287609420

[warn] failed to parse internal time; fallback wall_s=6.294112

=== prio run (rc=0) ===

[stderr]
PROGRAM_TOTAL_NS=4491872627

[warn] failed to parse internal time; fallback wall_s=4.499420

=== baseline run (rc=0) ===

[stderr]
PROGRAM_TOTAL_NS=6340456378

[warn] failed to parse internal time; fallback wall_s=6.355277

=== prio run (rc=0) ===

[stderr]
PROGRAM_TOTAL_NS=4317231044

[warn] failed to parse internal time; fallback wall_s=4.323678

=== baseline run (rc=0) ===

[stderr]
PROGRAM_TOTAL_NS=6299318086

[warn] failed to parse internal time; fallback wall_s=6.305822

=== prio run (rc=0) ===

[stderr]
PROGRAM_TOTAL_NS=4504108961

[warn] failed to parse internal time; fallback wall_s=4.510801

=== baseline run (rc=0) ===

[stderr]
PROGRAM_TOTAL_NS=6301438920

[warn] failed to parse internal time; fallback wall_s=6.310323

=== prio run (rc=0) ===

[stderr]
PROGRAM_TOTAL_NS=4316216336

[warn] failed to parse internal time; fallback wall_s=4.322419

=== baseline run (rc=0) ===

[stderr]
PROGRAM_TOTAL_NS=6266795211

[warn] failed to parse internal time; fallback wall_s=6.274337

=== prio run (rc=0) ===

[stderr]
PROGRAM_TOTAL_NS=4512653002

[warn] failed to parse internal time; fallback wall_s=4.519414

=== baseline run (rc=0) ===

[stderr]
PROGRAM_TOTAL_NS=6399266336

[warn] failed to parse internal time; fallback wall_s=6.409041

=== prio run (rc=0) ===

[stderr]
PROGRAM_TOTAL_NS=4344803752

[warn] failed to parse internal time; fallback wall_s=4.351098

=== baseline run (rc=0) ===

[stderr]
PROGRAM_TOTAL_NS=6231627211

[warn] failed to parse internal time; fallback wall_s=6.238080

=== prio run (rc=0) ===

[stderr]
PROGRAM_TOTAL_NS=4497815086

[warn] failed to parse internal time; fallback wall_s=4.504843

=== baseline run (rc=0) ===

[stderr]
PROGRAM_TOTAL_NS=6270471378

[warn] failed to parse internal time; fallback wall_s=6.276842

=== prio run (rc=0) ===

[stderr]
PROGRAM_TOTAL_NS=4330720919

[warn] failed to parse internal time; fallback wall_s=4.337164

=== baseline run (rc=0) ===

[stderr]
PROGRAM_TOTAL_NS=6252878045

[warn] failed to parse internal time; fallback wall_s=6.259224

=== prio run (rc=0) ===

[stderr]
PROGRAM_TOTAL_NS=4317560044

[warn] failed to parse internal time; fallback wall_s=4.323811

=== baseline run (rc=0) ===

[stderr]
PROGRAM_TOTAL_NS=6271935836

[warn] failed to parse internal time; fallback wall_s=6.278386

=== prio run (rc=0) ===

[stderr]
PROGRAM_TOTAL_NS=4316827377

[warn] failed to parse internal time; fallback wall_s=4.323162

=== baseline run (rc=0) ===

[stderr]
PROGRAM_TOTAL_NS=6287666586

[warn] failed to parse internal time; fallback wall_s=6.293908

=== prio run (rc=0) ===

[stderr]
PROGRAM_TOTAL_NS=4326753961

[warn] failed to parse internal time; fallback wall_s=4.333060

=== baseline run (rc=0) ===

[stderr]
PROGRAM_TOTAL_NS=6288314670

[warn] failed to parse internal time; fallback wall_s=6.295936

=== prio run (rc=0) ===

[stderr]
PROGRAM_TOTAL_NS=4343745878

[warn] failed to parse internal time; fallback wall_s=4.350175

=== baseline run (rc=0) ===

[stderr]
PROGRAM_TOTAL_NS=6257181003

[warn] failed to parse internal time; fallback wall_s=6.263493

=== prio run (rc=0) ===

[stderr]
PROGRAM_TOTAL_NS=4316533085

[warn] failed to parse internal time; fallback wall_s=4.322997

=== baseline run (rc=0) ===

[stderr]
PROGRAM_TOTAL_NS=6270855003

[warn] failed to parse internal time; fallback wall_s=6.277597

=== prio run (rc=0) ===

[stderr]
PROGRAM_TOTAL_NS=4317506669

[warn] failed to parse internal time; fallback wall_s=4.323927

=== baseline run (rc=0) ===

[stderr]
PROGRAM_TOTAL_NS=6294438794

[warn] failed to parse internal time; fallback wall_s=6.301568

=== prio run (rc=0) ===

[stderr]
PROGRAM_TOTAL_NS=5019807586

[warn] failed to parse internal time; fallback wall_s=5.026097

=== baseline run (rc=0) ===

[stderr]
PROGRAM_TOTAL_NS=6151940378

[warn] failed to parse internal time; fallback wall_s=6.158487

=== prio run (rc=0) ===

[stderr]
PROGRAM_TOTAL_NS=4444901793

[warn] failed to parse internal time; fallback wall_s=4.451948

=== baseline run (rc=0) ===

[stderr]
PROGRAM_TOTAL_NS=6283373544

[warn] failed to parse internal time; fallback wall_s=6.289916

=== prio run (rc=0) ===

[stderr]
PROGRAM_TOTAL_NS=4616389878

[warn] failed to parse internal time; fallback wall_s=4.623537

=== baseline run (rc=0) ===

[stderr]
PROGRAM_TOTAL_NS=6277777336

[warn] failed to parse internal time; fallback wall_s=6.284208

=== prio run (rc=0) ===

[stderr]
PROGRAM_TOTAL_NS=4512353752

[warn] failed to parse internal time; fallback wall_s=4.518431

