[copy] /home/chove/Desktop/mydag/mycallyplus/源文件/main1 -> /home/chove/Desktop/mydag/mycallyplus/中间结果/main1/时间分析/main1
[runtime] 写入 time_stat.c/h
[include] /home/chove/Desktop/mydag/mycallyplus/中间结果/main1/时间分析/main1/main1.c 插入 time_stat.h
[ok] /home/chove/Desktop/mydag/mycallyplus/中间结果/main1/时间分析/main1/main1.c:131 printf
[ok] /home/chove/Desktop/mydag/mycallyplus/中间结果/main1/时间分析/main1/main1.c:130 free
[ok] /home/chove/Desktop/mydag/mycallyplus/中间结果/main1/时间分析/main1/main1.c:126 free
[ok] /home/chove/Desktop/mydag/mycallyplus/中间结果/main1/时间分析/main1/main1.c:125 fprintf
[ok] /home/chove/Desktop/mydag/mycallyplus/中间结果/main1/时间分析/main1/main1.c:124 pthread_join (cond-expr)
[ok] /home/chove/Desktop/mydag/mycallyplus/中间结果/main1/时间分析/main1/main1.c:120 free
[ok] /home/chove/Desktop/mydag/mycallyplus/中间结果/main1/时间分析/main1/main1.c:119 fprintf
[ok] /home/chove/Desktop/mydag/mycallyplus/中间结果/main1/时间分析/main1/main1.c:118 pthread_create (cond-expr)
[ok] /home/chove/Desktop/mydag/mycallyplus/中间结果/main1/时间分析/main1/main1.c:112 fprintf
[ok] /home/chove/Desktop/mydag/mycallyplus/中间结果/main1/时间分析/main1/main1.c:110 malloc
[ok] /home/chove/Desktop/mydag/mycallyplus/中间结果/main1/时间分析/main1/main1.c:103 printf
[ok] /home/chove/Desktop/mydag/mycallyplus/中间结果/main1/时间分析/main1/main1.c:100 printf
[ok] /home/chove/Desktop/mydag/mycallyplus/中间结果/main1/时间分析/main1/main1.c:97 printf
[ok] /home/chove/Desktop/mydag/mycallyplus/中间结果/main1/时间分析/main1/main1.c:91 printf
[ok] /home/chove/Desktop/mydag/mycallyplus/中间结果/main1/时间分析/main1/main1.c:86 printf
[ok] /home/chove/Desktop/mydag/mycallyplus/中间结果/main1/时间分析/main1/main1.c:81 printf
[ok] /home/chove/Desktop/mydag/mycallyplus/中间结果/main1/时间分析/main1/main1.c:73 printf
[ok] /home/chove/Desktop/mydag/mycallyplus/中间结果/main1/时间分析/main1/main1.c:72 insertsort
[ok] /home/chove/Desktop/mydag/mycallyplus/中间结果/main1/时间分析/main1/main1.c:71 free
[ok] /home/chove/Desktop/mydag/mycallyplus/中间结果/main1/时间分析/main1/main1.c:70 pthread_join
[ok] /home/chove/Desktop/mydag/mycallyplus/中间结果/main1/时间分析/main1/main1.c:69 printf
[ok] /home/chove/Desktop/mydag/mycallyplus/中间结果/main1/时间分析/main1/main1.c:68 duff
[ok] /home/chove/Desktop/mydag/mycallyplus/中间结果/main1/时间分析/main1/main1.c:67 printf
[ok] /home/chove/Desktop/mydag/mycallyplus/中间结果/main1/时间分析/main1/main1.c:66 cover
[ok] /home/chove/Desktop/mydag/mycallyplus/中间结果/main1/时间分析/main1/main1.c:62 free
[ok] /home/chove/Desktop/mydag/mycallyplus/中间结果/main1/时间分析/main1/main1.c:61 fprintf
[ok] /home/chove/Desktop/mydag/mycallyplus/中间结果/main1/时间分析/main1/main1.c:60 pthread_create (cond-expr)
[ok] /home/chove/Desktop/mydag/mycallyplus/中间结果/main1/时间分析/main1/main1.c:58 printf
[ok] /home/chove/Desktop/mydag/mycallyplus/中间结果/main1/时间分析/main1/main1.c:57 Deg2rad
[ok] /home/chove/Desktop/mydag/mycallyplus/中间结果/main1/时间分析/main1/main1.c:52 fprintf
[ok] /home/chove/Desktop/mydag/mycallyplus/中间结果/main1/时间分析/main1/main1.c:50 malloc
[ok] /home/chove/Desktop/mydag/mycallyplus/中间结果/main1/时间分析/main1/main1.c:45 printf
[ok] /home/chove/Desktop/mydag/mycallyplus/中间结果/main1/时间分析/main1/main1.c:44 ludcmp
[ok] /home/chove/Desktop/mydag/mycallyplus/中间结果/main1/时间分析/main1/main1.c:43 free
[ok] /home/chove/Desktop/mydag/mycallyplus/中间结果/main1/时间分析/main1/main1.c:42 free
[ok] /home/chove/Desktop/mydag/mycallyplus/中间结果/main1/时间分析/main1/main1.c:41 pthread_join
[ok] /home/chove/Desktop/mydag/mycallyplus/中间结果/main1/时间分析/main1/main1.c:40 pthread_join
[ok] /home/chove/Desktop/mydag/mycallyplus/中间结果/main1/时间分析/main1/main1.c:39 printf
[ok] /home/chove/Desktop/mydag/mycallyplus/中间结果/main1/时间分析/main1/main1.c:38 ndes
[ok] /home/chove/Desktop/mydag/mycallyplus/中间结果/main1/时间分析/main1/main1.c:35 free
[ok] /home/chove/Desktop/mydag/mycallyplus/中间结果/main1/时间分析/main1/main1.c:34 fprintf
[ok] /home/chove/Desktop/mydag/mycallyplus/中间结果/main1/时间分析/main1/main1.c:33 pthread_create (cond-expr)
[ok] /home/chove/Desktop/mydag/mycallyplus/中间结果/main1/时间分析/main1/main1.c:29 free
[ok] /home/chove/Desktop/mydag/mycallyplus/中间结果/main1/时间分析/main1/main1.c:28 fprintf
[ok] /home/chove/Desktop/mydag/mycallyplus/中间结果/main1/时间分析/main1/main1.c:27 pthread_create (cond-expr)
[ok] /home/chove/Desktop/mydag/mycallyplus/中间结果/main1/时间分析/main1/main1.c:25 printf
[ok] /home/chove/Desktop/mydag/mycallyplus/中间结果/main1/时间分析/main1/main1.c:24 minver
[ok] /home/chove/Desktop/mydag/mycallyplus/中间结果/main1/时间分析/main1/main1.c:20 malloc
[ok] /home/chove/Desktop/mydag/mycallyplus/中间结果/main1/时间分析/main1/main1.c:19 malloc
[ok] /home/chove/Desktop/mydag/mycallyplus/中间结果/main1/时间分析/main1/main1.c:15 printf
[ok] /home/chove/Desktop/mydag/mycallyplus/中间结果/main1/时间分析/main1/main1.c:14 prime
[ok] /home/chove/Desktop/mydag/mycallyplus/中间结果/main1/时间分析/main1/main1.c:10 printf
[ok] /home/chove/Desktop/mydag/mycallyplus/中间结果/main1/时间分析/main1/main1.c:9 rad2deg
[build] gcc -O2 -std=c11 -pthread -I. -Iinclude -o app /home/chove/Desktop/mydag/mycallyplus/中间结果/main1/时间分析/main1/main1.c /home/chove/Desktop/mydag/mycallyplus/中间结果/main1/时间分析/main1/src/cover.c /home/chove/Desktop/mydag/mycallyplus/中间结果/main1/时间分析/main1/src/deg2rad.c /home/chove/Desktop/mydag/mycallyplus/中间结果/main1/时间分析/main1/src/duff.c /home/chove/Desktop/mydag/mycallyplus/中间结果/main1/时间分析/main1/src/insertsort.c /home/chove/Desktop/mydag/mycallyplus/中间结果/main1/时间分析/main1/src/ludcmp.c /home/chove/Desktop/mydag/mycallyplus/中间结果/main1/时间分析/main1/src/minver.c /home/chove/Desktop/mydag/mycallyplus/中间结果/main1/时间分析/main1/src/ndes.c /home/chove/Desktop/mydag/mycallyplus/中间结果/main1/时间分析/main1/src/prime.c /home/chove/Desktop/mydag/mycallyplus/中间结果/main1/时间分析/main1/src/rad2deg.c /home/chove/Desktop/mydag/mycallyplus/中间结果/main1/时间分析/main1/time_stat.c -lm -ldl
[run] exit=0
[stdout]
task1结束
task2结束
task3结束
task5结束
task6结束
task8结束
task9结束
task7结束
task4结束
主线程已完成

[meta] 回写 /home/chove/Desktop/mydag/mycallyplus/中间结果/main1/生成dag图/debug/mycalls_meta_internal.json
[summary] 线程耗时汇总 -> /home/chove/Desktop/mydag/mycallyplus/中间结果/main1/生成dag图/debug/thread_time_summary.json
[update] 已回写统计到 /home/chove/Desktop/mydag/mycallyplus/中间结果/main1/生成dag图/debug/mycalls_meta_internal.json