=== baseline run (rc=0) ===

[stderr]
PROGRAM_TOTAL_NS=938025611

[warn] failed to parse internal time; fallback wall_s=0.940562

=== prio run (rc=0) ===

[stderr]
PROGRAM_TOTAL_NS=724688808

[warn] failed to parse internal time; fallback wall_s=0.728403

=== baseline run (rc=0) ===

[stderr]
PROGRAM_TOTAL_NS=997041085

[warn] failed to parse internal time; fallback wall_s=0.999943

=== prio run (rc=0) ===

[stderr]
PROGRAM_TOTAL_NS=754667769

[warn] failed to parse internal time; fallback wall_s=0.757645

=== baseline run (rc=0) ===

[stderr]
PROGRAM_TOTAL_NS=1055310130

[warn] failed to parse internal time; fallback wall_s=1.058521

=== prio run (rc=0) ===

[stderr]
PROGRAM_TOTAL_NS=773126566

[warn] failed to parse internal time; fallback wall_s=0.775916

=== baseline run (rc=0) ===

[stderr]
PROGRAM_TOTAL_NS=832766911

[warn] failed to parse internal time; fallback wall_s=0.835734

=== prio run (rc=0) ===

[stderr]
PROGRAM_TOTAL_NS=647882777

[warn] failed to parse internal time; fallback wall_s=0.650801

=== baseline run (rc=0) ===

[stderr]
PROGRAM_TOTAL_NS=909483256

[warn] failed to parse internal time; fallback wall_s=0.912307

=== prio run (rc=0) ===

[stderr]
PROGRAM_TOTAL_NS=701320449

[warn] failed to parse internal time; fallback wall_s=0.704153

