=== baseline run (rc=0) ===

[stderr]
PROGRAM_TOTAL_NS=2673880690

[warn] failed to parse internal time; fallback wall_s=2.676739

=== prio run (rc=0) ===

[stderr]
PROGRAM_TOTAL_NS=1888342560

[warn] failed to parse internal time; fallback wall_s=1.891386

=== baseline run (rc=0) ===

[stderr]
PROGRAM_TOTAL_NS=2818049349

[warn] failed to parse internal time; fallback wall_s=2.821146

=== prio run (rc=0) ===

[stderr]
PROGRAM_TOTAL_NS=1877091638

[warn] failed to parse internal time; fallback wall_s=1.879937

=== baseline run (rc=0) ===

[stderr]
PROGRAM_TOTAL_NS=2718467875

[warn] failed to parse internal time; fallback wall_s=2.721167

=== prio run (rc=0) ===

[stderr]
PROGRAM_TOTAL_NS=1852155934

[warn] failed to parse internal time; fallback wall_s=1.854974

=== baseline run (rc=0) ===

[stderr]
PROGRAM_TOTAL_NS=3148057567

[warn] failed to parse internal time; fallback wall_s=3.150877

=== prio run (rc=0) ===

[stderr]
PROGRAM_TOTAL_NS=1986402437

[warn] failed to parse internal time; fallback wall_s=1.989427

=== baseline run (rc=0) ===

[stderr]
PROGRAM_TOTAL_NS=2985562774

[warn] failed to parse internal time; fallback wall_s=2.988283

=== prio run (rc=0) ===

[stderr]
PROGRAM_TOTAL_NS=2256381254

[warn] failed to parse internal time; fallback wall_s=2.259221

