=== baseline run (rc=0) ===

[stderr]
PROGRAM_TOTAL_NS=85500481850

[warn] failed to parse internal time; fallback wall_s=85.503276

=== prio run (rc=0) ===

[stderr]
PROGRAM_TOTAL_NS=64253999119

[warn] failed to parse internal time; fallback wall_s=64.256836

=== baseline run (rc=0) ===

[stderr]
PROGRAM_TOTAL_NS=82548720156

[warn] failed to parse internal time; fallback wall_s=82.551540

=== prio run (rc=0) ===

[stderr]
PROGRAM_TOTAL_NS=65530365605

[warn] failed to parse internal time; fallback wall_s=65.533526

=== baseline run (rc=0) ===

[stderr]
PROGRAM_TOTAL_NS=86266180513

[warn] failed to parse internal time; fallback wall_s=86.269095

=== prio run (rc=0) ===

[stderr]
PROGRAM_TOTAL_NS=66586165955

[warn] failed to parse internal time; fallback wall_s=66.589253

