=== baseline run (rc=0) ===

[stderr]
PROGRAM_TOTAL_NS=9012037337

[warn] failed to parse internal time; fallback wall_s=9.027126

=== prio run (rc=0) ===

[stderr]
PROGRAM_TOTAL_NS=6957301462

[warn] failed to parse internal time; fallback wall_s=6.963633

=== baseline run (rc=0) ===

[stderr]
PROGRAM_TOTAL_NS=8941603129

[warn] failed to parse internal time; fallback wall_s=8.949432

=== prio run (rc=0) ===

[stderr]
PROGRAM_TOTAL_NS=6306553253

[warn] failed to parse internal time; fallback wall_s=6.312845

=== baseline run (rc=0) ===

[stderr]
PROGRAM_TOTAL_NS=8931682962

[warn] failed to parse internal time; fallback wall_s=8.938196

=== prio run (rc=0) ===

[stderr]
PROGRAM_TOTAL_NS=6554919670

[warn] failed to parse internal time; fallback wall_s=6.561214

=== baseline run (rc=0) ===

[stderr]
PROGRAM_TOTAL_NS=9008445212

[warn] failed to parse internal time; fallback wall_s=9.016142

=== prio run (rc=0) ===

[stderr]
PROGRAM_TOTAL_NS=6488409336

[warn] failed to parse internal time; fallback wall_s=6.494773

=== baseline run (rc=0) ===

[stderr]
PROGRAM_TOTAL_NS=8984906879

[warn] failed to parse internal time; fallback wall_s=8.991220

=== prio run (rc=0) ===

[stderr]
PROGRAM_TOTAL_NS=6203479920

[warn] failed to parse internal time; fallback wall_s=6.209939

=== baseline run (rc=0) ===

[stderr]
PROGRAM_TOTAL_NS=8954639754

[warn] failed to parse internal time; fallback wall_s=8.961068

=== prio run (rc=0) ===

[stderr]
PROGRAM_TOTAL_NS=6735362462

[warn] failed to parse internal time; fallback wall_s=6.741940

=== baseline run (rc=0) ===

[stderr]
PROGRAM_TOTAL_NS=8950642463

[warn] failed to parse internal time; fallback wall_s=8.957581

=== prio run (rc=0) ===

[stderr]
PROGRAM_TOTAL_NS=6203117961

[warn] failed to parse internal time; fallback wall_s=6.209526

=== baseline run (rc=0) ===

[stderr]
PROGRAM_TOTAL_NS=8969875254

[warn] failed to parse internal time; fallback wall_s=8.976280

=== prio run (rc=0) ===

[stderr]
PROGRAM_TOTAL_NS=6440099003

[warn] failed to parse internal time; fallback wall_s=6.446652

=== baseline run (rc=0) ===

[stderr]
PROGRAM_TOTAL_NS=8965982380

[warn] failed to parse internal time; fallback wall_s=8.972363

=== prio run (rc=0) ===

[stderr]
PROGRAM_TOTAL_NS=6259165795

[warn] failed to parse internal time; fallback wall_s=6.265714

=== baseline run (rc=0) ===

[stderr]
PROGRAM_TOTAL_NS=9016209421

[warn] failed to parse internal time; fallback wall_s=9.023318

=== prio run (rc=0) ===

[stderr]
PROGRAM_TOTAL_NS=6203995294

[warn] failed to parse internal time; fallback wall_s=6.210296

=== baseline run (rc=0) ===

[stderr]
PROGRAM_TOTAL_NS=8939318213

[warn] failed to parse internal time; fallback wall_s=8.945899

=== prio run (rc=0) ===

[stderr]
PROGRAM_TOTAL_NS=6296326212

[warn] failed to parse internal time; fallback wall_s=6.302654

=== baseline run (rc=0) ===

[stderr]
PROGRAM_TOTAL_NS=8986566754

[warn] failed to parse internal time; fallback wall_s=8.993092

=== prio run (rc=0) ===

[stderr]
PROGRAM_TOTAL_NS=6205349794

[warn] failed to parse internal time; fallback wall_s=6.211827

=== baseline run (rc=0) ===

[stderr]
PROGRAM_TOTAL_NS=8973402380

[warn] failed to parse internal time; fallback wall_s=8.979870

=== prio run (rc=0) ===

[stderr]
PROGRAM_TOTAL_NS=6205270170

[warn] failed to parse internal time; fallback wall_s=6.211715

=== baseline run (rc=0) ===

[stderr]
PROGRAM_TOTAL_NS=8958692462

[warn] failed to parse internal time; fallback wall_s=8.966408

=== prio run (rc=0) ===

[stderr]
PROGRAM_TOTAL_NS=6203566544

[warn] failed to parse internal time; fallback wall_s=6.210045

=== baseline run (rc=0) ===

[stderr]
PROGRAM_TOTAL_NS=8994301296

[warn] failed to parse internal time; fallback wall_s=9.000714

=== prio run (rc=0) ===

[stderr]
PROGRAM_TOTAL_NS=6783793379

[warn] failed to parse internal time; fallback wall_s=6.790274

=== baseline run (rc=0) ===

[stderr]
PROGRAM_TOTAL_NS=9005304588

[warn] failed to parse internal time; fallback wall_s=9.013032

=== prio run (rc=0) ===

[stderr]
PROGRAM_TOTAL_NS=6200637045

[warn] failed to parse internal time; fallback wall_s=6.207400

=== baseline run (rc=0) ===

[stderr]
PROGRAM_TOTAL_NS=8957547713

[warn] failed to parse internal time; fallback wall_s=8.964318

=== prio run (rc=0) ===

[stderr]
PROGRAM_TOTAL_NS=6203058753

[warn] failed to parse internal time; fallback wall_s=6.209600

=== baseline run (rc=0) ===

[stderr]
PROGRAM_TOTAL_NS=8943912254

[warn] failed to parse internal time; fallback wall_s=8.950317

=== prio run (rc=0) ===

[stderr]
PROGRAM_TOTAL_NS=6206795586

[warn] failed to parse internal time; fallback wall_s=6.213115

=== baseline run (rc=0) ===

[stderr]
PROGRAM_TOTAL_NS=8939853129

[warn] failed to parse internal time; fallback wall_s=8.946294

=== prio run (rc=0) ===

[stderr]
PROGRAM_TOTAL_NS=6288671795

[warn] failed to parse internal time; fallback wall_s=6.295081

=== baseline run (rc=0) ===

[stderr]
PROGRAM_TOTAL_NS=9008192671

[warn] failed to parse internal time; fallback wall_s=9.015317

=== prio run (rc=0) ===

[stderr]
PROGRAM_TOTAL_NS=6203665712

[warn] failed to parse internal time; fallback wall_s=6.210033

=== baseline run (rc=0) ===

[stderr]
PROGRAM_TOTAL_NS=8986313296

[warn] failed to parse internal time; fallback wall_s=8.992688

=== prio run (rc=0) ===

[stderr]
PROGRAM_TOTAL_NS=6203395336

[warn] failed to parse internal time; fallback wall_s=6.209774

=== baseline run (rc=0) ===

[stderr]
PROGRAM_TOTAL_NS=8943763796

[warn] failed to parse internal time; fallback wall_s=8.950595

=== prio run (rc=0) ===

[stderr]
PROGRAM_TOTAL_NS=6516893086

[warn] failed to parse internal time; fallback wall_s=6.523389

=== baseline run (rc=0) ===

[stderr]
PROGRAM_TOTAL_NS=8967957462

[warn] failed to parse internal time; fallback wall_s=8.976356

=== prio run (rc=0) ===

[stderr]
PROGRAM_TOTAL_NS=6202903877

[warn] failed to parse internal time; fallback wall_s=6.209282

=== baseline run (rc=0) ===

[stderr]
PROGRAM_TOTAL_NS=8894085380

[warn] failed to parse internal time; fallback wall_s=8.900611

=== prio run (rc=0) ===

[stderr]
PROGRAM_TOTAL_NS=6615777795

[warn] failed to parse internal time; fallback wall_s=6.622306

=== baseline run (rc=0) ===

[stderr]
PROGRAM_TOTAL_NS=9053412379

[warn] failed to parse internal time; fallback wall_s=9.061376

=== prio run (rc=0) ===

[stderr]
PROGRAM_TOTAL_NS=6959305503

[warn] failed to parse internal time; fallback wall_s=6.966013

=== baseline run (rc=0) ===

[stderr]
PROGRAM_TOTAL_NS=8987125587

[warn] failed to parse internal time; fallback wall_s=8.994657

=== prio run (rc=0) ===

[stderr]
PROGRAM_TOTAL_NS=6203738337

[warn] failed to parse internal time; fallback wall_s=6.210246

=== baseline run (rc=0) ===

[stderr]
PROGRAM_TOTAL_NS=8962466338

[warn] failed to parse internal time; fallback wall_s=8.969067

=== prio run (rc=0) ===

[stderr]
PROGRAM_TOTAL_NS=6421214545

[warn] failed to parse internal time; fallback wall_s=6.427742

=== baseline run (rc=0) ===

[stderr]
PROGRAM_TOTAL_NS=8949140088

[warn] failed to parse internal time; fallback wall_s=8.955475

=== prio run (rc=0) ===

[stderr]
PROGRAM_TOTAL_NS=6322862670

[warn] failed to parse internal time; fallback wall_s=6.329385

=== baseline run (rc=0) ===

[stderr]
PROGRAM_TOTAL_NS=9013098212

[warn] failed to parse internal time; fallback wall_s=9.020835

=== prio run (rc=0) ===

[stderr]
PROGRAM_TOTAL_NS=6462088878

[warn] failed to parse internal time; fallback wall_s=6.468361

=== baseline run (rc=0) ===

[stderr]
PROGRAM_TOTAL_NS=8961298212

[warn] failed to parse internal time; fallback wall_s=8.967841

=== prio run (rc=0) ===

[stderr]
PROGRAM_TOTAL_NS=7101511795

[warn] failed to parse internal time; fallback wall_s=7.108292

=== baseline run (rc=0) ===

[stderr]
PROGRAM_TOTAL_NS=8969284629

[warn] failed to parse internal time; fallback wall_s=8.977431

=== prio run (rc=0) ===

[stderr]
PROGRAM_TOTAL_NS=6718027337

[warn] failed to parse internal time; fallback wall_s=6.725219

=== baseline run (rc=0) ===

[stderr]
PROGRAM_TOTAL_NS=8979984713

[warn] failed to parse internal time; fallback wall_s=8.986825

=== prio run (rc=0) ===

[stderr]
PROGRAM_TOTAL_NS=6339910086

[warn] failed to parse internal time; fallback wall_s=6.346172

=== baseline run (rc=0) ===

[stderr]
PROGRAM_TOTAL_NS=8957696130

[warn] failed to parse internal time; fallback wall_s=8.964167

=== prio run (rc=0) ===

[stderr]
PROGRAM_TOTAL_NS=6827697836

[warn] failed to parse internal time; fallback wall_s=6.834111

=== baseline run (rc=0) ===

[stderr]
PROGRAM_TOTAL_NS=9004830629

[warn] failed to parse internal time; fallback wall_s=9.011144

=== prio run (rc=0) ===

[stderr]
PROGRAM_TOTAL_NS=6202730628

[warn] failed to parse internal time; fallback wall_s=6.209099

=== baseline run (rc=0) ===

[stderr]
PROGRAM_TOTAL_NS=8910114213

[warn] failed to parse internal time; fallback wall_s=8.916442

=== prio run (rc=0) ===

[stderr]
PROGRAM_TOTAL_NS=6923510045

[warn] failed to parse internal time; fallback wall_s=6.930102

=== baseline run (rc=0) ===

[stderr]
PROGRAM_TOTAL_NS=8940430421

[warn] failed to parse internal time; fallback wall_s=8.947826

=== prio run (rc=0) ===

[stderr]
PROGRAM_TOTAL_NS=6285532961

[warn] failed to parse internal time; fallback wall_s=6.291689

=== baseline run (rc=0) ===

[stderr]
PROGRAM_TOTAL_NS=9009510712

[warn] failed to parse internal time; fallback wall_s=9.016095

=== prio run (rc=0) ===

[stderr]
PROGRAM_TOTAL_NS=6882980462

[warn] failed to parse internal time; fallback wall_s=6.889876

=== baseline run (rc=0) ===

[stderr]
PROGRAM_TOTAL_NS=8993231921

[warn] failed to parse internal time; fallback wall_s=8.999970

=== prio run (rc=0) ===

[stderr]
PROGRAM_TOTAL_NS=6202666169

[warn] failed to parse internal time; fallback wall_s=6.208935

=== baseline run (rc=0) ===

[stderr]
PROGRAM_TOTAL_NS=8971075171

[warn] failed to parse internal time; fallback wall_s=8.977468

=== prio run (rc=0) ===

[stderr]
PROGRAM_TOTAL_NS=6203364128

[warn] failed to parse internal time; fallback wall_s=6.209780

=== baseline run (rc=0) ===

[stderr]
PROGRAM_TOTAL_NS=9005076921

[warn] failed to parse internal time; fallback wall_s=9.011536

=== prio run (rc=0) ===

[stderr]
PROGRAM_TOTAL_NS=6441512170

[warn] failed to parse internal time; fallback wall_s=6.447985

=== baseline run (rc=0) ===

[stderr]
PROGRAM_TOTAL_NS=9059840796

[warn] failed to parse internal time; fallback wall_s=9.066309

=== prio run (rc=0) ===

[stderr]
PROGRAM_TOTAL_NS=6771515086

[warn] failed to parse internal time; fallback wall_s=6.778075

=== baseline run (rc=0) ===

[stderr]
PROGRAM_TOTAL_NS=8982495671

[warn] failed to parse internal time; fallback wall_s=8.988905

=== prio run (rc=0) ===

[stderr]
PROGRAM_TOTAL_NS=6202889586

[warn] failed to parse internal time; fallback wall_s=6.209346

=== baseline run (rc=0) ===

[stderr]
PROGRAM_TOTAL_NS=8945555504

[warn] failed to parse internal time; fallback wall_s=8.952765

=== prio run (rc=0) ===

[stderr]
PROGRAM_TOTAL_NS=6795226378

[warn] failed to parse internal time; fallback wall_s=6.801804

=== baseline run (rc=0) ===

[stderr]
PROGRAM_TOTAL_NS=8975624296

[warn] failed to parse internal time; fallback wall_s=8.983166

=== prio run (rc=0) ===

[stderr]
PROGRAM_TOTAL_NS=6964678962

[warn] failed to parse internal time; fallback wall_s=6.971173

=== baseline run (rc=0) ===

[stderr]
PROGRAM_TOTAL_NS=8992571296

[warn] failed to parse internal time; fallback wall_s=8.999596

=== prio run (rc=0) ===

[stderr]
PROGRAM_TOTAL_NS=6418797878

[warn] failed to parse internal time; fallback wall_s=6.425257

=== baseline run (rc=0) ===

[stderr]
PROGRAM_TOTAL_NS=8911820171

[warn] failed to parse internal time; fallback wall_s=8.918128

=== prio run (rc=0) ===

[stderr]
PROGRAM_TOTAL_NS=6879771003

[warn] failed to parse internal time; fallback wall_s=6.886545

=== baseline run (rc=0) ===

[stderr]
PROGRAM_TOTAL_NS=8957465421

[warn] failed to parse internal time; fallback wall_s=8.965214

=== prio run (rc=0) ===

[stderr]
PROGRAM_TOTAL_NS=6203901086

[warn] failed to parse internal time; fallback wall_s=6.210356

=== baseline run (rc=0) ===

[stderr]
PROGRAM_TOTAL_NS=8932781088

[warn] failed to parse internal time; fallback wall_s=8.939326

=== prio run (rc=0) ===

[stderr]
PROGRAM_TOTAL_NS=6237695336

[warn] failed to parse internal time; fallback wall_s=6.244050

=== baseline run (rc=0) ===

[stderr]
PROGRAM_TOTAL_NS=9070697713

[warn] failed to parse internal time; fallback wall_s=9.077471

=== prio run (rc=0) ===

[stderr]
PROGRAM_TOTAL_NS=6223210878

[warn] failed to parse internal time; fallback wall_s=6.229502

=== baseline run (rc=0) ===

[stderr]
PROGRAM_TOTAL_NS=8944912671

[warn] failed to parse internal time; fallback wall_s=8.951482

=== prio run (rc=0) ===

[stderr]
PROGRAM_TOTAL_NS=7119547879

[warn] failed to parse internal time; fallback wall_s=7.126861

