=== baseline run (rc=0) ===

[stderr]
PROGRAM_TOTAL_NS=8561811991

[warn] failed to parse internal time; fallback wall_s=8.564822

=== prio run (rc=0) ===

[stderr]
PROGRAM_TOTAL_NS=6381450789

[warn] failed to parse internal time; fallback wall_s=6.384327

=== baseline run (rc=0) ===

[stderr]
PROGRAM_TOTAL_NS=8697039854

[warn] failed to parse internal time; fallback wall_s=8.699912

=== prio run (rc=0) ===

[stderr]
PROGRAM_TOTAL_NS=6373101958

[warn] failed to parse internal time; fallback wall_s=6.375892

=== baseline run (rc=0) ===

[stderr]
PROGRAM_TOTAL_NS=8677382129

[warn] failed to parse internal time; fallback wall_s=8.680098

=== prio run (rc=0) ===

[stderr]
PROGRAM_TOTAL_NS=6384437520

[warn] failed to parse internal time; fallback wall_s=6.387276

=== baseline run (rc=0) ===

[stderr]
PROGRAM_TOTAL_NS=8616172965

[warn] failed to parse internal time; fallback wall_s=8.618809

=== prio run (rc=0) ===

[stderr]
PROGRAM_TOTAL_NS=6399767690

[warn] failed to parse internal time; fallback wall_s=6.402810

=== baseline run (rc=0) ===

[stderr]
PROGRAM_TOTAL_NS=8161080597

[warn] failed to parse internal time; fallback wall_s=8.163889

=== prio run (rc=0) ===

[stderr]
PROGRAM_TOTAL_NS=6340845744

[warn] failed to parse internal time; fallback wall_s=6.343726

=== baseline run (rc=0) ===

[stderr]
PROGRAM_TOTAL_NS=8753181876

[warn] failed to parse internal time; fallback wall_s=8.756171

=== prio run (rc=0) ===

[stderr]
PROGRAM_TOTAL_NS=6357223725

[warn] failed to parse internal time; fallback wall_s=6.360028

=== baseline run (rc=0) ===

[stderr]
PROGRAM_TOTAL_NS=8721957061

[warn] failed to parse internal time; fallback wall_s=8.724733

=== prio run (rc=0) ===

[stderr]
PROGRAM_TOTAL_NS=6362756727

[warn] failed to parse internal time; fallback wall_s=6.365450

=== baseline run (rc=0) ===

[stderr]
PROGRAM_TOTAL_NS=8677642708

[warn] failed to parse internal time; fallback wall_s=8.680381

=== prio run (rc=0) ===

[stderr]
PROGRAM_TOTAL_NS=6354379437

[warn] failed to parse internal time; fallback wall_s=6.358704

=== baseline run (rc=0) ===

[stderr]
PROGRAM_TOTAL_NS=8682878701

[warn] failed to parse internal time; fallback wall_s=8.685593

=== prio run (rc=0) ===

[stderr]
PROGRAM_TOTAL_NS=6328732038

[warn] failed to parse internal time; fallback wall_s=6.331373

=== baseline run (rc=0) ===

[stderr]
PROGRAM_TOTAL_NS=7935606057

[warn] failed to parse internal time; fallback wall_s=7.938285

=== prio run (rc=0) ===

[stderr]
PROGRAM_TOTAL_NS=6401446526

[warn] failed to parse internal time; fallback wall_s=6.404531

=== baseline run (rc=0) ===

[stderr]
PROGRAM_TOTAL_NS=7759009817

[warn] failed to parse internal time; fallback wall_s=7.761901

=== prio run (rc=0) ===

[stderr]
PROGRAM_TOTAL_NS=6418362239

[warn] failed to parse internal time; fallback wall_s=6.421641

=== baseline run (rc=0) ===

[stderr]
PROGRAM_TOTAL_NS=8718741248

[warn] failed to parse internal time; fallback wall_s=8.721583

=== prio run (rc=0) ===

[stderr]
PROGRAM_TOTAL_NS=6397009747

[warn] failed to parse internal time; fallback wall_s=6.399813

=== baseline run (rc=0) ===

[stderr]
PROGRAM_TOTAL_NS=8031288314

[warn] failed to parse internal time; fallback wall_s=8.033978

=== prio run (rc=0) ===

[stderr]
PROGRAM_TOTAL_NS=6361229286

[warn] failed to parse internal time; fallback wall_s=6.363957

=== baseline run (rc=0) ===

[stderr]
PROGRAM_TOTAL_NS=8455933988

[warn] failed to parse internal time; fallback wall_s=8.458548

=== prio run (rc=0) ===

[stderr]
PROGRAM_TOTAL_NS=6340031174

[warn] failed to parse internal time; fallback wall_s=6.342769

=== baseline run (rc=0) ===

[stderr]
PROGRAM_TOTAL_NS=8145761869

[warn] failed to parse internal time; fallback wall_s=8.148590

=== prio run (rc=0) ===

[stderr]
PROGRAM_TOTAL_NS=6401970653

[warn] failed to parse internal time; fallback wall_s=6.405085

=== baseline run (rc=0) ===

[stderr]
PROGRAM_TOTAL_NS=8429032747

[warn] failed to parse internal time; fallback wall_s=8.432489

=== prio run (rc=0) ===

[stderr]
PROGRAM_TOTAL_NS=6442234888

[warn] failed to parse internal time; fallback wall_s=6.445069

=== baseline run (rc=0) ===

[stderr]
PROGRAM_TOTAL_NS=8735045505

[warn] failed to parse internal time; fallback wall_s=8.737673

=== prio run (rc=0) ===

[stderr]
PROGRAM_TOTAL_NS=6463297046

[warn] failed to parse internal time; fallback wall_s=6.465988

=== baseline run (rc=0) ===

[stderr]
PROGRAM_TOTAL_NS=8640311787

[warn] failed to parse internal time; fallback wall_s=8.643049

=== prio run (rc=0) ===

[stderr]
PROGRAM_TOTAL_NS=6409028236

[warn] failed to parse internal time; fallback wall_s=6.411793

=== baseline run (rc=0) ===

[stderr]
PROGRAM_TOTAL_NS=8301418882

[warn] failed to parse internal time; fallback wall_s=8.304178

=== prio run (rc=0) ===

[stderr]
PROGRAM_TOTAL_NS=6446138753

[warn] failed to parse internal time; fallback wall_s=6.449075

=== baseline run (rc=0) ===

[stderr]
PROGRAM_TOTAL_NS=7393014702

[warn] failed to parse internal time; fallback wall_s=7.396073

=== prio run (rc=0) ===

[stderr]
PROGRAM_TOTAL_NS=6412427307

[warn] failed to parse internal time; fallback wall_s=6.415112

=== baseline run (rc=0) ===

[stderr]
PROGRAM_TOTAL_NS=8167638205

[warn] failed to parse internal time; fallback wall_s=8.170361

=== prio run (rc=0) ===

[stderr]
PROGRAM_TOTAL_NS=6450146006

[warn] failed to parse internal time; fallback wall_s=6.452841

=== baseline run (rc=0) ===

[stderr]
PROGRAM_TOTAL_NS=8509258233

[warn] failed to parse internal time; fallback wall_s=8.512081

=== prio run (rc=0) ===

[stderr]
PROGRAM_TOTAL_NS=6455710399

[warn] failed to parse internal time; fallback wall_s=6.458455

=== baseline run (rc=0) ===

[stderr]
PROGRAM_TOTAL_NS=8778760295

[warn] failed to parse internal time; fallback wall_s=8.781520

=== prio run (rc=0) ===

[stderr]
PROGRAM_TOTAL_NS=6341507984

[warn] failed to parse internal time; fallback wall_s=6.344358

=== baseline run (rc=0) ===

[stderr]
PROGRAM_TOTAL_NS=8128396151

[warn] failed to parse internal time; fallback wall_s=8.131244

=== prio run (rc=0) ===

[stderr]
PROGRAM_TOTAL_NS=6400956925

[warn] failed to parse internal time; fallback wall_s=6.403762

=== baseline run (rc=0) ===

[stderr]
PROGRAM_TOTAL_NS=8701437735

[warn] failed to parse internal time; fallback wall_s=8.704532

=== prio run (rc=0) ===

[stderr]
PROGRAM_TOTAL_NS=6438349101

[warn] failed to parse internal time; fallback wall_s=6.441370

=== baseline run (rc=0) ===

[stderr]
PROGRAM_TOTAL_NS=8799481375

[warn] failed to parse internal time; fallback wall_s=8.802169

=== prio run (rc=0) ===

[stderr]
PROGRAM_TOTAL_NS=6375862158

[warn] failed to parse internal time; fallback wall_s=6.379358

=== baseline run (rc=0) ===

[stderr]
PROGRAM_TOTAL_NS=8003352703

[warn] failed to parse internal time; fallback wall_s=8.006025

=== prio run (rc=0) ===

[stderr]
PROGRAM_TOTAL_NS=6383622205

[warn] failed to parse internal time; fallback wall_s=6.386345

=== baseline run (rc=0) ===

[stderr]
PROGRAM_TOTAL_NS=8648151253

[warn] failed to parse internal time; fallback wall_s=8.650889

=== prio run (rc=0) ===

[stderr]
PROGRAM_TOTAL_NS=6323302214

[warn] failed to parse internal time; fallback wall_s=6.326005

=== baseline run (rc=0) ===

[stderr]
PROGRAM_TOTAL_NS=8736571375

[warn] failed to parse internal time; fallback wall_s=8.739358

=== prio run (rc=0) ===

[stderr]
PROGRAM_TOTAL_NS=6396563254

[warn] failed to parse internal time; fallback wall_s=6.399241

=== baseline run (rc=0) ===

[stderr]
PROGRAM_TOTAL_NS=8331517982

[warn] failed to parse internal time; fallback wall_s=8.334289

=== prio run (rc=0) ===

[stderr]
PROGRAM_TOTAL_NS=6354080730

[warn] failed to parse internal time; fallback wall_s=6.356940

=== baseline run (rc=0) ===

[stderr]
PROGRAM_TOTAL_NS=8764191573

[warn] failed to parse internal time; fallback wall_s=8.767562

=== prio run (rc=0) ===

[stderr]
PROGRAM_TOTAL_NS=6331986367

[warn] failed to parse internal time; fallback wall_s=6.334677

=== baseline run (rc=0) ===

[stderr]
PROGRAM_TOTAL_NS=8274335969

[warn] failed to parse internal time; fallback wall_s=8.277054

=== prio run (rc=0) ===

[stderr]
PROGRAM_TOTAL_NS=6442036788

[warn] failed to parse internal time; fallback wall_s=6.444796

=== baseline run (rc=0) ===

[stderr]
PROGRAM_TOTAL_NS=8146501165

[warn] failed to parse internal time; fallback wall_s=8.149086

=== prio run (rc=0) ===

[stderr]
PROGRAM_TOTAL_NS=6356111549

[warn] failed to parse internal time; fallback wall_s=6.358810

=== baseline run (rc=0) ===

[stderr]
PROGRAM_TOTAL_NS=8516127337

[warn] failed to parse internal time; fallback wall_s=8.518732

=== prio run (rc=0) ===

[stderr]
PROGRAM_TOTAL_NS=6369301984

[warn] failed to parse internal time; fallback wall_s=6.372088

=== baseline run (rc=0) ===

[stderr]
PROGRAM_TOTAL_NS=8686839928

[warn] failed to parse internal time; fallback wall_s=8.689729

=== prio run (rc=0) ===

[stderr]
PROGRAM_TOTAL_NS=6468007681

[warn] failed to parse internal time; fallback wall_s=6.471940

=== baseline run (rc=0) ===

[stderr]
PROGRAM_TOTAL_NS=7994289308

[warn] failed to parse internal time; fallback wall_s=7.996948

=== prio run (rc=0) ===

[stderr]
PROGRAM_TOTAL_NS=6397969218

[warn] failed to parse internal time; fallback wall_s=6.400745

=== baseline run (rc=0) ===

[stderr]
PROGRAM_TOTAL_NS=8673312203

[warn] failed to parse internal time; fallback wall_s=8.676173

=== prio run (rc=0) ===

[stderr]
PROGRAM_TOTAL_NS=6343311554

[warn] failed to parse internal time; fallback wall_s=6.346204

=== baseline run (rc=0) ===

[stderr]
PROGRAM_TOTAL_NS=8374868814

[warn] failed to parse internal time; fallback wall_s=8.377805

=== prio run (rc=0) ===

[stderr]
PROGRAM_TOTAL_NS=6561934951

[warn] failed to parse internal time; fallback wall_s=6.565150

=== baseline run (rc=0) ===

[stderr]
PROGRAM_TOTAL_NS=8044895948

[warn] failed to parse internal time; fallback wall_s=8.047862

=== prio run (rc=0) ===

[stderr]
PROGRAM_TOTAL_NS=6376776121

[warn] failed to parse internal time; fallback wall_s=6.381424

=== baseline run (rc=0) ===

[stderr]
PROGRAM_TOTAL_NS=8764108069

[warn] failed to parse internal time; fallback wall_s=8.766861

=== prio run (rc=0) ===

[stderr]
PROGRAM_TOTAL_NS=6346630659

[warn] failed to parse internal time; fallback wall_s=6.349836

=== baseline run (rc=0) ===

[stderr]
PROGRAM_TOTAL_NS=8724403640

[warn] failed to parse internal time; fallback wall_s=8.727120

=== prio run (rc=0) ===

[stderr]
PROGRAM_TOTAL_NS=6405524763

[warn] failed to parse internal time; fallback wall_s=6.408152

=== baseline run (rc=0) ===

[stderr]
PROGRAM_TOTAL_NS=7905912216

[warn] failed to parse internal time; fallback wall_s=7.908616

=== prio run (rc=0) ===

[stderr]
PROGRAM_TOTAL_NS=6409751130

[warn] failed to parse internal time; fallback wall_s=6.412822

=== baseline run (rc=0) ===

[stderr]
PROGRAM_TOTAL_NS=8361823936

[warn] failed to parse internal time; fallback wall_s=8.364617

=== prio run (rc=0) ===

[stderr]
PROGRAM_TOTAL_NS=6430984025

[warn] failed to parse internal time; fallback wall_s=6.433630

=== baseline run (rc=0) ===

[stderr]
PROGRAM_TOTAL_NS=8714480984

[warn] failed to parse internal time; fallback wall_s=8.717365

=== prio run (rc=0) ===

[stderr]
PROGRAM_TOTAL_NS=6396980325

[warn] failed to parse internal time; fallback wall_s=6.399887

=== baseline run (rc=0) ===

[stderr]
PROGRAM_TOTAL_NS=8082330202

[warn] failed to parse internal time; fallback wall_s=8.085264

=== prio run (rc=0) ===

[stderr]
PROGRAM_TOTAL_NS=6356260025

[warn] failed to parse internal time; fallback wall_s=6.359004

=== baseline run (rc=0) ===

[stderr]
PROGRAM_TOTAL_NS=8698924363

[warn] failed to parse internal time; fallback wall_s=8.701600

=== prio run (rc=0) ===

[stderr]
PROGRAM_TOTAL_NS=6402673104

[warn] failed to parse internal time; fallback wall_s=6.405540

=== baseline run (rc=0) ===

[stderr]
PROGRAM_TOTAL_NS=8618759305

[warn] failed to parse internal time; fallback wall_s=8.621662

=== prio run (rc=0) ===

[stderr]
PROGRAM_TOTAL_NS=6358557706

[warn] failed to parse internal time; fallback wall_s=6.361235

=== baseline run (rc=0) ===

[stderr]
PROGRAM_TOTAL_NS=8413977596

[warn] failed to parse internal time; fallback wall_s=8.416851

=== prio run (rc=0) ===

[stderr]
PROGRAM_TOTAL_NS=6372309221

[warn] failed to parse internal time; fallback wall_s=6.374868

=== baseline run (rc=0) ===

[stderr]
PROGRAM_TOTAL_NS=8645983424

[warn] failed to parse internal time; fallback wall_s=8.648778

=== prio run (rc=0) ===

[stderr]
PROGRAM_TOTAL_NS=6366446249

[warn] failed to parse internal time; fallback wall_s=6.369338

=== baseline run (rc=0) ===

[stderr]
PROGRAM_TOTAL_NS=8021440096

[warn] failed to parse internal time; fallback wall_s=8.024177

=== prio run (rc=0) ===

[stderr]
PROGRAM_TOTAL_NS=6417389758

[warn] failed to parse internal time; fallback wall_s=6.420127

