=== baseline run (rc=0) ===

[stderr]
PROGRAM_TOTAL_NS=219307412773

[warn] failed to parse internal time; fallback wall_s=219.309988

=== prio run (rc=0) ===

[stderr]
PROGRAM_TOTAL_NS=160403436131

[warn] failed to parse internal time; fallback wall_s=160.406465

=== baseline run (rc=0) ===

[stderr]
PROGRAM_TOTAL_NS=210081686687

[warn] failed to parse internal time; fallback wall_s=210.084838

=== prio run (rc=0) ===

[stderr]
PROGRAM_TOTAL_NS=160945068957

[warn] failed to parse internal time; fallback wall_s=160.948156

=== baseline run (rc=0) ===

[stderr]
PROGRAM_TOTAL_NS=214684149350

[warn] failed to parse internal time; fallback wall_s=214.687589

=== prio run (rc=0) ===

[stderr]
PROGRAM_TOTAL_NS=160388205478

[warn] failed to parse internal time; fallback wall_s=160.391373

=== baseline run (rc=0) ===

[stderr]
PROGRAM_TOTAL_NS=198051043557

[warn] failed to parse internal time; fallback wall_s=198.055971

=== prio run (rc=0) ===

[stderr]
PROGRAM_TOTAL_NS=160769368742

[warn] failed to parse internal time; fallback wall_s=160.773944

=== baseline run (rc=0) ===

[stderr]
PROGRAM_TOTAL_NS=213971791973

[warn] failed to parse internal time; fallback wall_s=213.975413

=== prio run (rc=0) ===

[stderr]
PROGRAM_TOTAL_NS=160435731161

[warn] failed to parse internal time; fallback wall_s=160.438936

