=== baseline run (rc=0) ===

[stderr]
PROGRAM_TOTAL_NS=5235335332

[warn] failed to parse internal time; fallback wall_s=5.238096

=== prio run (rc=0) ===

[stderr]
PROGRAM_TOTAL_NS=5058617871

[warn] failed to parse internal time; fallback wall_s=5.061671

=== baseline run (rc=0) ===

[stderr]
PROGRAM_TOTAL_NS=5332172311

[warn] failed to parse internal time; fallback wall_s=5.335175

=== prio run (rc=0) ===

[stderr]
PROGRAM_TOTAL_NS=5090132364

[warn] failed to parse internal time; fallback wall_s=5.093354

=== baseline run (rc=0) ===

[stderr]
PROGRAM_TOTAL_NS=5451184644

[warn] failed to parse internal time; fallback wall_s=5.454075

=== prio run (rc=0) ===

[stderr]
PROGRAM_TOTAL_NS=5112944541

[warn] failed to parse internal time; fallback wall_s=5.115795

=== baseline run (rc=0) ===

[stderr]
PROGRAM_TOTAL_NS=5305507373

[warn] failed to parse internal time; fallback wall_s=5.308419

=== prio run (rc=0) ===

[stderr]
PROGRAM_TOTAL_NS=5065728281

[warn] failed to parse internal time; fallback wall_s=5.068619

=== baseline run (rc=0) ===

[stderr]
PROGRAM_TOTAL_NS=5342143067

[warn] failed to parse internal time; fallback wall_s=5.344954

=== prio run (rc=0) ===

[stderr]
PROGRAM_TOTAL_NS=5059341605

[warn] failed to parse internal time; fallback wall_s=5.062414

=== baseline run (rc=0) ===

[stderr]
PROGRAM_TOTAL_NS=5310901108

[warn] failed to parse internal time; fallback wall_s=5.313733

=== prio run (rc=0) ===

[stderr]
PROGRAM_TOTAL_NS=5195619497

[warn] failed to parse internal time; fallback wall_s=5.198373

=== baseline run (rc=0) ===

[stderr]
PROGRAM_TOTAL_NS=5432088551

[warn] failed to parse internal time; fallback wall_s=5.434925

=== prio run (rc=0) ===

[stderr]
PROGRAM_TOTAL_NS=5229218305

[warn] failed to parse internal time; fallback wall_s=5.232650

=== baseline run (rc=0) ===

[stderr]
PROGRAM_TOTAL_NS=5491043620

[warn] failed to parse internal time; fallback wall_s=5.493932

=== prio run (rc=0) ===

[stderr]
PROGRAM_TOTAL_NS=5239411862

[warn] failed to parse internal time; fallback wall_s=5.242436

=== baseline run (rc=0) ===

[stderr]
PROGRAM_TOTAL_NS=5307237281

[warn] failed to parse internal time; fallback wall_s=5.310227

=== prio run (rc=0) ===

[stderr]
PROGRAM_TOTAL_NS=5110779272

[warn] failed to parse internal time; fallback wall_s=5.113632

=== baseline run (rc=0) ===

[stderr]
PROGRAM_TOTAL_NS=5351342880

[warn] failed to parse internal time; fallback wall_s=5.354306

=== prio run (rc=0) ===

[stderr]
PROGRAM_TOTAL_NS=5104645557

[warn] failed to parse internal time; fallback wall_s=5.107485

=== baseline run (rc=0) ===

[stderr]
PROGRAM_TOTAL_NS=5271650024

[warn] failed to parse internal time; fallback wall_s=5.274786

=== prio run (rc=0) ===

[stderr]
PROGRAM_TOTAL_NS=5064891490

[warn] failed to parse internal time; fallback wall_s=5.068218

=== baseline run (rc=0) ===

[stderr]
PROGRAM_TOTAL_NS=5418786774

[warn] failed to parse internal time; fallback wall_s=5.421709

=== prio run (rc=0) ===

[stderr]
PROGRAM_TOTAL_NS=5162862567

[warn] failed to parse internal time; fallback wall_s=5.165941

=== baseline run (rc=0) ===

[stderr]
PROGRAM_TOTAL_NS=5341890379

[warn] failed to parse internal time; fallback wall_s=5.344839

=== prio run (rc=0) ===

[stderr]
PROGRAM_TOTAL_NS=5057755522

[warn] failed to parse internal time; fallback wall_s=5.060919

=== baseline run (rc=0) ===

[stderr]
PROGRAM_TOTAL_NS=5362875288

[warn] failed to parse internal time; fallback wall_s=5.365706

=== prio run (rc=0) ===

[stderr]
PROGRAM_TOTAL_NS=5070331781

[warn] failed to parse internal time; fallback wall_s=5.073381

=== baseline run (rc=0) ===

[stderr]
PROGRAM_TOTAL_NS=5376579147

[warn] failed to parse internal time; fallback wall_s=5.379500

=== prio run (rc=0) ===

[stderr]
PROGRAM_TOTAL_NS=5054873010

[warn] failed to parse internal time; fallback wall_s=5.057639

=== baseline run (rc=0) ===

[stderr]
PROGRAM_TOTAL_NS=5378890963

[warn] failed to parse internal time; fallback wall_s=5.381650

=== prio run (rc=0) ===

[stderr]
PROGRAM_TOTAL_NS=5133329888

[warn] failed to parse internal time; fallback wall_s=5.136768

=== baseline run (rc=0) ===

[stderr]
PROGRAM_TOTAL_NS=5429164485

[warn] failed to parse internal time; fallback wall_s=5.432329

=== prio run (rc=0) ===

[stderr]
PROGRAM_TOTAL_NS=5096390523

[warn] failed to parse internal time; fallback wall_s=5.099272

=== baseline run (rc=0) ===

[stderr]
PROGRAM_TOTAL_NS=5382790145

[warn] failed to parse internal time; fallback wall_s=5.385880

=== prio run (rc=0) ===

[stderr]
PROGRAM_TOTAL_NS=5095578581

[warn] failed to parse internal time; fallback wall_s=5.098593

=== baseline run (rc=0) ===

[stderr]
PROGRAM_TOTAL_NS=5318139653

[warn] failed to parse internal time; fallback wall_s=5.321497

=== prio run (rc=0) ===

[stderr]
PROGRAM_TOTAL_NS=5225459448

[warn] failed to parse internal time; fallback wall_s=5.228252

=== baseline run (rc=0) ===

[stderr]
PROGRAM_TOTAL_NS=5452068929

[warn] failed to parse internal time; fallback wall_s=5.454698

=== prio run (rc=0) ===

[stderr]
PROGRAM_TOTAL_NS=5144424566

[warn] failed to parse internal time; fallback wall_s=5.147354

=== baseline run (rc=0) ===

[stderr]
PROGRAM_TOTAL_NS=5354157763

[warn] failed to parse internal time; fallback wall_s=5.357007

=== prio run (rc=0) ===

[stderr]
PROGRAM_TOTAL_NS=5122755819

[warn] failed to parse internal time; fallback wall_s=5.125504

=== baseline run (rc=0) ===

[stderr]
PROGRAM_TOTAL_NS=5305014591

[warn] failed to parse internal time; fallback wall_s=5.307840

=== prio run (rc=0) ===

[stderr]
PROGRAM_TOTAL_NS=5095152026

[warn] failed to parse internal time; fallback wall_s=5.098142

=== baseline run (rc=0) ===

[stderr]
PROGRAM_TOTAL_NS=5369774971

[warn] failed to parse internal time; fallback wall_s=5.372637

=== prio run (rc=0) ===

[stderr]
PROGRAM_TOTAL_NS=5157956827

[warn] failed to parse internal time; fallback wall_s=5.161171

=== baseline run (rc=0) ===

[stderr]
PROGRAM_TOTAL_NS=5336628575

[warn] failed to parse internal time; fallback wall_s=5.339398

=== prio run (rc=0) ===

[stderr]
PROGRAM_TOTAL_NS=5107364140

[warn] failed to parse internal time; fallback wall_s=5.110323

=== baseline run (rc=0) ===

[stderr]
PROGRAM_TOTAL_NS=5368394067

[warn] failed to parse internal time; fallback wall_s=5.371158

=== prio run (rc=0) ===

[stderr]
PROGRAM_TOTAL_NS=5118428998

[warn] failed to parse internal time; fallback wall_s=5.121463

=== baseline run (rc=0) ===

[stderr]
PROGRAM_TOTAL_NS=5486118952

[warn] failed to parse internal time; fallback wall_s=5.489103

=== prio run (rc=0) ===

[stderr]
PROGRAM_TOTAL_NS=5073870222

[warn] failed to parse internal time; fallback wall_s=5.076831

=== baseline run (rc=0) ===

[stderr]
PROGRAM_TOTAL_NS=5395028701

[warn] failed to parse internal time; fallback wall_s=5.397938

=== prio run (rc=0) ===

[stderr]
PROGRAM_TOTAL_NS=5150909529

[warn] failed to parse internal time; fallback wall_s=5.154299

=== baseline run (rc=0) ===

[stderr]
PROGRAM_TOTAL_NS=5409618179

[warn] failed to parse internal time; fallback wall_s=5.412559

=== prio run (rc=0) ===

[stderr]
PROGRAM_TOTAL_NS=5133035769

[warn] failed to parse internal time; fallback wall_s=5.135914

=== baseline run (rc=0) ===

[stderr]
PROGRAM_TOTAL_NS=5537571632

[warn] failed to parse internal time; fallback wall_s=5.540945

=== prio run (rc=0) ===

[stderr]
PROGRAM_TOTAL_NS=5073939244

[warn] failed to parse internal time; fallback wall_s=5.076965

=== baseline run (rc=0) ===

[stderr]
PROGRAM_TOTAL_NS=5450256073

[warn] failed to parse internal time; fallback wall_s=5.453168

=== prio run (rc=0) ===

[stderr]
PROGRAM_TOTAL_NS=5115290341

[warn] failed to parse internal time; fallback wall_s=5.118435

=== baseline run (rc=0) ===

[stderr]
PROGRAM_TOTAL_NS=5356852407

[warn] failed to parse internal time; fallback wall_s=5.359687

=== prio run (rc=0) ===

[stderr]
PROGRAM_TOTAL_NS=5043467358

[warn] failed to parse internal time; fallback wall_s=5.046678

=== baseline run (rc=0) ===

[stderr]
PROGRAM_TOTAL_NS=5368779648

[warn] failed to parse internal time; fallback wall_s=5.372300

=== prio run (rc=0) ===

[stderr]
PROGRAM_TOTAL_NS=5116316349

[warn] failed to parse internal time; fallback wall_s=5.119550

=== baseline run (rc=0) ===

[stderr]
PROGRAM_TOTAL_NS=5341683738

[warn] failed to parse internal time; fallback wall_s=5.344459

=== prio run (rc=0) ===

[stderr]
PROGRAM_TOTAL_NS=5110256645

[warn] failed to parse internal time; fallback wall_s=5.113280

=== baseline run (rc=0) ===

[stderr]
PROGRAM_TOTAL_NS=5368565915

[warn] failed to parse internal time; fallback wall_s=5.371658

=== prio run (rc=0) ===

[stderr]
PROGRAM_TOTAL_NS=5190585818

[warn] failed to parse internal time; fallback wall_s=5.193448

=== baseline run (rc=0) ===

[stderr]
PROGRAM_TOTAL_NS=5363520438

[warn] failed to parse internal time; fallback wall_s=5.367054

=== prio run (rc=0) ===

[stderr]
PROGRAM_TOTAL_NS=5182845822

[warn] failed to parse internal time; fallback wall_s=5.185733

=== baseline run (rc=0) ===

[stderr]
PROGRAM_TOTAL_NS=5522630764

[warn] failed to parse internal time; fallback wall_s=5.525859

=== prio run (rc=0) ===

[stderr]
PROGRAM_TOTAL_NS=5215855345

[warn] failed to parse internal time; fallback wall_s=5.218788

=== baseline run (rc=0) ===

[stderr]
PROGRAM_TOTAL_NS=5453195536

[warn] failed to parse internal time; fallback wall_s=5.456207

=== prio run (rc=0) ===

[stderr]
PROGRAM_TOTAL_NS=5154917627

[warn] failed to parse internal time; fallback wall_s=5.157861

=== baseline run (rc=0) ===

[stderr]
PROGRAM_TOTAL_NS=5280616277

[warn] failed to parse internal time; fallback wall_s=5.283888

=== prio run (rc=0) ===

[stderr]
PROGRAM_TOTAL_NS=5049344916

[warn] failed to parse internal time; fallback wall_s=5.052147

=== baseline run (rc=0) ===

[stderr]
PROGRAM_TOTAL_NS=5338361387

[warn] failed to parse internal time; fallback wall_s=5.341551

=== prio run (rc=0) ===

[stderr]
PROGRAM_TOTAL_NS=5071582887

[warn] failed to parse internal time; fallback wall_s=5.074756

=== baseline run (rc=0) ===

[stderr]
PROGRAM_TOTAL_NS=5387385397

[warn] failed to parse internal time; fallback wall_s=5.390296

=== prio run (rc=0) ===

[stderr]
PROGRAM_TOTAL_NS=5247325270

[warn] failed to parse internal time; fallback wall_s=5.250184

=== baseline run (rc=0) ===

[stderr]
PROGRAM_TOTAL_NS=5319166593

[warn] failed to parse internal time; fallback wall_s=5.322031

=== prio run (rc=0) ===

[stderr]
PROGRAM_TOTAL_NS=5079072769

[warn] failed to parse internal time; fallback wall_s=5.081954

=== baseline run (rc=0) ===

[stderr]
PROGRAM_TOTAL_NS=5435020207

[warn] failed to parse internal time; fallback wall_s=5.437981

=== prio run (rc=0) ===

[stderr]
PROGRAM_TOTAL_NS=5134481296

[warn] failed to parse internal time; fallback wall_s=5.137721

=== baseline run (rc=0) ===

[stderr]
PROGRAM_TOTAL_NS=5344954184

[warn] failed to parse internal time; fallback wall_s=5.348073

=== prio run (rc=0) ===

[stderr]
PROGRAM_TOTAL_NS=5192803234

[warn] failed to parse internal time; fallback wall_s=5.195793

=== baseline run (rc=0) ===

[stderr]
PROGRAM_TOTAL_NS=5407109535

[warn] failed to parse internal time; fallback wall_s=5.410130

=== prio run (rc=0) ===

[stderr]
PROGRAM_TOTAL_NS=5149728363

[warn] failed to parse internal time; fallback wall_s=5.152625

=== baseline run (rc=0) ===

[stderr]
PROGRAM_TOTAL_NS=5376883108

[warn] failed to parse internal time; fallback wall_s=5.379724

=== prio run (rc=0) ===

[stderr]
PROGRAM_TOTAL_NS=5169022480

[warn] failed to parse internal time; fallback wall_s=5.171955

=== baseline run (rc=0) ===

[stderr]
PROGRAM_TOTAL_NS=5439610364

[warn] failed to parse internal time; fallback wall_s=5.442724

=== prio run (rc=0) ===

[stderr]
PROGRAM_TOTAL_NS=5155358702

[warn] failed to parse internal time; fallback wall_s=5.158190

=== baseline run (rc=0) ===

[stderr]
PROGRAM_TOTAL_NS=5382282143

[warn] failed to parse internal time; fallback wall_s=5.385154

=== prio run (rc=0) ===

[stderr]
PROGRAM_TOTAL_NS=5134356362

[warn] failed to parse internal time; fallback wall_s=5.137413

=== baseline run (rc=0) ===

[stderr]
PROGRAM_TOTAL_NS=5369708410

[warn] failed to parse internal time; fallback wall_s=5.372550

=== prio run (rc=0) ===

[stderr]
PROGRAM_TOTAL_NS=5093761743

[warn] failed to parse internal time; fallback wall_s=5.096593

=== baseline run (rc=0) ===

[stderr]
PROGRAM_TOTAL_NS=5322931883

[warn] failed to parse internal time; fallback wall_s=5.325884

=== prio run (rc=0) ===

[stderr]
PROGRAM_TOTAL_NS=5205533632

[warn] failed to parse internal time; fallback wall_s=5.208374

=== baseline run (rc=0) ===

[stderr]
PROGRAM_TOTAL_NS=5265509507

[warn] failed to parse internal time; fallback wall_s=5.268362

=== prio run (rc=0) ===

[stderr]
PROGRAM_TOTAL_NS=5070147004

[warn] failed to parse internal time; fallback wall_s=5.073021

