=== baseline run (rc=0) ===

[stderr]
PROGRAM_TOTAL_NS=86383485301

[warn] failed to parse internal time; fallback wall_s=86.386099

=== prio run (rc=0) ===

[stderr]
PROGRAM_TOTAL_NS=64852893493

[warn] failed to parse internal time; fallback wall_s=64.855768

=== baseline run (rc=0) ===

[stderr]
PROGRAM_TOTAL_NS=75827163806

[warn] failed to parse internal time; fallback wall_s=75.831345

=== prio run (rc=0) ===

[stderr]
PROGRAM_TOTAL_NS=64388192993

[warn] failed to parse internal time; fallback wall_s=64.391109

=== baseline run (rc=0) ===

[stderr]
PROGRAM_TOTAL_NS=76294577891

[warn] failed to parse internal time; fallback wall_s=76.313860

=== prio run (rc=0) ===

[stderr]
PROGRAM_TOTAL_NS=64247332491

[warn] failed to parse internal time; fallback wall_s=64.250595

=== baseline run (rc=0) ===

[stderr]
PROGRAM_TOTAL_NS=86904612100

[warn] failed to parse internal time; fallback wall_s=86.907374

=== prio run (rc=0) ===

[stderr]
PROGRAM_TOTAL_NS=64632053663

[warn] failed to parse internal time; fallback wall_s=64.635534

=== baseline run (rc=0) ===

[stderr]
PROGRAM_TOTAL_NS=87272182995

[warn] failed to parse internal time; fallback wall_s=87.275478

=== prio run (rc=0) ===

[stderr]
PROGRAM_TOTAL_NS=64013262545

[warn] failed to parse internal time; fallback wall_s=64.016131

