[copy] /home/chove/Desktop/mydag/mycallyplus_v1/源文件/time_analysis -> /home/chove/Desktop/mydag/mycallyplus/中间结果/time_analysis/时间分析/time_analysis
[runtime] 写入 time_stat.c/h
[include] /home/chove/Desktop/mydag/mycallyplus/中间结果/time_analysis/时间分析/time_analysis/time_analysis.c 插入 time_stat.h
[ok] /home/chove/Desktop/mydag/mycallyplus/中间结果/time_analysis/时间分析/time_analysis/time_analysis.c:63 printf
[ok] /home/chove/Desktop/mydag/mycallyplus/中间结果/time_analysis/时间分析/time_analysis/time_analysis.c:62 free
[ok] /home/chove/Desktop/mydag/mycallyplus/中间结果/time_analysis/时间分析/time_analysis/time_analysis.c:61 pthread_join
[ok] /home/chove/Desktop/mydag/mycallyplus/中间结果/time_analysis/时间分析/time_analysis/time_analysis.c:60 pthread_create
[ok] /home/chove/Desktop/mydag/mycallyplus/中间结果/time_analysis/时间分析/time_analysis/time_analysis.c:57 malloc
[ok] /home/chove/Desktop/mydag/mycallyplus/中间结果/time_analysis/时间分析/time_analysis/time_analysis.c:51 printf
[ok] /home/chove/Desktop/mydag/mycallyplus/中间结果/time_analysis/时间分析/time_analysis/time_analysis.c:50 insertsort
[ok] /home/chove/Desktop/mydag/mycallyplus/中间结果/time_analysis/时间分析/time_analysis/time_analysis.c:49 free
[ok] /home/chove/Desktop/mydag/mycallyplus/中间结果/time_analysis/时间分析/time_analysis/time_analysis.c:48 pthread_join
[ok] /home/chove/Desktop/mydag/mycallyplus/中间结果/time_analysis/时间分析/time_analysis/time_analysis.c:47 printf
[ok] /home/chove/Desktop/mydag/mycallyplus/中间结果/time_analysis/时间分析/time_analysis/time_analysis.c:46 duff
[ok] /home/chove/Desktop/mydag/mycallyplus/中间结果/time_analysis/时间分析/time_analysis/time_analysis.c:45 printf
[ok] /home/chove/Desktop/mydag/mycallyplus/中间结果/time_analysis/时间分析/time_analysis/time_analysis.c:44 cover
[ok] /home/chove/Desktop/mydag/mycallyplus/中间结果/time_analysis/时间分析/time_analysis/time_analysis.c:43 pthread_create
[ok] /home/chove/Desktop/mydag/mycallyplus/中间结果/time_analysis/时间分析/time_analysis/time_analysis.c:42 printf
[ok] /home/chove/Desktop/mydag/mycallyplus/中间结果/time_analysis/时间分析/time_analysis/time_analysis.c:41 Deg2rad
[ok] /home/chove/Desktop/mydag/mycallyplus/中间结果/time_analysis/时间分析/time_analysis/time_analysis.c:39 malloc
[ok] /home/chove/Desktop/mydag/mycallyplus/中间结果/time_analysis/时间分析/time_analysis/time_analysis.c:34 printf
[ok] /home/chove/Desktop/mydag/mycallyplus/中间结果/time_analysis/时间分析/time_analysis/time_analysis.c:33 ludcmp
[ok] /home/chove/Desktop/mydag/mycallyplus/中间结果/time_analysis/时间分析/time_analysis/time_analysis.c:32 free
[ok] /home/chove/Desktop/mydag/mycallyplus/中间结果/time_analysis/时间分析/time_analysis/time_analysis.c:31 free
[ok] /home/chove/Desktop/mydag/mycallyplus/中间结果/time_analysis/时间分析/time_analysis/time_analysis.c:30 pthread_join
[ok] /home/chove/Desktop/mydag/mycallyplus/中间结果/time_analysis/时间分析/time_analysis/time_analysis.c:29 pthread_join
[ok] /home/chove/Desktop/mydag/mycallyplus/中间结果/time_analysis/时间分析/time_analysis/time_analysis.c:28 printf
[ok] /home/chove/Desktop/mydag/mycallyplus/中间结果/time_analysis/时间分析/time_analysis/time_analysis.c:27 ndes
[ok] /home/chove/Desktop/mydag/mycallyplus/中间结果/time_analysis/时间分析/time_analysis/time_analysis.c:26 pthread_create
[ok] /home/chove/Desktop/mydag/mycallyplus/中间结果/time_analysis/时间分析/time_analysis/time_analysis.c:25 pthread_create
[ok] /home/chove/Desktop/mydag/mycallyplus/中间结果/time_analysis/时间分析/time_analysis/time_analysis.c:24 printf
[ok] /home/chove/Desktop/mydag/mycallyplus/中间结果/time_analysis/时间分析/time_analysis/time_analysis.c:23 minver
[ok] /home/chove/Desktop/mydag/mycallyplus/中间结果/time_analysis/时间分析/time_analysis/time_analysis.c:20 malloc
[ok] /home/chove/Desktop/mydag/mycallyplus/中间结果/time_analysis/时间分析/time_analysis/time_analysis.c:19 malloc
[ok] /home/chove/Desktop/mydag/mycallyplus/中间结果/time_analysis/时间分析/time_analysis/time_analysis.c:15 printf
[ok] /home/chove/Desktop/mydag/mycallyplus/中间结果/time_analysis/时间分析/time_analysis/time_analysis.c:14 prime
[ok] /home/chove/Desktop/mydag/mycallyplus/中间结果/time_analysis/时间分析/time_analysis/time_analysis.c:10 printf
[ok] /home/chove/Desktop/mydag/mycallyplus/中间结果/time_analysis/时间分析/time_analysis/time_analysis.c:9 rad2deg
[build] gcc -O2 -std=c11 -pthread -I. -Iinclude -o app /home/chove/Desktop/mydag/mycallyplus/中间结果/time_analysis/时间分析/time_analysis/src/cover.c /home/chove/Desktop/mydag/mycallyplus/中间结果/time_analysis/时间分析/time_analysis/src/deg2rad.c /home/chove/Desktop/mydag/mycallyplus/中间结果/time_analysis/时间分析/time_analysis/src/duff.c /home/chove/Desktop/mydag/mycallyplus/中间结果/time_analysis/时间分析/time_analysis/src/insertsort.c /home/chove/Desktop/mydag/mycallyplus/中间结果/time_analysis/时间分析/time_analysis/src/ludcmp.c /home/chove/Desktop/mydag/mycallyplus/中间结果/time_analysis/时间分析/time_analysis/src/minver.c /home/chove/Desktop/mydag/mycallyplus/中间结果/time_analysis/时间分析/time_analysis/src/ndes.c /home/chove/Desktop/mydag/mycallyplus/中间结果/time_analysis/时间分析/time_analysis/src/prime.c /home/chove/Desktop/mydag/mycallyplus/中间结果/time_analysis/时间分析/time_analysis/src/rad2deg.c /home/chove/Desktop/mydag/mycallyplus/中间结果/time_analysis/时间分析/time_analysis/time_analysis.c /home/chove/Desktop/mydag/mycallyplus/中间结果/time_analysis/时间分析/time_analysis/time_stat.c -lm -ldl
[run] exit=0
[stdout]
task1结束
task2结束
task3结束
task5结束
task8结束
task6结束
task9结束
task7结束
task4结束
主线程已完成

[meta] 回写 /home/chove/Desktop/mydag/mycallyplus_v1/中间结果/time_analysis/生成dag图/debug/mycalls_meta_internal.json
[summary] 线程耗时汇总 -> /home/chove/Desktop/mydag/mycallyplus_v1/中间结果/time_analysis/生成dag图/debug/thread_time_summary.json
[update] 已回写统计到 /home/chove/Desktop/mydag/mycallyplus_v1/中间结果/time_analysis/生成dag图/debug/mycalls_meta_internal.json