=== baseline run (rc=0) ===

[stderr]
PROGRAM_TOTAL_NS=1690845193

[warn] failed to parse internal time; fallback wall_s=1.693568

=== prio run (rc=0) ===

[stderr]
PROGRAM_TOTAL_NS=1227240540

[warn] failed to parse internal time; fallback wall_s=1.229885

=== baseline run (rc=0) ===

[stderr]
PROGRAM_TOTAL_NS=1683320313

[warn] failed to parse internal time; fallback wall_s=1.686063

=== prio run (rc=0) ===

[stderr]
PROGRAM_TOTAL_NS=1235550083

[warn] failed to parse internal time; fallback wall_s=1.238158

=== baseline run (rc=0) ===

[stderr]
PROGRAM_TOTAL_NS=1768671306

[warn] failed to parse internal time; fallback wall_s=1.771894

=== prio run (rc=0) ===

[stderr]
PROGRAM_TOTAL_NS=1225109054

[warn] failed to parse internal time; fallback wall_s=1.228151

=== baseline run (rc=0) ===

[stderr]
PROGRAM_TOTAL_NS=1712413144

[warn] failed to parse internal time; fallback wall_s=1.716500

=== prio run (rc=0) ===

[stderr]
PROGRAM_TOTAL_NS=1221520080

[warn] failed to parse internal time; fallback wall_s=1.224397

=== baseline run (rc=0) ===

[stderr]
PROGRAM_TOTAL_NS=1757845795

[warn] failed to parse internal time; fallback wall_s=1.760614

=== prio run (rc=0) ===

[stderr]
PROGRAM_TOTAL_NS=1233122624

[warn] failed to parse internal time; fallback wall_s=1.235788

