[copy] /home/chove/Desktop/mydag/mycallyplus_v1/源文件/cpu4_thread10 -> /home/chove/Desktop/mydag/mycallyplus_v1/中间结果/cpu4_thread10/时间分析/cpu4_thread10
[runtime] 写入 time_stat.c/h
[include] /home/chove/Desktop/mydag/mycallyplus_v1/中间结果/cpu4_thread10/时间分析/cpu4_thread10/cpu4_thread10.c 插入 time_stat.h
[ok] /home/chove/Desktop/mydag/mycallyplus_v1/中间结果/cpu4_thread10/时间分析/cpu4_thread10/cpu4_thread10.c:384 printf
[ok] /home/chove/Desktop/mydag/mycallyplus_v1/中间结果/cpu4_thread10/时间分析/cpu4_thread10/cpu4_thread10.c:382 pthread_join
[ok] /home/chove/Desktop/mydag/mycallyplus_v1/中间结果/cpu4_thread10/时间分析/cpu4_thread10/cpu4_thread10.c:381 pthread_join
[ok] /home/chove/Desktop/mydag/mycallyplus_v1/中间结果/cpu4_thread10/时间分析/cpu4_thread10/cpu4_thread10.c:380 pthread_join
[ok] /home/chove/Desktop/mydag/mycallyplus_v1/中间结果/cpu4_thread10/时间分析/cpu4_thread10/cpu4_thread10.c:379 pthread_join
[ok] /home/chove/Desktop/mydag/mycallyplus_v1/中间结果/cpu4_thread10/时间分析/cpu4_thread10/cpu4_thread10.c:378 pthread_join
[ok] /home/chove/Desktop/mydag/mycallyplus_v1/中间结果/cpu4_thread10/时间分析/cpu4_thread10/cpu4_thread10.c:377 pthread_join
[ok] /home/chove/Desktop/mydag/mycallyplus_v1/中间结果/cpu4_thread10/时间分析/cpu4_thread10/cpu4_thread10.c:376 pthread_join
[ok] /home/chove/Desktop/mydag/mycallyplus_v1/中间结果/cpu4_thread10/时间分析/cpu4_thread10/cpu4_thread10.c:375 pthread_join
[ok] /home/chove/Desktop/mydag/mycallyplus_v1/中间结果/cpu4_thread10/时间分析/cpu4_thread10/cpu4_thread10.c:374 pthread_join
[ok] /home/chove/Desktop/mydag/mycallyplus_v1/中间结果/cpu4_thread10/时间分析/cpu4_thread10/cpu4_thread10.c:373 pthread_join
[ok] /home/chove/Desktop/mydag/mycallyplus_v1/中间结果/cpu4_thread10/时间分析/cpu4_thread10/cpu4_thread10.c:370 pthread_attr_destroy
[ok] /home/chove/Desktop/mydag/mycallyplus_v1/中间结果/cpu4_thread10/时间分析/cpu4_thread10/cpu4_thread10.c:369 pthread_create
[ok] /home/chove/Desktop/mydag/mycallyplus_v1/中间结果/cpu4_thread10/时间分析/cpu4_thread10/cpu4_thread10.c:368 pthread_attr_setschedparam
[ok] /home/chove/Desktop/mydag/mycallyplus_v1/中间结果/cpu4_thread10/时间分析/cpu4_thread10/cpu4_thread10.c:366 memset
[ok] /home/chove/Desktop/mydag/mycallyplus_v1/中间结果/cpu4_thread10/时间分析/cpu4_thread10/cpu4_thread10.c:365 pthread_attr_setschedpolicy
[ok] /home/chove/Desktop/mydag/mycallyplus_v1/中间结果/cpu4_thread10/时间分析/cpu4_thread10/cpu4_thread10.c:364 pthread_attr_setinheritsched
[ok] /home/chove/Desktop/mydag/mycallyplus_v1/中间结果/cpu4_thread10/时间分析/cpu4_thread10/cpu4_thread10.c:363 pthread_attr_init
[ok] /home/chove/Desktop/mydag/mycallyplus_v1/中间结果/cpu4_thread10/时间分析/cpu4_thread10/cpu4_thread10.c:356 pthread_attr_destroy
[ok] /home/chove/Desktop/mydag/mycallyplus_v1/中间结果/cpu4_thread10/时间分析/cpu4_thread10/cpu4_thread10.c:355 pthread_create
[ok] /home/chove/Desktop/mydag/mycallyplus_v1/中间结果/cpu4_thread10/时间分析/cpu4_thread10/cpu4_thread10.c:354 pthread_attr_setschedparam
[ok] /home/chove/Desktop/mydag/mycallyplus_v1/中间结果/cpu4_thread10/时间分析/cpu4_thread10/cpu4_thread10.c:352 memset
[ok] /home/chove/Desktop/mydag/mycallyplus_v1/中间结果/cpu4_thread10/时间分析/cpu4_thread10/cpu4_thread10.c:351 pthread_attr_setschedpolicy
[ok] /home/chove/Desktop/mydag/mycallyplus_v1/中间结果/cpu4_thread10/时间分析/cpu4_thread10/cpu4_thread10.c:350 pthread_attr_setinheritsched
[ok] /home/chove/Desktop/mydag/mycallyplus_v1/中间结果/cpu4_thread10/时间分析/cpu4_thread10/cpu4_thread10.c:349 pthread_attr_init
[ok] /home/chove/Desktop/mydag/mycallyplus_v1/中间结果/cpu4_thread10/时间分析/cpu4_thread10/cpu4_thread10.c:342 pthread_attr_destroy
[ok] /home/chove/Desktop/mydag/mycallyplus_v1/中间结果/cpu4_thread10/时间分析/cpu4_thread10/cpu4_thread10.c:341 pthread_create
[ok] /home/chove/Desktop/mydag/mycallyplus_v1/中间结果/cpu4_thread10/时间分析/cpu4_thread10/cpu4_thread10.c:340 pthread_attr_setschedparam
[ok] /home/chove/Desktop/mydag/mycallyplus_v1/中间结果/cpu4_thread10/时间分析/cpu4_thread10/cpu4_thread10.c:338 memset
[ok] /home/chove/Desktop/mydag/mycallyplus_v1/中间结果/cpu4_thread10/时间分析/cpu4_thread10/cpu4_thread10.c:337 pthread_attr_setschedpolicy
[ok] /home/chove/Desktop/mydag/mycallyplus_v1/中间结果/cpu4_thread10/时间分析/cpu4_thread10/cpu4_thread10.c:336 pthread_attr_setinheritsched
[ok] /home/chove/Desktop/mydag/mycallyplus_v1/中间结果/cpu4_thread10/时间分析/cpu4_thread10/cpu4_thread10.c:335 pthread_attr_init
[ok] /home/chove/Desktop/mydag/mycallyplus_v1/中间结果/cpu4_thread10/时间分析/cpu4_thread10/cpu4_thread10.c:328 pthread_attr_destroy
[ok] /home/chove/Desktop/mydag/mycallyplus_v1/中间结果/cpu4_thread10/时间分析/cpu4_thread10/cpu4_thread10.c:327 pthread_create
[ok] /home/chove/Desktop/mydag/mycallyplus_v1/中间结果/cpu4_thread10/时间分析/cpu4_thread10/cpu4_thread10.c:326 pthread_attr_setschedparam
[ok] /home/chove/Desktop/mydag/mycallyplus_v1/中间结果/cpu4_thread10/时间分析/cpu4_thread10/cpu4_thread10.c:324 memset
[ok] /home/chove/Desktop/mydag/mycallyplus_v1/中间结果/cpu4_thread10/时间分析/cpu4_thread10/cpu4_thread10.c:323 pthread_attr_setschedpolicy
[ok] /home/chove/Desktop/mydag/mycallyplus_v1/中间结果/cpu4_thread10/时间分析/cpu4_thread10/cpu4_thread10.c:322 pthread_attr_setinheritsched
[ok] /home/chove/Desktop/mydag/mycallyplus_v1/中间结果/cpu4_thread10/时间分析/cpu4_thread10/cpu4_thread10.c:321 pthread_attr_init
[ok] /home/chove/Desktop/mydag/mycallyplus_v1/中间结果/cpu4_thread10/时间分析/cpu4_thread10/cpu4_thread10.c:314 pthread_attr_destroy
[ok] /home/chove/Desktop/mydag/mycallyplus_v1/中间结果/cpu4_thread10/时间分析/cpu4_thread10/cpu4_thread10.c:313 pthread_create
[ok] /home/chove/Desktop/mydag/mycallyplus_v1/中间结果/cpu4_thread10/时间分析/cpu4_thread10/cpu4_thread10.c:312 pthread_attr_setschedparam
[ok] /home/chove/Desktop/mydag/mycallyplus_v1/中间结果/cpu4_thread10/时间分析/cpu4_thread10/cpu4_thread10.c:310 memset
[ok] /home/chove/Desktop/mydag/mycallyplus_v1/中间结果/cpu4_thread10/时间分析/cpu4_thread10/cpu4_thread10.c:309 pthread_attr_setschedpolicy
[ok] /home/chove/Desktop/mydag/mycallyplus_v1/中间结果/cpu4_thread10/时间分析/cpu4_thread10/cpu4_thread10.c:308 pthread_attr_setinheritsched
[ok] /home/chove/Desktop/mydag/mycallyplus_v1/中间结果/cpu4_thread10/时间分析/cpu4_thread10/cpu4_thread10.c:307 pthread_attr_init
[ok] /home/chove/Desktop/mydag/mycallyplus_v1/中间结果/cpu4_thread10/时间分析/cpu4_thread10/cpu4_thread10.c:300 pthread_attr_destroy
[ok] /home/chove/Desktop/mydag/mycallyplus_v1/中间结果/cpu4_thread10/时间分析/cpu4_thread10/cpu4_thread10.c:299 pthread_create
[ok] /home/chove/Desktop/mydag/mycallyplus_v1/中间结果/cpu4_thread10/时间分析/cpu4_thread10/cpu4_thread10.c:298 pthread_attr_setschedparam
[ok] /home/chove/Desktop/mydag/mycallyplus_v1/中间结果/cpu4_thread10/时间分析/cpu4_thread10/cpu4_thread10.c:296 memset
[ok] /home/chove/Desktop/mydag/mycallyplus_v1/中间结果/cpu4_thread10/时间分析/cpu4_thread10/cpu4_thread10.c:295 pthread_attr_setschedpolicy
[ok] /home/chove/Desktop/mydag/mycallyplus_v1/中间结果/cpu4_thread10/时间分析/cpu4_thread10/cpu4_thread10.c:294 pthread_attr_setinheritsched
[ok] /home/chove/Desktop/mydag/mycallyplus_v1/中间结果/cpu4_thread10/时间分析/cpu4_thread10/cpu4_thread10.c:293 pthread_attr_init
[ok] /home/chove/Desktop/mydag/mycallyplus_v1/中间结果/cpu4_thread10/时间分析/cpu4_thread10/cpu4_thread10.c:286 pthread_attr_destroy
[ok] /home/chove/Desktop/mydag/mycallyplus_v1/中间结果/cpu4_thread10/时间分析/cpu4_thread10/cpu4_thread10.c:285 pthread_create
[ok] /home/chove/Desktop/mydag/mycallyplus_v1/中间结果/cpu4_thread10/时间分析/cpu4_thread10/cpu4_thread10.c:284 pthread_attr_setschedparam
[ok] /home/chove/Desktop/mydag/mycallyplus_v1/中间结果/cpu4_thread10/时间分析/cpu4_thread10/cpu4_thread10.c:282 memset
[ok] /home/chove/Desktop/mydag/mycallyplus_v1/中间结果/cpu4_thread10/时间分析/cpu4_thread10/cpu4_thread10.c:281 pthread_attr_setschedpolicy
[ok] /home/chove/Desktop/mydag/mycallyplus_v1/中间结果/cpu4_thread10/时间分析/cpu4_thread10/cpu4_thread10.c:280 pthread_attr_setinheritsched
[ok] /home/chove/Desktop/mydag/mycallyplus_v1/中间结果/cpu4_thread10/时间分析/cpu4_thread10/cpu4_thread10.c:279 pthread_attr_init
[ok] /home/chove/Desktop/mydag/mycallyplus_v1/中间结果/cpu4_thread10/时间分析/cpu4_thread10/cpu4_thread10.c:272 pthread_attr_destroy
[ok] /home/chove/Desktop/mydag/mycallyplus_v1/中间结果/cpu4_thread10/时间分析/cpu4_thread10/cpu4_thread10.c:271 pthread_create
[ok] /home/chove/Desktop/mydag/mycallyplus_v1/中间结果/cpu4_thread10/时间分析/cpu4_thread10/cpu4_thread10.c:270 pthread_attr_setschedparam
[ok] /home/chove/Desktop/mydag/mycallyplus_v1/中间结果/cpu4_thread10/时间分析/cpu4_thread10/cpu4_thread10.c:268 memset
[ok] /home/chove/Desktop/mydag/mycallyplus_v1/中间结果/cpu4_thread10/时间分析/cpu4_thread10/cpu4_thread10.c:267 pthread_attr_setschedpolicy
[ok] /home/chove/Desktop/mydag/mycallyplus_v1/中间结果/cpu4_thread10/时间分析/cpu4_thread10/cpu4_thread10.c:266 pthread_attr_setinheritsched
[ok] /home/chove/Desktop/mydag/mycallyplus_v1/中间结果/cpu4_thread10/时间分析/cpu4_thread10/cpu4_thread10.c:265 pthread_attr_init
[ok] /home/chove/Desktop/mydag/mycallyplus_v1/中间结果/cpu4_thread10/时间分析/cpu4_thread10/cpu4_thread10.c:258 pthread_attr_destroy
[ok] /home/chove/Desktop/mydag/mycallyplus_v1/中间结果/cpu4_thread10/时间分析/cpu4_thread10/cpu4_thread10.c:257 pthread_create
[ok] /home/chove/Desktop/mydag/mycallyplus_v1/中间结果/cpu4_thread10/时间分析/cpu4_thread10/cpu4_thread10.c:256 pthread_attr_setschedparam
[ok] /home/chove/Desktop/mydag/mycallyplus_v1/中间结果/cpu4_thread10/时间分析/cpu4_thread10/cpu4_thread10.c:254 memset
[ok] /home/chove/Desktop/mydag/mycallyplus_v1/中间结果/cpu4_thread10/时间分析/cpu4_thread10/cpu4_thread10.c:253 pthread_attr_setschedpolicy
[ok] /home/chove/Desktop/mydag/mycallyplus_v1/中间结果/cpu4_thread10/时间分析/cpu4_thread10/cpu4_thread10.c:252 pthread_attr_setinheritsched
[ok] /home/chove/Desktop/mydag/mycallyplus_v1/中间结果/cpu4_thread10/时间分析/cpu4_thread10/cpu4_thread10.c:251 pthread_attr_init
[ok] /home/chove/Desktop/mydag/mycallyplus_v1/中间结果/cpu4_thread10/时间分析/cpu4_thread10/cpu4_thread10.c:244 pthread_attr_destroy
[ok] /home/chove/Desktop/mydag/mycallyplus_v1/中间结果/cpu4_thread10/时间分析/cpu4_thread10/cpu4_thread10.c:243 pthread_create
[ok] /home/chove/Desktop/mydag/mycallyplus_v1/中间结果/cpu4_thread10/时间分析/cpu4_thread10/cpu4_thread10.c:242 pthread_attr_setschedparam
[ok] /home/chove/Desktop/mydag/mycallyplus_v1/中间结果/cpu4_thread10/时间分析/cpu4_thread10/cpu4_thread10.c:240 memset
[ok] /home/chove/Desktop/mydag/mycallyplus_v1/中间结果/cpu4_thread10/时间分析/cpu4_thread10/cpu4_thread10.c:239 pthread_attr_setschedpolicy
[ok] /home/chove/Desktop/mydag/mycallyplus_v1/中间结果/cpu4_thread10/时间分析/cpu4_thread10/cpu4_thread10.c:238 pthread_attr_setinheritsched
[ok] /home/chove/Desktop/mydag/mycallyplus_v1/中间结果/cpu4_thread10/时间分析/cpu4_thread10/cpu4_thread10.c:237 pthread_attr_init
[ok] /home/chove/Desktop/mydag/mycallyplus_v1/中间结果/cpu4_thread10/时间分析/cpu4_thread10/cpu4_thread10.c:227 __errno_location
[ok] /home/chove/Desktop/mydag/mycallyplus_v1/中间结果/cpu4_thread10/时间分析/cpu4_thread10/cpu4_thread10.c:227 strerror
[ok] /home/chove/Desktop/mydag/mycallyplus_v1/中间结果/cpu4_thread10/时间分析/cpu4_thread10/cpu4_thread10.c:227 fprintf
[ok] /home/chove/Desktop/mydag/mycallyplus_v1/中间结果/cpu4_thread10/时间分析/cpu4_thread10/cpu4_thread10.c:226 sched_setaffinity (cond-expr)
[ok] /home/chove/Desktop/mydag/mycallyplus_v1/中间结果/cpu4_thread10/时间分析/cpu4_thread10/cpu4_thread10.c:204 printf
[ok] /home/chove/Desktop/mydag/mycallyplus_v1/中间结果/cpu4_thread10/时间分析/cpu4_thread10/cpu4_thread10.c:186 printf
[ok] /home/chove/Desktop/mydag/mycallyplus_v1/中间结果/cpu4_thread10/时间分析/cpu4_thread10/cpu4_thread10.c:168 printf
[ok] /home/chove/Desktop/mydag/mycallyplus_v1/中间结果/cpu4_thread10/时间分析/cpu4_thread10/cpu4_thread10.c:150 printf
[ok] /home/chove/Desktop/mydag/mycallyplus_v1/中间结果/cpu4_thread10/时间分析/cpu4_thread10/cpu4_thread10.c:132 printf
[ok] /home/chove/Desktop/mydag/mycallyplus_v1/中间结果/cpu4_thread10/时间分析/cpu4_thread10/cpu4_thread10.c:114 printf
[ok] /home/chove/Desktop/mydag/mycallyplus_v1/中间结果/cpu4_thread10/时间分析/cpu4_thread10/cpu4_thread10.c:96 printf
[ok] /home/chove/Desktop/mydag/mycallyplus_v1/中间结果/cpu4_thread10/时间分析/cpu4_thread10/cpu4_thread10.c:79 printf
[ok] /home/chove/Desktop/mydag/mycallyplus_v1/中间结果/cpu4_thread10/时间分析/cpu4_thread10/cpu4_thread10.c:61 printf
[ok] /home/chove/Desktop/mydag/mycallyplus_v1/中间结果/cpu4_thread10/时间分析/cpu4_thread10/cpu4_thread10.c:43 printf
[build] gcc -O2 -std=c11 -pthread -I. -Iinclude -o app /home/chove/Desktop/mydag/mycallyplus_v1/中间结果/cpu4_thread10/时间分析/cpu4_thread10/cpu4_thread10.c /home/chove/Desktop/mydag/mycallyplus_v1/中间结果/cpu4_thread10/时间分析/cpu4_thread10/time_stat.c -lm -ldl
[run] exit=0
[stdout]
worker1 done
worker2 done
worker0 done
worker3 done
worker4 done
worker7 done
worker5 done
worker6 done
worker9 done
worker8 done
done. sample=547008.000000

[meta] 回写 /home/chove/Desktop/mydag/mycallyplus_v1/中间结果/cpu4_thread10/生成dag图/debug/mycalls_meta_internal.json
[summary] 线程耗时汇总 -> /home/chove/Desktop/mydag/mycallyplus_v1/中间结果/cpu4_thread10/生成dag图/debug/thread_time_summary.json
[update] 已回写统计到 /home/chove/Desktop/mydag/mycallyplus_v1/中间结果/cpu4_thread10/生成dag图/debug/mycalls_meta_internal.json
[metrics] -> /home/chove/Desktop/mydag/mycallyplus_v1/中间结果/cpu4_thread10/时间分析/cpu4_thread10/metrics.json
[weighted_dag] /home/chove/Desktop/mydag/mycallyplus_v1/中间结果/cpu4_thread10/生成dag图/dag.dot + time_result -> /home/chove/Desktop/mydag/mycallyplus_v1/中间结果/cpu4_thread10/时间分析/cpu4_thread10/dag_weighted.dot
[skipgen] /home/chove/Desktop/mydag/mycallyplus_v1/中间结果/cpu4_thread10/时间分析/cpu4_thread10/cpu4_thread10.c:386 跳过编译器内部调用 main/__stack_chk_fail86