=== baseline run (rc=0) ===

[stderr]
PROGRAM_TOTAL_NS=4535002044

[warn] failed to parse internal time; fallback wall_s=4.548510

=== prio run (rc=0) ===

[stderr]
PROGRAM_TOTAL_NS=3076458876

[warn] failed to parse internal time; fallback wall_s=3.082693

=== baseline run (rc=0) ===

[stderr]
PROGRAM_TOTAL_NS=4487026836

[warn] failed to parse internal time; fallback wall_s=4.493320

=== prio run (rc=0) ===

[stderr]
PROGRAM_TOTAL_NS=3270715709

[warn] failed to parse internal time; fallback wall_s=3.277047

=== baseline run (rc=0) ===

[stderr]
PROGRAM_TOTAL_NS=4516147419

[warn] failed to parse internal time; fallback wall_s=4.522728

=== prio run (rc=0) ===

[stderr]
PROGRAM_TOTAL_NS=3459354710

[warn] failed to parse internal time; fallback wall_s=3.465603

=== baseline run (rc=0) ===

[stderr]
PROGRAM_TOTAL_NS=4531202961

[warn] failed to parse internal time; fallback wall_s=4.537430

=== prio run (rc=0) ===

[stderr]
PROGRAM_TOTAL_NS=3074768085

[warn] failed to parse internal time; fallback wall_s=3.081139

=== baseline run (rc=0) ===

[stderr]
PROGRAM_TOTAL_NS=4517620336

[warn] failed to parse internal time; fallback wall_s=4.523819

=== prio run (rc=0) ===

[stderr]
PROGRAM_TOTAL_NS=3085322043

[warn] failed to parse internal time; fallback wall_s=3.091492

=== baseline run (rc=0) ===

[stderr]
PROGRAM_TOTAL_NS=4505650336

[warn] failed to parse internal time; fallback wall_s=4.511734

=== prio run (rc=0) ===

[stderr]
PROGRAM_TOTAL_NS=3127919668

[warn] failed to parse internal time; fallback wall_s=3.135303

=== baseline run (rc=0) ===

[stderr]
PROGRAM_TOTAL_NS=4548864252

[warn] failed to parse internal time; fallback wall_s=4.563646

=== prio run (rc=0) ===

[stderr]
PROGRAM_TOTAL_NS=3075413251

[warn] failed to parse internal time; fallback wall_s=3.081712

=== baseline run (rc=0) ===

[stderr]
PROGRAM_TOTAL_NS=4461133669

[warn] failed to parse internal time; fallback wall_s=4.467488

=== prio run (rc=0) ===

[stderr]
PROGRAM_TOTAL_NS=3259875626

[warn] failed to parse internal time; fallback wall_s=3.266218

=== baseline run (rc=0) ===

[stderr]
PROGRAM_TOTAL_NS=4471290544

[warn] failed to parse internal time; fallback wall_s=4.477373

=== prio run (rc=0) ===

[stderr]
PROGRAM_TOTAL_NS=3481441168

[warn] failed to parse internal time; fallback wall_s=3.487578

=== baseline run (rc=0) ===

[stderr]
PROGRAM_TOTAL_NS=4445963085

[warn] failed to parse internal time; fallback wall_s=4.452149

=== prio run (rc=0) ===

[stderr]
PROGRAM_TOTAL_NS=3078124002

[warn] failed to parse internal time; fallback wall_s=3.084259

=== baseline run (rc=0) ===

[stderr]
PROGRAM_TOTAL_NS=4415630919

[warn] failed to parse internal time; fallback wall_s=4.421823

=== prio run (rc=0) ===

[stderr]
PROGRAM_TOTAL_NS=3075858626

[warn] failed to parse internal time; fallback wall_s=3.082054

=== baseline run (rc=0) ===

[stderr]
PROGRAM_TOTAL_NS=4479913960

[warn] failed to parse internal time; fallback wall_s=4.486993

=== prio run (rc=0) ===

[stderr]
PROGRAM_TOTAL_NS=3087586251

[warn] failed to parse internal time; fallback wall_s=3.093740

=== baseline run (rc=0) ===

[stderr]
PROGRAM_TOTAL_NS=4502691960

[warn] failed to parse internal time; fallback wall_s=4.508873

=== prio run (rc=0) ===

[stderr]
PROGRAM_TOTAL_NS=3429465126

[warn] failed to parse internal time; fallback wall_s=3.435956

=== baseline run (rc=0) ===

[stderr]
PROGRAM_TOTAL_NS=4538824877

[warn] failed to parse internal time; fallback wall_s=4.547178

=== prio run (rc=0) ===

[stderr]
PROGRAM_TOTAL_NS=3076068335

[warn] failed to parse internal time; fallback wall_s=3.082107

=== baseline run (rc=0) ===

[stderr]
PROGRAM_TOTAL_NS=4489493752

[warn] failed to parse internal time; fallback wall_s=4.495895

=== prio run (rc=0) ===

[stderr]
PROGRAM_TOTAL_NS=3075268585

[warn] failed to parse internal time; fallback wall_s=3.082213

=== baseline run (rc=0) ===

[stderr]
PROGRAM_TOTAL_NS=4502583753

[warn] failed to parse internal time; fallback wall_s=4.508699

=== prio run (rc=0) ===

[stderr]
PROGRAM_TOTAL_NS=3232793127

[warn] failed to parse internal time; fallback wall_s=3.239099

=== baseline run (rc=0) ===

[stderr]
PROGRAM_TOTAL_NS=4516163461

[warn] failed to parse internal time; fallback wall_s=4.522392

=== prio run (rc=0) ===

[stderr]
PROGRAM_TOTAL_NS=3075767043

[warn] failed to parse internal time; fallback wall_s=3.082066

=== baseline run (rc=0) ===

[stderr]
PROGRAM_TOTAL_NS=4458389253

[warn] failed to parse internal time; fallback wall_s=4.464594

=== prio run (rc=0) ===

[stderr]
PROGRAM_TOTAL_NS=3075212001

[warn] failed to parse internal time; fallback wall_s=3.081372

=== baseline run (rc=0) ===

[stderr]
PROGRAM_TOTAL_NS=4482265085

[warn] failed to parse internal time; fallback wall_s=4.488496

=== prio run (rc=0) ===

[stderr]
PROGRAM_TOTAL_NS=3075827710

[warn] failed to parse internal time; fallback wall_s=3.082024

=== baseline run (rc=0) ===

[stderr]
PROGRAM_TOTAL_NS=4453215960

[warn] failed to parse internal time; fallback wall_s=4.459343

=== prio run (rc=0) ===

[stderr]
PROGRAM_TOTAL_NS=3267646710

[warn] failed to parse internal time; fallback wall_s=3.273912

=== baseline run (rc=0) ===

[stderr]
PROGRAM_TOTAL_NS=4505205252

[warn] failed to parse internal time; fallback wall_s=4.511336

=== prio run (rc=0) ===

[stderr]
PROGRAM_TOTAL_NS=3323335002

[warn] failed to parse internal time; fallback wall_s=3.330521

=== baseline run (rc=0) ===

[stderr]
PROGRAM_TOTAL_NS=4515065628

[warn] failed to parse internal time; fallback wall_s=4.521325

=== prio run (rc=0) ===

[stderr]
PROGRAM_TOTAL_NS=3078949710

[warn] failed to parse internal time; fallback wall_s=3.085024

=== baseline run (rc=0) ===

[stderr]
PROGRAM_TOTAL_NS=4448554835

[warn] failed to parse internal time; fallback wall_s=4.454947

=== prio run (rc=0) ===

[stderr]
PROGRAM_TOTAL_NS=3178878043

[warn] failed to parse internal time; fallback wall_s=3.185053

=== baseline run (rc=0) ===

[stderr]
PROGRAM_TOTAL_NS=4491386211

[warn] failed to parse internal time; fallback wall_s=4.497627

=== prio run (rc=0) ===

[stderr]
PROGRAM_TOTAL_NS=3075716585

[warn] failed to parse internal time; fallback wall_s=3.081915

=== baseline run (rc=0) ===

[stderr]
PROGRAM_TOTAL_NS=4467631586

[warn] failed to parse internal time; fallback wall_s=4.473901

=== prio run (rc=0) ===

[stderr]
PROGRAM_TOTAL_NS=3312039418

[warn] failed to parse internal time; fallback wall_s=3.318409

=== baseline run (rc=0) ===

[stderr]
PROGRAM_TOTAL_NS=4488046336

[warn] failed to parse internal time; fallback wall_s=4.494279

=== prio run (rc=0) ===

[stderr]
PROGRAM_TOTAL_NS=3380114835

[warn] failed to parse internal time; fallback wall_s=3.386156

=== baseline run (rc=0) ===

[stderr]
PROGRAM_TOTAL_NS=4481034252

[warn] failed to parse internal time; fallback wall_s=4.487318

=== prio run (rc=0) ===

[stderr]
PROGRAM_TOTAL_NS=3075506001

[warn] failed to parse internal time; fallback wall_s=3.081723

=== baseline run (rc=0) ===

[stderr]
PROGRAM_TOTAL_NS=4501576627

[warn] failed to parse internal time; fallback wall_s=4.507605

=== prio run (rc=0) ===

[stderr]
PROGRAM_TOTAL_NS=3083071835

[warn] failed to parse internal time; fallback wall_s=3.089431

=== baseline run (rc=0) ===

[stderr]
PROGRAM_TOTAL_NS=4514506211

[warn] failed to parse internal time; fallback wall_s=4.521605

=== prio run (rc=0) ===

[stderr]
PROGRAM_TOTAL_NS=3094623294

[warn] failed to parse internal time; fallback wall_s=3.100900

=== baseline run (rc=0) ===

[stderr]
PROGRAM_TOTAL_NS=4486841918

[warn] failed to parse internal time; fallback wall_s=4.493015

=== prio run (rc=0) ===

[stderr]
PROGRAM_TOTAL_NS=3075918418

[warn] failed to parse internal time; fallback wall_s=3.082049

=== baseline run (rc=0) ===

[stderr]
PROGRAM_TOTAL_NS=4480796836

[warn] failed to parse internal time; fallback wall_s=4.488036

=== prio run (rc=0) ===

[stderr]
PROGRAM_TOTAL_NS=3075665835

[warn] failed to parse internal time; fallback wall_s=3.081832

=== baseline run (rc=0) ===

[stderr]
PROGRAM_TOTAL_NS=4507847752

[warn] failed to parse internal time; fallback wall_s=4.514052

=== prio run (rc=0) ===

[stderr]
PROGRAM_TOTAL_NS=3075825668

[warn] failed to parse internal time; fallback wall_s=3.081963

=== baseline run (rc=0) ===

[stderr]
PROGRAM_TOTAL_NS=4491895252

[warn] failed to parse internal time; fallback wall_s=4.498187

=== prio run (rc=0) ===

[stderr]
PROGRAM_TOTAL_NS=3075771710

[warn] failed to parse internal time; fallback wall_s=3.082921

=== baseline run (rc=0) ===

[stderr]
PROGRAM_TOTAL_NS=4455630086

[warn] failed to parse internal time; fallback wall_s=4.462036

=== prio run (rc=0) ===

[stderr]
PROGRAM_TOTAL_NS=3265545418

[warn] failed to parse internal time; fallback wall_s=3.271744

=== baseline run (rc=0) ===

[stderr]
PROGRAM_TOTAL_NS=4490975127

[warn] failed to parse internal time; fallback wall_s=4.497118

=== prio run (rc=0) ===

[stderr]
PROGRAM_TOTAL_NS=3374826543

[warn] failed to parse internal time; fallback wall_s=3.381190

=== baseline run (rc=0) ===

[stderr]
PROGRAM_TOTAL_NS=4485395252

[warn] failed to parse internal time; fallback wall_s=4.492678

=== prio run (rc=0) ===

[stderr]
PROGRAM_TOTAL_NS=3238416044

[warn] failed to parse internal time; fallback wall_s=3.244950

=== baseline run (rc=0) ===

[stderr]
PROGRAM_TOTAL_NS=4494388210

[warn] failed to parse internal time; fallback wall_s=4.500839

=== prio run (rc=0) ===

[stderr]
PROGRAM_TOTAL_NS=3075880501

[warn] failed to parse internal time; fallback wall_s=3.083161

=== baseline run (rc=0) ===

[stderr]
PROGRAM_TOTAL_NS=4544146253

[warn] failed to parse internal time; fallback wall_s=4.551512

=== prio run (rc=0) ===

[stderr]
PROGRAM_TOTAL_NS=3133169376

[warn] failed to parse internal time; fallback wall_s=3.139368

=== baseline run (rc=0) ===

[stderr]
PROGRAM_TOTAL_NS=4499607002

[warn] failed to parse internal time; fallback wall_s=4.507179

=== prio run (rc=0) ===

[stderr]
PROGRAM_TOTAL_NS=3262825210

[warn] failed to parse internal time; fallback wall_s=3.269913

=== baseline run (rc=0) ===

[stderr]
PROGRAM_TOTAL_NS=4490083544

[warn] failed to parse internal time; fallback wall_s=4.497316

=== prio run (rc=0) ===

[stderr]
PROGRAM_TOTAL_NS=3092464959

[warn] failed to parse internal time; fallback wall_s=3.098699

=== baseline run (rc=0) ===

[stderr]
PROGRAM_TOTAL_NS=4482318169

[warn] failed to parse internal time; fallback wall_s=4.488582

=== prio run (rc=0) ===

[stderr]
PROGRAM_TOTAL_NS=3198195460

[warn] failed to parse internal time; fallback wall_s=3.204340

=== baseline run (rc=0) ===

[stderr]
PROGRAM_TOTAL_NS=4490090794

[warn] failed to parse internal time; fallback wall_s=4.496192

=== prio run (rc=0) ===

[stderr]
PROGRAM_TOTAL_NS=3383685460

[warn] failed to parse internal time; fallback wall_s=3.389922

=== baseline run (rc=0) ===

[stderr]
PROGRAM_TOTAL_NS=4454214043

[warn] failed to parse internal time; fallback wall_s=4.460513

=== prio run (rc=0) ===

[stderr]
PROGRAM_TOTAL_NS=3076546960

[warn] failed to parse internal time; fallback wall_s=3.082693

=== baseline run (rc=0) ===

[stderr]
PROGRAM_TOTAL_NS=4481261752

[warn] failed to parse internal time; fallback wall_s=4.487659

=== prio run (rc=0) ===

[stderr]
PROGRAM_TOTAL_NS=3184455460

[warn] failed to parse internal time; fallback wall_s=3.190625

=== baseline run (rc=0) ===

[stderr]
PROGRAM_TOTAL_NS=4511335502

[warn] failed to parse internal time; fallback wall_s=4.518375

=== prio run (rc=0) ===

[stderr]
PROGRAM_TOTAL_NS=3085601459

[warn] failed to parse internal time; fallback wall_s=3.091771

=== baseline run (rc=0) ===

[stderr]
PROGRAM_TOTAL_NS=4528698419

[warn] failed to parse internal time; fallback wall_s=4.534896

=== prio run (rc=0) ===

[stderr]
PROGRAM_TOTAL_NS=3075466334

[warn] failed to parse internal time; fallback wall_s=3.081991

=== baseline run (rc=0) ===

[stderr]
PROGRAM_TOTAL_NS=4487956377

[warn] failed to parse internal time; fallback wall_s=4.494242

=== prio run (rc=0) ===

[stderr]
PROGRAM_TOTAL_NS=3197828751

[warn] failed to parse internal time; fallback wall_s=3.204738

=== baseline run (rc=0) ===

[stderr]
PROGRAM_TOTAL_NS=4485070919

[warn] failed to parse internal time; fallback wall_s=4.492350

=== prio run (rc=0) ===

[stderr]
PROGRAM_TOTAL_NS=3075459626

[warn] failed to parse internal time; fallback wall_s=3.081599

=== baseline run (rc=0) ===

[stderr]
PROGRAM_TOTAL_NS=4489439502

[warn] failed to parse internal time; fallback wall_s=4.495794

=== prio run (rc=0) ===

[stderr]
PROGRAM_TOTAL_NS=3488560377

[warn] failed to parse internal time; fallback wall_s=3.495385

=== baseline run (rc=0) ===

[stderr]
PROGRAM_TOTAL_NS=4458436002

[warn] failed to parse internal time; fallback wall_s=4.467732

=== prio run (rc=0) ===

[stderr]
PROGRAM_TOTAL_NS=3207323502

[warn] failed to parse internal time; fallback wall_s=3.213437

