=== baseline run (rc=0) ===

[stderr]
PROGRAM_TOTAL_NS=26112644931

[warn] failed to parse internal time; fallback wall_s=26.115290

=== prio run (rc=0) ===

[stderr]
PROGRAM_TOTAL_NS=19272416206

[warn] failed to parse internal time; fallback wall_s=19.275435

=== baseline run (rc=0) ===

[stderr]
PROGRAM_TOTAL_NS=26014156067

[warn] failed to parse internal time; fallback wall_s=26.017299

=== prio run (rc=0) ===

[stderr]
PROGRAM_TOTAL_NS=19380655438

[warn] failed to parse internal time; fallback wall_s=19.383751

=== baseline run (rc=0) ===

[stderr]
PROGRAM_TOTAL_NS=26295262552

[warn] failed to parse internal time; fallback wall_s=26.297967

=== prio run (rc=0) ===

[stderr]
PROGRAM_TOTAL_NS=19339559636

[warn] failed to parse internal time; fallback wall_s=19.342436

=== baseline run (rc=0) ===

[stderr]
PROGRAM_TOTAL_NS=26347804969

[warn] failed to parse internal time; fallback wall_s=26.350571

=== prio run (rc=0) ===

[stderr]
PROGRAM_TOTAL_NS=19344294029

[warn] failed to parse internal time; fallback wall_s=19.347369

=== baseline run (rc=0) ===

[stderr]
PROGRAM_TOTAL_NS=25606692028

[warn] failed to parse internal time; fallback wall_s=25.609771

=== prio run (rc=0) ===

[stderr]
PROGRAM_TOTAL_NS=19300813167

[warn] failed to parse internal time; fallback wall_s=19.304350

