=== baseline run (rc=0) ===

[stderr]
PROGRAM_TOTAL_NS=2503582159

[warn] failed to parse internal time; fallback wall_s=2.506394

=== prio run (rc=0) ===

[stderr]
PROGRAM_TOTAL_NS=1904415280

[warn] failed to parse internal time; fallback wall_s=1.907128

=== baseline run (rc=0) ===

[stderr]
PROGRAM_TOTAL_NS=2605842145

[warn] failed to parse internal time; fallback wall_s=2.609199

=== prio run (rc=0) ===

[stderr]
PROGRAM_TOTAL_NS=1886344865

[warn] failed to parse internal time; fallback wall_s=1.889105

=== baseline run (rc=0) ===

[stderr]
PROGRAM_TOTAL_NS=2638897724

[warn] failed to parse internal time; fallback wall_s=2.641614

=== prio run (rc=0) ===

[stderr]
PROGRAM_TOTAL_NS=1891005137

[warn] failed to parse internal time; fallback wall_s=1.893848

=== baseline run (rc=0) ===

[stderr]
PROGRAM_TOTAL_NS=2629210695

[warn] failed to parse internal time; fallback wall_s=2.631933

=== prio run (rc=0) ===

[stderr]
PROGRAM_TOTAL_NS=1889300691

[warn] failed to parse internal time; fallback wall_s=1.892198

=== baseline run (rc=0) ===

[stderr]
PROGRAM_TOTAL_NS=2639861652

[warn] failed to parse internal time; fallback wall_s=2.643365

=== prio run (rc=0) ===

[stderr]
PROGRAM_TOTAL_NS=1874677043

[warn] failed to parse internal time; fallback wall_s=1.877475

=== baseline run (rc=0) ===

[stderr]
PROGRAM_TOTAL_NS=2373411204

[warn] failed to parse internal time; fallback wall_s=2.376174

=== prio run (rc=0) ===

[stderr]
PROGRAM_TOTAL_NS=1899521738

[warn] failed to parse internal time; fallback wall_s=1.903615

=== baseline run (rc=0) ===

[stderr]
PROGRAM_TOTAL_NS=2626028554

[warn] failed to parse internal time; fallback wall_s=2.628914

=== prio run (rc=0) ===

[stderr]
PROGRAM_TOTAL_NS=1845908484

[warn] failed to parse internal time; fallback wall_s=1.848780

=== baseline run (rc=0) ===

[stderr]
PROGRAM_TOTAL_NS=2619936778

[warn] failed to parse internal time; fallback wall_s=2.622596

=== prio run (rc=0) ===

[stderr]
PROGRAM_TOTAL_NS=1883622828

[warn] failed to parse internal time; fallback wall_s=1.886436

=== baseline run (rc=0) ===

[stderr]
PROGRAM_TOTAL_NS=2573001164

[warn] failed to parse internal time; fallback wall_s=2.575811

=== prio run (rc=0) ===

[stderr]
PROGRAM_TOTAL_NS=1883522741

[warn] failed to parse internal time; fallback wall_s=1.886694

=== baseline run (rc=0) ===

[stderr]
PROGRAM_TOTAL_NS=2590145798

[warn] failed to parse internal time; fallback wall_s=2.593078

=== prio run (rc=0) ===

[stderr]
PROGRAM_TOTAL_NS=1881167732

[warn] failed to parse internal time; fallback wall_s=1.884105

=== baseline run (rc=0) ===

[stderr]
PROGRAM_TOTAL_NS=2550648789

[warn] failed to parse internal time; fallback wall_s=2.553503

=== prio run (rc=0) ===

[stderr]
PROGRAM_TOTAL_NS=1897533860

[warn] failed to parse internal time; fallback wall_s=1.900423

=== baseline run (rc=0) ===

[stderr]
PROGRAM_TOTAL_NS=2539122307

[warn] failed to parse internal time; fallback wall_s=2.542912

=== prio run (rc=0) ===

[stderr]
PROGRAM_TOTAL_NS=1929584043

[warn] failed to parse internal time; fallback wall_s=1.932235

=== baseline run (rc=0) ===

[stderr]
PROGRAM_TOTAL_NS=2469873288

[warn] failed to parse internal time; fallback wall_s=2.472592

=== prio run (rc=0) ===

[stderr]
PROGRAM_TOTAL_NS=1883534439

[warn] failed to parse internal time; fallback wall_s=1.886144

=== baseline run (rc=0) ===

[stderr]
PROGRAM_TOTAL_NS=2604456882

[warn] failed to parse internal time; fallback wall_s=2.607262

=== prio run (rc=0) ===

[stderr]
PROGRAM_TOTAL_NS=1890025998

[warn] failed to parse internal time; fallback wall_s=1.892663

=== baseline run (rc=0) ===

[stderr]
PROGRAM_TOTAL_NS=2563934538

[warn] failed to parse internal time; fallback wall_s=2.566683

=== prio run (rc=0) ===

[stderr]
PROGRAM_TOTAL_NS=1891758343

[warn] failed to parse internal time; fallback wall_s=1.894372

=== baseline run (rc=0) ===

[stderr]
PROGRAM_TOTAL_NS=2631264207

[warn] failed to parse internal time; fallback wall_s=2.634051

=== prio run (rc=0) ===

[stderr]
PROGRAM_TOTAL_NS=1875689016

[warn] failed to parse internal time; fallback wall_s=1.878413

=== baseline run (rc=0) ===

[stderr]
PROGRAM_TOTAL_NS=2574751429

[warn] failed to parse internal time; fallback wall_s=2.578608

=== prio run (rc=0) ===

[stderr]
PROGRAM_TOTAL_NS=1882370808

[warn] failed to parse internal time; fallback wall_s=1.885267

=== baseline run (rc=0) ===

[stderr]
PROGRAM_TOTAL_NS=2621113779

[warn] failed to parse internal time; fallback wall_s=2.623980

=== prio run (rc=0) ===

[stderr]
PROGRAM_TOTAL_NS=1880805468

[warn] failed to parse internal time; fallback wall_s=1.883546

=== baseline run (rc=0) ===

[stderr]
PROGRAM_TOTAL_NS=2625225227

[warn] failed to parse internal time; fallback wall_s=2.627930

=== prio run (rc=0) ===

[stderr]
PROGRAM_TOTAL_NS=1885318186

[warn] failed to parse internal time; fallback wall_s=1.888207

=== baseline run (rc=0) ===

[stderr]
PROGRAM_TOTAL_NS=2394830609

[warn] failed to parse internal time; fallback wall_s=2.397643

=== prio run (rc=0) ===

[stderr]
PROGRAM_TOTAL_NS=1882271980

[warn] failed to parse internal time; fallback wall_s=1.884900

=== baseline run (rc=0) ===

[stderr]
PROGRAM_TOTAL_NS=2504621215

[warn] failed to parse internal time; fallback wall_s=2.507463

=== prio run (rc=0) ===

[stderr]
PROGRAM_TOTAL_NS=1918510723

[warn] failed to parse internal time; fallback wall_s=1.921210

=== baseline run (rc=0) ===

[stderr]
PROGRAM_TOTAL_NS=2546508696

[warn] failed to parse internal time; fallback wall_s=2.549278

=== prio run (rc=0) ===

[stderr]
PROGRAM_TOTAL_NS=1884254912

[warn] failed to parse internal time; fallback wall_s=1.887351

=== baseline run (rc=0) ===

[stderr]
PROGRAM_TOTAL_NS=2636363554

[warn] failed to parse internal time; fallback wall_s=2.639083

=== prio run (rc=0) ===

[stderr]
PROGRAM_TOTAL_NS=1913326832

[warn] failed to parse internal time; fallback wall_s=1.916699

=== baseline run (rc=0) ===

[stderr]
PROGRAM_TOTAL_NS=2555268463

[warn] failed to parse internal time; fallback wall_s=2.558058

=== prio run (rc=0) ===

[stderr]
PROGRAM_TOTAL_NS=1877488744

[warn] failed to parse internal time; fallback wall_s=1.880535

=== baseline run (rc=0) ===

[stderr]
PROGRAM_TOTAL_NS=2622379458

[warn] failed to parse internal time; fallback wall_s=2.625252

=== prio run (rc=0) ===

[stderr]
PROGRAM_TOTAL_NS=1909911802

[warn] failed to parse internal time; fallback wall_s=1.912676

=== baseline run (rc=0) ===

[stderr]
PROGRAM_TOTAL_NS=2350234286

[warn] failed to parse internal time; fallback wall_s=2.354254

=== prio run (rc=0) ===

[stderr]
PROGRAM_TOTAL_NS=1896351445

[warn] failed to parse internal time; fallback wall_s=1.898903

=== baseline run (rc=0) ===

[stderr]
PROGRAM_TOTAL_NS=2637262510

[warn] failed to parse internal time; fallback wall_s=2.640104

=== prio run (rc=0) ===

[stderr]
PROGRAM_TOTAL_NS=1880138962

[warn] failed to parse internal time; fallback wall_s=1.882720

=== baseline run (rc=0) ===

[stderr]
PROGRAM_TOTAL_NS=2596261259

[warn] failed to parse internal time; fallback wall_s=2.599659

=== prio run (rc=0) ===

[stderr]
PROGRAM_TOTAL_NS=1898490890

[warn] failed to parse internal time; fallback wall_s=1.901513

=== baseline run (rc=0) ===

[stderr]
PROGRAM_TOTAL_NS=2568437138

[warn] failed to parse internal time; fallback wall_s=2.571700

=== prio run (rc=0) ===

[stderr]
PROGRAM_TOTAL_NS=1923449880

[warn] failed to parse internal time; fallback wall_s=1.926119

=== baseline run (rc=0) ===

[stderr]
PROGRAM_TOTAL_NS=2722727178

[warn] failed to parse internal time; fallback wall_s=2.725524

=== prio run (rc=0) ===

[stderr]
PROGRAM_TOTAL_NS=1907834736

[warn] failed to parse internal time; fallback wall_s=1.910617

=== baseline run (rc=0) ===

[stderr]
PROGRAM_TOTAL_NS=2463586364

[warn] failed to parse internal time; fallback wall_s=2.466374

=== prio run (rc=0) ===

[stderr]
PROGRAM_TOTAL_NS=1902013331

[warn] failed to parse internal time; fallback wall_s=1.904840

=== baseline run (rc=0) ===

[stderr]
PROGRAM_TOTAL_NS=2682451315

[warn] failed to parse internal time; fallback wall_s=2.685169

=== prio run (rc=0) ===

[stderr]
PROGRAM_TOTAL_NS=1890124242

[warn] failed to parse internal time; fallback wall_s=1.893134

=== baseline run (rc=0) ===

[stderr]
PROGRAM_TOTAL_NS=2710579436

[warn] failed to parse internal time; fallback wall_s=2.713331

=== prio run (rc=0) ===

[stderr]
PROGRAM_TOTAL_NS=1865271808

[warn] failed to parse internal time; fallback wall_s=1.868891

=== baseline run (rc=0) ===

[stderr]
PROGRAM_TOTAL_NS=2580520679

[warn] failed to parse internal time; fallback wall_s=2.583249

=== prio run (rc=0) ===

[stderr]
PROGRAM_TOTAL_NS=1889882965

[warn] failed to parse internal time; fallback wall_s=1.892641

=== baseline run (rc=0) ===

[stderr]
PROGRAM_TOTAL_NS=2312172536

[warn] failed to parse internal time; fallback wall_s=2.315077

=== prio run (rc=0) ===

[stderr]
PROGRAM_TOTAL_NS=1872453619

[warn] failed to parse internal time; fallback wall_s=1.875144

=== baseline run (rc=0) ===

[stderr]
PROGRAM_TOTAL_NS=2616916884

[warn] failed to parse internal time; fallback wall_s=2.619903

=== prio run (rc=0) ===

[stderr]
PROGRAM_TOTAL_NS=1891235827

[warn] failed to parse internal time; fallback wall_s=1.893933

=== baseline run (rc=0) ===

[stderr]
PROGRAM_TOTAL_NS=2658193473

[warn] failed to parse internal time; fallback wall_s=2.661043

=== prio run (rc=0) ===

[stderr]
PROGRAM_TOTAL_NS=1825120327

[warn] failed to parse internal time; fallback wall_s=1.828718

=== baseline run (rc=0) ===

[stderr]
PROGRAM_TOTAL_NS=2716204845

[warn] failed to parse internal time; fallback wall_s=2.718840

=== prio run (rc=0) ===

[stderr]
PROGRAM_TOTAL_NS=1868547812

[warn] failed to parse internal time; fallback wall_s=1.871372

=== baseline run (rc=0) ===

[stderr]
PROGRAM_TOTAL_NS=2716504729

[warn] failed to parse internal time; fallback wall_s=2.719839

=== prio run (rc=0) ===

[stderr]
PROGRAM_TOTAL_NS=1898630780

[warn] failed to parse internal time; fallback wall_s=1.901411

=== baseline run (rc=0) ===

[stderr]
PROGRAM_TOTAL_NS=2533990921

[warn] failed to parse internal time; fallback wall_s=2.536698

=== prio run (rc=0) ===

[stderr]
PROGRAM_TOTAL_NS=1935914246

[warn] failed to parse internal time; fallback wall_s=1.938653

=== baseline run (rc=0) ===

[stderr]
PROGRAM_TOTAL_NS=2607871784

[warn] failed to parse internal time; fallback wall_s=2.610637

=== prio run (rc=0) ===

[stderr]
PROGRAM_TOTAL_NS=1891189329

[warn] failed to parse internal time; fallback wall_s=1.894068

=== baseline run (rc=0) ===

[stderr]
PROGRAM_TOTAL_NS=2681279193

[warn] failed to parse internal time; fallback wall_s=2.684257

=== prio run (rc=0) ===

[stderr]
PROGRAM_TOTAL_NS=1912179186

[warn] failed to parse internal time; fallback wall_s=1.916346

=== baseline run (rc=0) ===

[stderr]
PROGRAM_TOTAL_NS=2677517741

[warn] failed to parse internal time; fallback wall_s=2.680129

=== prio run (rc=0) ===

[stderr]
PROGRAM_TOTAL_NS=1901319893

[warn] failed to parse internal time; fallback wall_s=1.903983

=== baseline run (rc=0) ===

[stderr]
PROGRAM_TOTAL_NS=2604157565

[warn] failed to parse internal time; fallback wall_s=2.606732

=== prio run (rc=0) ===

[stderr]
PROGRAM_TOTAL_NS=1881920881

[warn] failed to parse internal time; fallback wall_s=1.884714

=== baseline run (rc=0) ===

[stderr]
PROGRAM_TOTAL_NS=2643522142

[warn] failed to parse internal time; fallback wall_s=2.646298

=== prio run (rc=0) ===

[stderr]
PROGRAM_TOTAL_NS=1892174082

[warn] failed to parse internal time; fallback wall_s=1.903250

=== baseline run (rc=0) ===

[stderr]
PROGRAM_TOTAL_NS=2597723101

[warn] failed to parse internal time; fallback wall_s=2.600438

=== prio run (rc=0) ===

[stderr]
PROGRAM_TOTAL_NS=1877590657

[warn] failed to parse internal time; fallback wall_s=1.880265

=== baseline run (rc=0) ===

[stderr]
PROGRAM_TOTAL_NS=2409132861

[warn] failed to parse internal time; fallback wall_s=2.411753

=== prio run (rc=0) ===

[stderr]
PROGRAM_TOTAL_NS=1903773471

[warn] failed to parse internal time; fallback wall_s=1.906528

=== baseline run (rc=0) ===

[stderr]
PROGRAM_TOTAL_NS=2582255018

[warn] failed to parse internal time; fallback wall_s=2.586116

=== prio run (rc=0) ===

[stderr]
PROGRAM_TOTAL_NS=1894517736

[warn] failed to parse internal time; fallback wall_s=1.897236

=== baseline run (rc=0) ===

[stderr]
PROGRAM_TOTAL_NS=2715916828

[warn] failed to parse internal time; fallback wall_s=2.718961

=== prio run (rc=0) ===

[stderr]
PROGRAM_TOTAL_NS=1883674047

[warn] failed to parse internal time; fallback wall_s=1.886911

=== baseline run (rc=0) ===

[stderr]
PROGRAM_TOTAL_NS=2719574431

[warn] failed to parse internal time; fallback wall_s=2.722305

=== prio run (rc=0) ===

[stderr]
PROGRAM_TOTAL_NS=1889719568

[warn] failed to parse internal time; fallback wall_s=1.892531

=== baseline run (rc=0) ===

[stderr]
PROGRAM_TOTAL_NS=2485497079

[warn] failed to parse internal time; fallback wall_s=2.488637

=== prio run (rc=0) ===

[stderr]
PROGRAM_TOTAL_NS=1891086232

[warn] failed to parse internal time; fallback wall_s=1.895688

=== baseline run (rc=0) ===

[stderr]
PROGRAM_TOTAL_NS=2592946455

[warn] failed to parse internal time; fallback wall_s=2.595778

=== prio run (rc=0) ===

[stderr]
PROGRAM_TOTAL_NS=1880677234

[warn] failed to parse internal time; fallback wall_s=1.883501

=== baseline run (rc=0) ===

[stderr]
PROGRAM_TOTAL_NS=2560271599

[warn] failed to parse internal time; fallback wall_s=2.562936

=== prio run (rc=0) ===

[stderr]
PROGRAM_TOTAL_NS=1894213908

[warn] failed to parse internal time; fallback wall_s=1.897235

=== baseline run (rc=0) ===

[stderr]
PROGRAM_TOTAL_NS=2635095318

[warn] failed to parse internal time; fallback wall_s=2.637826

=== prio run (rc=0) ===

[stderr]
PROGRAM_TOTAL_NS=1892071019

[warn] failed to parse internal time; fallback wall_s=1.894892

=== baseline run (rc=0) ===

[stderr]
PROGRAM_TOTAL_NS=2631482741

[warn] failed to parse internal time; fallback wall_s=2.634137

=== prio run (rc=0) ===

[stderr]
PROGRAM_TOTAL_NS=1869287730

[warn] failed to parse internal time; fallback wall_s=1.872023

=== baseline run (rc=0) ===

[stderr]
PROGRAM_TOTAL_NS=2637695444

[warn] failed to parse internal time; fallback wall_s=2.640605

=== prio run (rc=0) ===

[stderr]
PROGRAM_TOTAL_NS=1907174038

[warn] failed to parse internal time; fallback wall_s=1.911062

=== baseline run (rc=0) ===

[stderr]
PROGRAM_TOTAL_NS=2652422563

[warn] failed to parse internal time; fallback wall_s=2.655345

=== prio run (rc=0) ===

[stderr]
PROGRAM_TOTAL_NS=1900424370

[warn] failed to parse internal time; fallback wall_s=1.903097

=== baseline run (rc=0) ===

[stderr]
PROGRAM_TOTAL_NS=2465649824

[warn] failed to parse internal time; fallback wall_s=2.468352

=== prio run (rc=0) ===

[stderr]
PROGRAM_TOTAL_NS=1880994531

[warn] failed to parse internal time; fallback wall_s=1.883591

=== baseline run (rc=0) ===

[stderr]
PROGRAM_TOTAL_NS=2389688108

[warn] failed to parse internal time; fallback wall_s=2.392525

=== prio run (rc=0) ===

[stderr]
PROGRAM_TOTAL_NS=1858322320

[warn] failed to parse internal time; fallback wall_s=1.860927

=== baseline run (rc=0) ===

[stderr]
PROGRAM_TOTAL_NS=2559898725

[warn] failed to parse internal time; fallback wall_s=2.562721

=== prio run (rc=0) ===

[stderr]
PROGRAM_TOTAL_NS=1897615329

[warn] failed to parse internal time; fallback wall_s=1.900426

=== baseline run (rc=0) ===

[stderr]
PROGRAM_TOTAL_NS=2565009626

[warn] failed to parse internal time; fallback wall_s=2.567931

=== prio run (rc=0) ===

[stderr]
PROGRAM_TOTAL_NS=1881035359

[warn] failed to parse internal time; fallback wall_s=1.883940

=== baseline run (rc=0) ===

[stderr]
PROGRAM_TOTAL_NS=2469571271

[warn] failed to parse internal time; fallback wall_s=2.473068

=== prio run (rc=0) ===

[stderr]
PROGRAM_TOTAL_NS=1876663866

[warn] failed to parse internal time; fallback wall_s=1.879525

=== baseline run (rc=0) ===

[stderr]
PROGRAM_TOTAL_NS=2414962025

[warn] failed to parse internal time; fallback wall_s=2.417649

=== prio run (rc=0) ===

[stderr]
PROGRAM_TOTAL_NS=1887739456

[warn] failed to parse internal time; fallback wall_s=1.890301

=== baseline run (rc=0) ===

[stderr]
PROGRAM_TOTAL_NS=2739648325

[warn] failed to parse internal time; fallback wall_s=2.742211

=== prio run (rc=0) ===

[stderr]
PROGRAM_TOTAL_NS=1882452949

[warn] failed to parse internal time; fallback wall_s=1.885275

=== baseline run (rc=0) ===

[stderr]
PROGRAM_TOTAL_NS=2646181677

[warn] failed to parse internal time; fallback wall_s=2.649970

=== prio run (rc=0) ===

[stderr]
PROGRAM_TOTAL_NS=1880761014

[warn] failed to parse internal time; fallback wall_s=1.883444

=== baseline run (rc=0) ===

[stderr]
PROGRAM_TOTAL_NS=2587455273

[warn] failed to parse internal time; fallback wall_s=2.590142

=== prio run (rc=0) ===

[stderr]
PROGRAM_TOTAL_NS=1876136731

[warn] failed to parse internal time; fallback wall_s=1.878741

=== baseline run (rc=0) ===

[stderr]
PROGRAM_TOTAL_NS=2665247394

[warn] failed to parse internal time; fallback wall_s=2.668122

=== prio run (rc=0) ===

[stderr]
PROGRAM_TOTAL_NS=1899547558

[warn] failed to parse internal time; fallback wall_s=1.902426

=== baseline run (rc=0) ===

[stderr]
PROGRAM_TOTAL_NS=2534929610

[warn] failed to parse internal time; fallback wall_s=2.537604

=== prio run (rc=0) ===

[stderr]
PROGRAM_TOTAL_NS=1913674216

[warn] failed to parse internal time; fallback wall_s=1.916759

=== baseline run (rc=0) ===

[stderr]
PROGRAM_TOTAL_NS=2528979141

[warn] failed to parse internal time; fallback wall_s=2.531685

=== prio run (rc=0) ===

[stderr]
PROGRAM_TOTAL_NS=1878438062

[warn] failed to parse internal time; fallback wall_s=1.881751

=== baseline run (rc=0) ===

[stderr]
PROGRAM_TOTAL_NS=2589633851

[warn] failed to parse internal time; fallback wall_s=2.592360

=== prio run (rc=0) ===

[stderr]
PROGRAM_TOTAL_NS=1894068230

[warn] failed to parse internal time; fallback wall_s=1.896748

=== baseline run (rc=0) ===

[stderr]
PROGRAM_TOTAL_NS=2515864287

[warn] failed to parse internal time; fallback wall_s=2.518950

=== prio run (rc=0) ===

[stderr]
PROGRAM_TOTAL_NS=1886397292

[warn] failed to parse internal time; fallback wall_s=1.889528

=== baseline run (rc=0) ===

[stderr]
PROGRAM_TOTAL_NS=2669620304

[warn] failed to parse internal time; fallback wall_s=2.672319

=== prio run (rc=0) ===

[stderr]
PROGRAM_TOTAL_NS=1878385189

[warn] failed to parse internal time; fallback wall_s=1.881121

=== baseline run (rc=0) ===

[stderr]
PROGRAM_TOTAL_NS=2605720371

[warn] failed to parse internal time; fallback wall_s=2.608475

=== prio run (rc=0) ===

[stderr]
PROGRAM_TOTAL_NS=1883604947

[warn] failed to parse internal time; fallback wall_s=1.886436

=== baseline run (rc=0) ===

[stderr]
PROGRAM_TOTAL_NS=2409871857

[warn] failed to parse internal time; fallback wall_s=2.412539

=== prio run (rc=0) ===

[stderr]
PROGRAM_TOTAL_NS=1898633982

[warn] failed to parse internal time; fallback wall_s=1.901970

=== baseline run (rc=0) ===

[stderr]
PROGRAM_TOTAL_NS=2819377328

[warn] failed to parse internal time; fallback wall_s=2.822189

=== prio run (rc=0) ===

[stderr]
PROGRAM_TOTAL_NS=1910202888

[warn] failed to parse internal time; fallback wall_s=1.912804

=== baseline run (rc=0) ===

[stderr]
PROGRAM_TOTAL_NS=2744632782

[warn] failed to parse internal time; fallback wall_s=2.747322

=== prio run (rc=0) ===

[stderr]
PROGRAM_TOTAL_NS=1908999184

[warn] failed to parse internal time; fallback wall_s=1.911618

=== baseline run (rc=0) ===

[stderr]
PROGRAM_TOTAL_NS=2463465323

[warn] failed to parse internal time; fallback wall_s=2.467429

=== prio run (rc=0) ===

[stderr]
PROGRAM_TOTAL_NS=1898686456

[warn] failed to parse internal time; fallback wall_s=1.901321

=== baseline run (rc=0) ===

[stderr]
PROGRAM_TOTAL_NS=2769121973

[warn] failed to parse internal time; fallback wall_s=2.771849

=== prio run (rc=0) ===

[stderr]
PROGRAM_TOTAL_NS=1892339972

[warn] failed to parse internal time; fallback wall_s=1.895212

=== baseline run (rc=0) ===

[stderr]
PROGRAM_TOTAL_NS=2403342013

[warn] failed to parse internal time; fallback wall_s=2.406179

=== prio run (rc=0) ===

[stderr]
PROGRAM_TOTAL_NS=1907244251

[warn] failed to parse internal time; fallback wall_s=1.909915

=== baseline run (rc=0) ===

[stderr]
PROGRAM_TOTAL_NS=2348920513

[warn] failed to parse internal time; fallback wall_s=2.351754

=== prio run (rc=0) ===

[stderr]
PROGRAM_TOTAL_NS=1883130918

[warn] failed to parse internal time; fallback wall_s=1.885877

=== baseline run (rc=0) ===

[stderr]
PROGRAM_TOTAL_NS=2618845703

[warn] failed to parse internal time; fallback wall_s=2.621486

=== prio run (rc=0) ===

[stderr]
PROGRAM_TOTAL_NS=1896639164

[warn] failed to parse internal time; fallback wall_s=1.900208

=== baseline run (rc=0) ===

[stderr]
PROGRAM_TOTAL_NS=2649130017

[warn] failed to parse internal time; fallback wall_s=2.651781

=== prio run (rc=0) ===

[stderr]
PROGRAM_TOTAL_NS=1884259780

[warn] failed to parse internal time; fallback wall_s=1.887034

=== baseline run (rc=0) ===

[stderr]
PROGRAM_TOTAL_NS=2581280410

[warn] failed to parse internal time; fallback wall_s=2.584092

=== prio run (rc=0) ===

[stderr]
PROGRAM_TOTAL_NS=1878245421

[warn] failed to parse internal time; fallback wall_s=1.881161

=== baseline run (rc=0) ===

[stderr]
PROGRAM_TOTAL_NS=2675811535

[warn] failed to parse internal time; fallback wall_s=2.679548

=== prio run (rc=0) ===

[stderr]
PROGRAM_TOTAL_NS=1870401110

[warn] failed to parse internal time; fallback wall_s=1.872903

=== baseline run (rc=0) ===

[stderr]
PROGRAM_TOTAL_NS=2595166035

[warn] failed to parse internal time; fallback wall_s=2.597921

=== prio run (rc=0) ===

[stderr]
PROGRAM_TOTAL_NS=1909311096

[warn] failed to parse internal time; fallback wall_s=1.912076

=== baseline run (rc=0) ===

[stderr]
PROGRAM_TOTAL_NS=2640464941

[warn] failed to parse internal time; fallback wall_s=2.643255

=== prio run (rc=0) ===

[stderr]
PROGRAM_TOTAL_NS=1896835657

[warn] failed to parse internal time; fallback wall_s=1.900683

=== baseline run (rc=0) ===

[stderr]
PROGRAM_TOTAL_NS=2512472184

[warn] failed to parse internal time; fallback wall_s=2.515228

=== prio run (rc=0) ===

[stderr]
PROGRAM_TOTAL_NS=1927722087

[warn] failed to parse internal time; fallback wall_s=1.931577

=== baseline run (rc=0) ===

[stderr]
PROGRAM_TOTAL_NS=2661561888

[warn] failed to parse internal time; fallback wall_s=2.664267

=== prio run (rc=0) ===

[stderr]
PROGRAM_TOTAL_NS=1857827932

[warn] failed to parse internal time; fallback wall_s=1.860808

=== baseline run (rc=0) ===

[stderr]
PROGRAM_TOTAL_NS=2544055976

[warn] failed to parse internal time; fallback wall_s=2.546828

=== prio run (rc=0) ===

[stderr]
PROGRAM_TOTAL_NS=1898387477

[warn] failed to parse internal time; fallback wall_s=1.902464

=== baseline run (rc=0) ===

[stderr]
PROGRAM_TOTAL_NS=2645713221

[warn] failed to parse internal time; fallback wall_s=2.648413

=== prio run (rc=0) ===

[stderr]
PROGRAM_TOTAL_NS=1882977499

[warn] failed to parse internal time; fallback wall_s=1.885759

=== baseline run (rc=0) ===

[stderr]
PROGRAM_TOTAL_NS=2578258824

[warn] failed to parse internal time; fallback wall_s=2.580932

=== prio run (rc=0) ===

[stderr]
PROGRAM_TOTAL_NS=1891559292

[warn] failed to parse internal time; fallback wall_s=1.894273

=== baseline run (rc=0) ===

[stderr]
PROGRAM_TOTAL_NS=2462774343

[warn] failed to parse internal time; fallback wall_s=2.465989

=== prio run (rc=0) ===

[stderr]
PROGRAM_TOTAL_NS=1895546268

[warn] failed to parse internal time; fallback wall_s=1.898328

=== baseline run (rc=0) ===

[stderr]
PROGRAM_TOTAL_NS=2393323776

[warn] failed to parse internal time; fallback wall_s=2.396202

=== prio run (rc=0) ===

[stderr]
PROGRAM_TOTAL_NS=1902868514

[warn] failed to parse internal time; fallback wall_s=1.906359

=== baseline run (rc=0) ===

[stderr]
PROGRAM_TOTAL_NS=2445927276

[warn] failed to parse internal time; fallback wall_s=2.448807

=== prio run (rc=0) ===

[stderr]
PROGRAM_TOTAL_NS=1896568252

[warn] failed to parse internal time; fallback wall_s=1.899192

=== baseline run (rc=0) ===

[stderr]
PROGRAM_TOTAL_NS=2329845787

[warn] failed to parse internal time; fallback wall_s=2.332591

=== prio run (rc=0) ===

[stderr]
PROGRAM_TOTAL_NS=1907112658

[warn] failed to parse internal time; fallback wall_s=1.910672

=== baseline run (rc=0) ===

[stderr]
PROGRAM_TOTAL_NS=2554078390

[warn] failed to parse internal time; fallback wall_s=2.557328

=== prio run (rc=0) ===

[stderr]
PROGRAM_TOTAL_NS=1891163050

[warn] failed to parse internal time; fallback wall_s=1.893853

=== baseline run (rc=0) ===

[stderr]
PROGRAM_TOTAL_NS=2291300581

[warn] failed to parse internal time; fallback wall_s=2.295412

=== prio run (rc=0) ===

[stderr]
PROGRAM_TOTAL_NS=1906909395

[warn] failed to parse internal time; fallback wall_s=1.909588

=== baseline run (rc=0) ===

[stderr]
PROGRAM_TOTAL_NS=2633397202

[warn] failed to parse internal time; fallback wall_s=2.636136

=== prio run (rc=0) ===

[stderr]
PROGRAM_TOTAL_NS=1894240563

[warn] failed to parse internal time; fallback wall_s=1.897067

=== baseline run (rc=0) ===

[stderr]
PROGRAM_TOTAL_NS=2639042826

[warn] failed to parse internal time; fallback wall_s=2.641930

=== prio run (rc=0) ===

[stderr]
PROGRAM_TOTAL_NS=1892672298

[warn] failed to parse internal time; fallback wall_s=1.895494

=== baseline run (rc=0) ===

[stderr]
PROGRAM_TOTAL_NS=2593585585

[warn] failed to parse internal time; fallback wall_s=2.596310

=== prio run (rc=0) ===

[stderr]
PROGRAM_TOTAL_NS=1900447960

[warn] failed to parse internal time; fallback wall_s=1.903506

