=== baseline run (rc=0) ===

[stderr]
PROGRAM_TOTAL_NS=8707606001

[warn] failed to parse internal time; fallback wall_s=8.710314

=== prio run (rc=0) ===

[stderr]
PROGRAM_TOTAL_NS=6379369471

[warn] failed to parse internal time; fallback wall_s=6.382210

=== baseline run (rc=0) ===

[stderr]
PROGRAM_TOTAL_NS=7964548100

[warn] failed to parse internal time; fallback wall_s=7.967613

=== prio run (rc=0) ===

[stderr]
PROGRAM_TOTAL_NS=6455840187

[warn] failed to parse internal time; fallback wall_s=6.458779

=== baseline run (rc=0) ===

[stderr]
PROGRAM_TOTAL_NS=7883371712

[warn] failed to parse internal time; fallback wall_s=7.886057

=== prio run (rc=0) ===

[stderr]
PROGRAM_TOTAL_NS=6439601285

[warn] failed to parse internal time; fallback wall_s=6.442526

=== baseline run (rc=0) ===

[stderr]
PROGRAM_TOTAL_NS=8632182528

[warn] failed to parse internal time; fallback wall_s=8.634951

=== prio run (rc=0) ===

[stderr]
PROGRAM_TOTAL_NS=6374094356

[warn] failed to parse internal time; fallback wall_s=6.376892

=== baseline run (rc=0) ===

[stderr]
PROGRAM_TOTAL_NS=8849179628

[warn] failed to parse internal time; fallback wall_s=8.851801

=== prio run (rc=0) ===

[stderr]
PROGRAM_TOTAL_NS=6380058625

[warn] failed to parse internal time; fallback wall_s=6.382840

