[copy] /home/chove/Desktop/mydag/mycallyplus/源文件/maindemo -> /home/chove/Desktop/mydag/mycallyplus/中间结果/maindemo/时间分析/maindemo
[runtime] 写入 time_stat.c/h
[include] /home/chove/Desktop/mydag/mycallyplus/中间结果/maindemo/时间分析/maindemo/maindemo.c 插入 time_stat.h
[ok] /home/chove/Desktop/mydag/mycallyplus/中间结果/maindemo/时间分析/maindemo/maindemo.c:101 printf
[ok] /home/chove/Desktop/mydag/mycallyplus/中间结果/maindemo/时间分析/maindemo/maindemo.c:100 free
[ok] /home/chove/Desktop/mydag/mycallyplus/中间结果/maindemo/时间分析/maindemo/maindemo.c:96 free
[ok] /home/chove/Desktop/mydag/mycallyplus/中间结果/maindemo/时间分析/maindemo/maindemo.c:95 fprintf
[ok] /home/chove/Desktop/mydag/mycallyplus/中间结果/maindemo/时间分析/maindemo/maindemo.c:94 pthread_join (cond-expr)
[ok] /home/chove/Desktop/mydag/mycallyplus/中间结果/maindemo/时间分析/maindemo/maindemo.c:90 free
[ok] /home/chove/Desktop/mydag/mycallyplus/中间结果/maindemo/时间分析/maindemo/maindemo.c:89 fprintf
[ok] /home/chove/Desktop/mydag/mycallyplus/中间结果/maindemo/时间分析/maindemo/maindemo.c:88 pthread_create (cond-expr)
[ok] /home/chove/Desktop/mydag/mycallyplus/中间结果/maindemo/时间分析/maindemo/maindemo.c:82 fprintf
[ok] /home/chove/Desktop/mydag/mycallyplus/中间结果/maindemo/时间分析/maindemo/maindemo.c:80 malloc
[ok] /home/chove/Desktop/mydag/mycallyplus/中间结果/maindemo/时间分析/maindemo/maindemo.c:73 printf
[ok] /home/chove/Desktop/mydag/mycallyplus/中间结果/maindemo/时间分析/maindemo/maindemo.c:72 insertsort
[ok] /home/chove/Desktop/mydag/mycallyplus/中间结果/maindemo/时间分析/maindemo/maindemo.c:71 free
[ok] /home/chove/Desktop/mydag/mycallyplus/中间结果/maindemo/时间分析/maindemo/maindemo.c:70 pthread_join
[ok] /home/chove/Desktop/mydag/mycallyplus/中间结果/maindemo/时间分析/maindemo/maindemo.c:69 printf
[ok] /home/chove/Desktop/mydag/mycallyplus/中间结果/maindemo/时间分析/maindemo/maindemo.c:68 duff
[ok] /home/chove/Desktop/mydag/mycallyplus/中间结果/maindemo/时间分析/maindemo/maindemo.c:67 printf
[ok] /home/chove/Desktop/mydag/mycallyplus/中间结果/maindemo/时间分析/maindemo/maindemo.c:66 cover
[ok] /home/chove/Desktop/mydag/mycallyplus/中间结果/maindemo/时间分析/maindemo/maindemo.c:62 free
[ok] /home/chove/Desktop/mydag/mycallyplus/中间结果/maindemo/时间分析/maindemo/maindemo.c:61 fprintf
[ok] /home/chove/Desktop/mydag/mycallyplus/中间结果/maindemo/时间分析/maindemo/maindemo.c:60 pthread_create (cond-expr)
[ok] /home/chove/Desktop/mydag/mycallyplus/中间结果/maindemo/时间分析/maindemo/maindemo.c:58 printf
[ok] /home/chove/Desktop/mydag/mycallyplus/中间结果/maindemo/时间分析/maindemo/maindemo.c:57 Deg2rad
[ok] /home/chove/Desktop/mydag/mycallyplus/中间结果/maindemo/时间分析/maindemo/maindemo.c:52 fprintf
[ok] /home/chove/Desktop/mydag/mycallyplus/中间结果/maindemo/时间分析/maindemo/maindemo.c:50 malloc
[ok] /home/chove/Desktop/mydag/mycallyplus/中间结果/maindemo/时间分析/maindemo/maindemo.c:45 printf
[ok] /home/chove/Desktop/mydag/mycallyplus/中间结果/maindemo/时间分析/maindemo/maindemo.c:44 ludcmp
[ok] /home/chove/Desktop/mydag/mycallyplus/中间结果/maindemo/时间分析/maindemo/maindemo.c:43 free
[ok] /home/chove/Desktop/mydag/mycallyplus/中间结果/maindemo/时间分析/maindemo/maindemo.c:42 free
[ok] /home/chove/Desktop/mydag/mycallyplus/中间结果/maindemo/时间分析/maindemo/maindemo.c:41 pthread_join
[ok] /home/chove/Desktop/mydag/mycallyplus/中间结果/maindemo/时间分析/maindemo/maindemo.c:40 pthread_join
[ok] /home/chove/Desktop/mydag/mycallyplus/中间结果/maindemo/时间分析/maindemo/maindemo.c:39 printf
[ok] /home/chove/Desktop/mydag/mycallyplus/中间结果/maindemo/时间分析/maindemo/maindemo.c:38 ndes
[ok] /home/chove/Desktop/mydag/mycallyplus/中间结果/maindemo/时间分析/maindemo/maindemo.c:35 free
[ok] /home/chove/Desktop/mydag/mycallyplus/中间结果/maindemo/时间分析/maindemo/maindemo.c:34 fprintf
[ok] /home/chove/Desktop/mydag/mycallyplus/中间结果/maindemo/时间分析/maindemo/maindemo.c:33 pthread_create (cond-expr)
[ok] /home/chove/Desktop/mydag/mycallyplus/中间结果/maindemo/时间分析/maindemo/maindemo.c:29 free
[ok] /home/chove/Desktop/mydag/mycallyplus/中间结果/maindemo/时间分析/maindemo/maindemo.c:28 fprintf
[ok] /home/chove/Desktop/mydag/mycallyplus/中间结果/maindemo/时间分析/maindemo/maindemo.c:27 pthread_create (cond-expr)
[ok] /home/chove/Desktop/mydag/mycallyplus/中间结果/maindemo/时间分析/maindemo/maindemo.c:25 printf
[ok] /home/chove/Desktop/mydag/mycallyplus/中间结果/maindemo/时间分析/maindemo/maindemo.c:24 minver
[ok] /home/chove/Desktop/mydag/mycallyplus/中间结果/maindemo/时间分析/maindemo/maindemo.c:20 malloc
[ok] /home/chove/Desktop/mydag/mycallyplus/中间结果/maindemo/时间分析/maindemo/maindemo.c:19 malloc
[ok] /home/chove/Desktop/mydag/mycallyplus/中间结果/maindemo/时间分析/maindemo/maindemo.c:15 printf
[ok] /home/chove/Desktop/mydag/mycallyplus/中间结果/maindemo/时间分析/maindemo/maindemo.c:14 prime
[ok] /home/chove/Desktop/mydag/mycallyplus/中间结果/maindemo/时间分析/maindemo/maindemo.c:10 printf
[ok] /home/chove/Desktop/mydag/mycallyplus/中间结果/maindemo/时间分析/maindemo/maindemo.c:9 rad2deg
[build] gcc -O2 -std=c11 -pthread -I. -Iinclude -o app /home/chove/Desktop/mydag/mycallyplus/中间结果/maindemo/时间分析/maindemo/maindemo.c /home/chove/Desktop/mydag/mycallyplus/中间结果/maindemo/时间分析/maindemo/src/cover.c /home/chove/Desktop/mydag/mycallyplus/中间结果/maindemo/时间分析/maindemo/src/deg2rad.c /home/chove/Desktop/mydag/mycallyplus/中间结果/maindemo/时间分析/maindemo/src/duff.c /home/chove/Desktop/mydag/mycallyplus/中间结果/maindemo/时间分析/maindemo/src/insertsort.c /home/chove/Desktop/mydag/mycallyplus/中间结果/maindemo/时间分析/maindemo/src/ludcmp.c /home/chove/Desktop/mydag/mycallyplus/中间结果/maindemo/时间分析/maindemo/src/minver.c /home/chove/Desktop/mydag/mycallyplus/中间结果/maindemo/时间分析/maindemo/src/ndes.c /home/chove/Desktop/mydag/mycallyplus/中间结果/maindemo/时间分析/maindemo/src/prime.c /home/chove/Desktop/mydag/mycallyplus/中间结果/maindemo/时间分析/maindemo/src/rad2deg.c /home/chove/Desktop/mydag/mycallyplus/中间结果/maindemo/时间分析/maindemo/time_stat.c -lm -ldl
[run] exit=0
[stdout]
task1结束
task2结束
task3结束
task5结束
task8结束
task6结束
task9结束
task7结束
task4结束
主线程已完成

[meta] 回写 mycallyplus/中间结果/maindemo/生成dag图/debug/mycalls_meta_internal.json
[summary] 线程耗时汇总 -> mycallyplus/中间结果/maindemo/生成dag图/debug/thread_time_summary.json
[update] 已回写统计到 mycallyplus/中间结果/maindemo/生成dag图/debug/mycalls_meta_internal.json