=== baseline run (rc=0) ===

[stderr]
PROGRAM_TOTAL_NS=8343439933

[warn] failed to parse internal time; fallback wall_s=8.346012

=== prio run (rc=0) ===

[stderr]
PROGRAM_TOTAL_NS=6685456840

[warn] failed to parse internal time; fallback wall_s=6.688550

=== baseline run (rc=0) ===

[stderr]
PROGRAM_TOTAL_NS=8932086058

[warn] failed to parse internal time; fallback wall_s=8.934659

=== prio run (rc=0) ===

[stderr]
PROGRAM_TOTAL_NS=6687522302

[warn] failed to parse internal time; fallback wall_s=6.690286

=== baseline run (rc=0) ===

[stderr]
PROGRAM_TOTAL_NS=8934958129

[warn] failed to parse internal time; fallback wall_s=8.937859

=== prio run (rc=0) ===

[stderr]
PROGRAM_TOTAL_NS=6552706032

[warn] failed to parse internal time; fallback wall_s=6.555642

