=== baseline run (rc=0) ===

[stderr]
PROGRAM_TOTAL_NS=26980435138

[warn] failed to parse internal time; fallback wall_s=26.987519

=== prio run (rc=0) ===

[stderr]
PROGRAM_TOTAL_NS=19407239343

[warn] failed to parse internal time; fallback wall_s=19.414067

=== baseline run (rc=0) ===

[stderr]
PROGRAM_TOTAL_NS=26885858721

[warn] failed to parse internal time; fallback wall_s=26.892699

=== prio run (rc=0) ===

[stderr]
PROGRAM_TOTAL_NS=20906442844

[warn] failed to parse internal time; fallback wall_s=20.913445

=== baseline run (rc=0) ===

[stderr]
PROGRAM_TOTAL_NS=26922048721

[warn] failed to parse internal time; fallback wall_s=26.929412

=== prio run (rc=0) ===

[stderr]
PROGRAM_TOTAL_NS=21717625927

[warn] failed to parse internal time; fallback wall_s=21.724491

=== baseline run (rc=0) ===

[stderr]
PROGRAM_TOTAL_NS=26918069513

[warn] failed to parse internal time; fallback wall_s=26.927255

=== prio run (rc=0) ===

[stderr]
PROGRAM_TOTAL_NS=19893365468

[warn] failed to parse internal time; fallback wall_s=19.900807

=== baseline run (rc=0) ===

[stderr]
PROGRAM_TOTAL_NS=26939178846

[warn] failed to parse internal time; fallback wall_s=26.945982

=== prio run (rc=0) ===

[stderr]
PROGRAM_TOTAL_NS=21415143844

[warn] failed to parse internal time; fallback wall_s=21.422143

=== baseline run (rc=0) ===

[stderr]
PROGRAM_TOTAL_NS=26913016888

[warn] failed to parse internal time; fallback wall_s=26.921908

=== prio run (rc=0) ===

[stderr]
PROGRAM_TOTAL_NS=19087055592

[warn] failed to parse internal time; fallback wall_s=19.093672

=== baseline run (rc=0) ===

[stderr]
PROGRAM_TOTAL_NS=26921759388

[warn] failed to parse internal time; fallback wall_s=26.928557

=== prio run (rc=0) ===

[stderr]
PROGRAM_TOTAL_NS=19440062134

[warn] failed to parse internal time; fallback wall_s=19.447014

=== baseline run (rc=0) ===

[stderr]
PROGRAM_TOTAL_NS=26957712638

[warn] failed to parse internal time; fallback wall_s=26.965756

=== prio run (rc=0) ===

[stderr]
PROGRAM_TOTAL_NS=18773363301

[warn] failed to parse internal time; fallback wall_s=18.780099

=== baseline run (rc=0) ===

[stderr]
PROGRAM_TOTAL_NS=26880174721

[warn] failed to parse internal time; fallback wall_s=26.888198

=== prio run (rc=0) ===

[stderr]
PROGRAM_TOTAL_NS=21018931052

[warn] failed to parse internal time; fallback wall_s=21.025640

=== baseline run (rc=0) ===

[stderr]
PROGRAM_TOTAL_NS=26862034221

[warn] failed to parse internal time; fallback wall_s=26.868971

=== prio run (rc=0) ===

[stderr]
PROGRAM_TOTAL_NS=19283936342

[warn] failed to parse internal time; fallback wall_s=19.290886

=== baseline run (rc=0) ===

[stderr]
PROGRAM_TOTAL_NS=26946830304

[warn] failed to parse internal time; fallback wall_s=26.955631

=== prio run (rc=0) ===

[stderr]
PROGRAM_TOTAL_NS=21366306719

[warn] failed to parse internal time; fallback wall_s=21.372888

=== baseline run (rc=0) ===

[stderr]
PROGRAM_TOTAL_NS=26924629679

[warn] failed to parse internal time; fallback wall_s=26.931558

=== prio run (rc=0) ===

[stderr]
PROGRAM_TOTAL_NS=20109205634

[warn] failed to parse internal time; fallback wall_s=20.116186

=== baseline run (rc=0) ===

[stderr]
PROGRAM_TOTAL_NS=26914243429

[warn] failed to parse internal time; fallback wall_s=26.922064

=== prio run (rc=0) ===

[stderr]
PROGRAM_TOTAL_NS=18791602676

[warn] failed to parse internal time; fallback wall_s=18.798180

=== baseline run (rc=0) ===

[stderr]
PROGRAM_TOTAL_NS=26888107763

[warn] failed to parse internal time; fallback wall_s=26.894920

=== prio run (rc=0) ===

[stderr]
PROGRAM_TOTAL_NS=19069308468

[warn] failed to parse internal time; fallback wall_s=19.076040

=== baseline run (rc=0) ===

[stderr]
PROGRAM_TOTAL_NS=26897239846

[warn] failed to parse internal time; fallback wall_s=26.904043

=== prio run (rc=0) ===

[stderr]
PROGRAM_TOTAL_NS=19384533135

[warn] failed to parse internal time; fallback wall_s=19.391709

=== baseline run (rc=0) ===

[stderr]
PROGRAM_TOTAL_NS=26936603179

[warn] failed to parse internal time; fallback wall_s=26.943493

=== prio run (rc=0) ===

[stderr]
PROGRAM_TOTAL_NS=19403566717

[warn] failed to parse internal time; fallback wall_s=19.410200

=== baseline run (rc=0) ===

[stderr]
PROGRAM_TOTAL_NS=26972701304

[warn] failed to parse internal time; fallback wall_s=26.979542

=== prio run (rc=0) ===

[stderr]
PROGRAM_TOTAL_NS=18947296551

[warn] failed to parse internal time; fallback wall_s=18.953899

=== baseline run (rc=0) ===

[stderr]
PROGRAM_TOTAL_NS=26886186263

[warn] failed to parse internal time; fallback wall_s=26.893013

=== prio run (rc=0) ===

[stderr]
PROGRAM_TOTAL_NS=20417773426

[warn] failed to parse internal time; fallback wall_s=20.424392

=== baseline run (rc=0) ===

[stderr]
PROGRAM_TOTAL_NS=26925544429

[warn] failed to parse internal time; fallback wall_s=26.932352

=== prio run (rc=0) ===

[stderr]
PROGRAM_TOTAL_NS=22987900886

[warn] failed to parse internal time; fallback wall_s=22.994854

=== baseline run (rc=0) ===

[stderr]
PROGRAM_TOTAL_NS=26986012680

[warn] failed to parse internal time; fallback wall_s=26.993230

=== prio run (rc=0) ===

[stderr]
PROGRAM_TOTAL_NS=19317151884

[warn] failed to parse internal time; fallback wall_s=19.323834

=== baseline run (rc=0) ===

[stderr]
PROGRAM_TOTAL_NS=26956339680

[warn] failed to parse internal time; fallback wall_s=26.963202

=== prio run (rc=0) ===

[stderr]
PROGRAM_TOTAL_NS=19439964634

[warn] failed to parse internal time; fallback wall_s=19.447859

=== baseline run (rc=0) ===

[stderr]
PROGRAM_TOTAL_NS=26882395596

[warn] failed to parse internal time; fallback wall_s=26.890977

=== prio run (rc=0) ===

[stderr]
PROGRAM_TOTAL_NS=18762951967

[warn] failed to parse internal time; fallback wall_s=18.769732

=== baseline run (rc=0) ===

[stderr]
PROGRAM_TOTAL_NS=26904870429

[warn] failed to parse internal time; fallback wall_s=26.911816

=== prio run (rc=0) ===

[stderr]
PROGRAM_TOTAL_NS=19014820509

[warn] failed to parse internal time; fallback wall_s=19.021599

=== baseline run (rc=0) ===

[stderr]
PROGRAM_TOTAL_NS=26980724305

[warn] failed to parse internal time; fallback wall_s=26.990732

=== prio run (rc=0) ===

[stderr]
PROGRAM_TOTAL_NS=20086049676

[warn] failed to parse internal time; fallback wall_s=20.092688

=== baseline run (rc=0) ===

[stderr]
PROGRAM_TOTAL_NS=26952342388

[warn] failed to parse internal time; fallback wall_s=26.960233

=== prio run (rc=0) ===

[stderr]
PROGRAM_TOTAL_NS=19206567759

[warn] failed to parse internal time; fallback wall_s=19.213109

=== baseline run (rc=0) ===

[stderr]
PROGRAM_TOTAL_NS=26890455971

[warn] failed to parse internal time; fallback wall_s=26.897243

=== prio run (rc=0) ===

[stderr]
PROGRAM_TOTAL_NS=18944880176

[warn] failed to parse internal time; fallback wall_s=18.952243

=== baseline run (rc=0) ===

[stderr]
PROGRAM_TOTAL_NS=26989618846

[warn] failed to parse internal time; fallback wall_s=26.997571

=== prio run (rc=0) ===

[stderr]
PROGRAM_TOTAL_NS=19327743843

[warn] failed to parse internal time; fallback wall_s=19.334457

=== baseline run (rc=0) ===

[stderr]
PROGRAM_TOTAL_NS=26957644305

[warn] failed to parse internal time; fallback wall_s=26.964436

=== prio run (rc=0) ===

[stderr]
PROGRAM_TOTAL_NS=18851893300

[warn] failed to parse internal time; fallback wall_s=18.858453

=== baseline run (rc=0) ===

[stderr]
PROGRAM_TOTAL_NS=26903000263

[warn] failed to parse internal time; fallback wall_s=26.909793

=== prio run (rc=0) ===

[stderr]
PROGRAM_TOTAL_NS=20549833427

[warn] failed to parse internal time; fallback wall_s=20.556687

=== baseline run (rc=0) ===

[stderr]
PROGRAM_TOTAL_NS=26899807679

[warn] failed to parse internal time; fallback wall_s=26.907085

=== prio run (rc=0) ===

[stderr]
PROGRAM_TOTAL_NS=19089970634

[warn] failed to parse internal time; fallback wall_s=19.096870

=== baseline run (rc=0) ===

[stderr]
PROGRAM_TOTAL_NS=26949212513

[warn] failed to parse internal time; fallback wall_s=26.958860

=== prio run (rc=0) ===

[stderr]
PROGRAM_TOTAL_NS=19594877217

[warn] failed to parse internal time; fallback wall_s=19.601789

=== baseline run (rc=0) ===

[stderr]
PROGRAM_TOTAL_NS=27013784304

[warn] failed to parse internal time; fallback wall_s=27.020793

=== prio run (rc=0) ===

[stderr]
PROGRAM_TOTAL_NS=21554095802

[warn] failed to parse internal time; fallback wall_s=21.560867

=== baseline run (rc=0) ===

[stderr]
PROGRAM_TOTAL_NS=26895190888

[warn] failed to parse internal time; fallback wall_s=26.902582

=== prio run (rc=0) ===

[stderr]
PROGRAM_TOTAL_NS=18854484843

[warn] failed to parse internal time; fallback wall_s=18.861117

=== baseline run (rc=0) ===

[stderr]
PROGRAM_TOTAL_NS=26880760638

[warn] failed to parse internal time; fallback wall_s=26.887757

=== prio run (rc=0) ===

[stderr]
PROGRAM_TOTAL_NS=18848589009

[warn] failed to parse internal time; fallback wall_s=18.855273

=== baseline run (rc=0) ===

[stderr]
PROGRAM_TOTAL_NS=26963519055

[warn] failed to parse internal time; fallback wall_s=26.970499

=== prio run (rc=0) ===

[stderr]
PROGRAM_TOTAL_NS=19125242342

[warn] failed to parse internal time; fallback wall_s=19.132030

=== baseline run (rc=0) ===

[stderr]
PROGRAM_TOTAL_NS=27135208388

[warn] failed to parse internal time; fallback wall_s=27.142175

=== prio run (rc=0) ===

[stderr]
PROGRAM_TOTAL_NS=18882042009

[warn] failed to parse internal time; fallback wall_s=18.888632

=== baseline run (rc=0) ===

[stderr]
PROGRAM_TOTAL_NS=26914863221

[warn] failed to parse internal time; fallback wall_s=26.922689

=== prio run (rc=0) ===

[stderr]
PROGRAM_TOTAL_NS=19200307592

[warn] failed to parse internal time; fallback wall_s=19.206948

=== baseline run (rc=0) ===

[stderr]
PROGRAM_TOTAL_NS=26910829180

[warn] failed to parse internal time; fallback wall_s=26.918974

=== prio run (rc=0) ===

[stderr]
PROGRAM_TOTAL_NS=18939689551

[warn] failed to parse internal time; fallback wall_s=18.946875

=== baseline run (rc=0) ===

[stderr]
PROGRAM_TOTAL_NS=27063380179

[warn] failed to parse internal time; fallback wall_s=27.073313

=== prio run (rc=0) ===

[stderr]
PROGRAM_TOTAL_NS=19033416217

[warn] failed to parse internal time; fallback wall_s=19.040180

=== baseline run (rc=0) ===

[stderr]
PROGRAM_TOTAL_NS=26897409304

[warn] failed to parse internal time; fallback wall_s=26.905419

=== prio run (rc=0) ===

[stderr]
PROGRAM_TOTAL_NS=18948363718

[warn] failed to parse internal time; fallback wall_s=18.954966

=== baseline run (rc=0) ===

[stderr]
PROGRAM_TOTAL_NS=26934865430

[warn] failed to parse internal time; fallback wall_s=26.941662

=== prio run (rc=0) ===

[stderr]
PROGRAM_TOTAL_NS=19406675509

[warn] failed to parse internal time; fallback wall_s=19.414314

=== baseline run (rc=0) ===

[stderr]
PROGRAM_TOTAL_NS=26830089179

[warn] failed to parse internal time; fallback wall_s=26.840327

=== prio run (rc=0) ===

[stderr]
PROGRAM_TOTAL_NS=19056165134

[warn] failed to parse internal time; fallback wall_s=19.062843

=== baseline run (rc=0) ===

[stderr]
PROGRAM_TOTAL_NS=26993829638

[warn] failed to parse internal time; fallback wall_s=27.000708

=== prio run (rc=0) ===

[stderr]
PROGRAM_TOTAL_NS=19564954176

[warn] failed to parse internal time; fallback wall_s=19.571799

=== baseline run (rc=0) ===

[stderr]
PROGRAM_TOTAL_NS=26977915430

[warn] failed to parse internal time; fallback wall_s=26.985633

=== prio run (rc=0) ===

[stderr]
PROGRAM_TOTAL_NS=19368316009

[warn] failed to parse internal time; fallback wall_s=19.375129

=== baseline run (rc=0) ===

[stderr]
PROGRAM_TOTAL_NS=26910911138

[warn] failed to parse internal time; fallback wall_s=26.918213

=== prio run (rc=0) ===

[stderr]
PROGRAM_TOTAL_NS=20925677344

[warn] failed to parse internal time; fallback wall_s=20.932385

=== baseline run (rc=0) ===

[stderr]
PROGRAM_TOTAL_NS=26928017680

[warn] failed to parse internal time; fallback wall_s=26.934882

=== prio run (rc=0) ===

[stderr]
PROGRAM_TOTAL_NS=20888390843

[warn] failed to parse internal time; fallback wall_s=20.895255

=== baseline run (rc=0) ===

[stderr]
PROGRAM_TOTAL_NS=26963706263

[warn] failed to parse internal time; fallback wall_s=26.971007

=== prio run (rc=0) ===

[stderr]
PROGRAM_TOTAL_NS=18923967634

[warn] failed to parse internal time; fallback wall_s=18.930511

=== baseline run (rc=0) ===

[stderr]
PROGRAM_TOTAL_NS=27037045971

[warn] failed to parse internal time; fallback wall_s=27.044681

=== prio run (rc=0) ===

[stderr]
PROGRAM_TOTAL_NS=19174075634

[warn] failed to parse internal time; fallback wall_s=19.180888

=== baseline run (rc=0) ===

[stderr]
PROGRAM_TOTAL_NS=26912244054

[warn] failed to parse internal time; fallback wall_s=26.919171

=== prio run (rc=0) ===

[stderr]
PROGRAM_TOTAL_NS=18784125509

[warn] failed to parse internal time; fallback wall_s=18.790805

=== baseline run (rc=0) ===

[stderr]
PROGRAM_TOTAL_NS=26910935972

[warn] failed to parse internal time; fallback wall_s=26.917714

=== prio run (rc=0) ===

[stderr]
PROGRAM_TOTAL_NS=18811048509

[warn] failed to parse internal time; fallback wall_s=18.817746

