=== baseline run (rc=0) ===

[stderr]
PROGRAM_TOTAL_NS=546895874

[warn] failed to parse internal time; fallback wall_s=0.549745

=== prio run (rc=0) ===

[stderr]
PROGRAM_TOTAL_NS=514717673

[warn] failed to parse internal time; fallback wall_s=0.518032

=== baseline run (rc=0) ===

[stderr]
PROGRAM_TOTAL_NS=534612452

[warn] failed to parse internal time; fallback wall_s=0.537572

=== prio run (rc=0) ===

[stderr]
PROGRAM_TOTAL_NS=513211409

[warn] failed to parse internal time; fallback wall_s=0.515964

=== baseline run (rc=0) ===

[stderr]
PROGRAM_TOTAL_NS=548514780

[warn] failed to parse internal time; fallback wall_s=0.551415

=== prio run (rc=0) ===

[stderr]
PROGRAM_TOTAL_NS=517214682

[warn] failed to parse internal time; fallback wall_s=0.520087

=== baseline run (rc=0) ===

[stderr]
PROGRAM_TOTAL_NS=553300853

[warn] failed to parse internal time; fallback wall_s=0.556426

=== prio run (rc=0) ===

[stderr]
PROGRAM_TOTAL_NS=515288467

[warn] failed to parse internal time; fallback wall_s=0.518173

=== baseline run (rc=0) ===

[stderr]
PROGRAM_TOTAL_NS=527962480

[warn] failed to parse internal time; fallback wall_s=0.530701

=== prio run (rc=0) ===

[stderr]
PROGRAM_TOTAL_NS=505601597

[warn] failed to parse internal time; fallback wall_s=0.508525

=== baseline run (rc=0) ===

[stderr]
PROGRAM_TOTAL_NS=567373350

[warn] failed to parse internal time; fallback wall_s=0.570286

=== prio run (rc=0) ===

[stderr]
PROGRAM_TOTAL_NS=509794396

[warn] failed to parse internal time; fallback wall_s=0.512887

=== baseline run (rc=0) ===

[stderr]
PROGRAM_TOTAL_NS=562648982

[warn] failed to parse internal time; fallback wall_s=0.565712

=== prio run (rc=0) ===

[stderr]
PROGRAM_TOTAL_NS=508460909

[warn] failed to parse internal time; fallback wall_s=0.511436

=== baseline run (rc=0) ===

[stderr]
PROGRAM_TOTAL_NS=543653258

[warn] failed to parse internal time; fallback wall_s=0.546588

=== prio run (rc=0) ===

[stderr]
PROGRAM_TOTAL_NS=513322616

[warn] failed to parse internal time; fallback wall_s=0.516253

=== baseline run (rc=0) ===

[stderr]
PROGRAM_TOTAL_NS=537283916

[warn] failed to parse internal time; fallback wall_s=0.540150

=== prio run (rc=0) ===

[stderr]
PROGRAM_TOTAL_NS=514779957

[warn] failed to parse internal time; fallback wall_s=0.517533

=== baseline run (rc=0) ===

[stderr]
PROGRAM_TOTAL_NS=541311902

[warn] failed to parse internal time; fallback wall_s=0.544535

=== prio run (rc=0) ===

[stderr]
PROGRAM_TOTAL_NS=521451492

[warn] failed to parse internal time; fallback wall_s=0.524284

=== baseline run (rc=0) ===

[stderr]
PROGRAM_TOTAL_NS=518969029

[warn] failed to parse internal time; fallback wall_s=0.521992

=== prio run (rc=0) ===

[stderr]
PROGRAM_TOTAL_NS=522503409

[warn] failed to parse internal time; fallback wall_s=0.525473

=== baseline run (rc=0) ===

[stderr]
PROGRAM_TOTAL_NS=540296255

[warn] failed to parse internal time; fallback wall_s=0.543226

=== prio run (rc=0) ===

[stderr]
PROGRAM_TOTAL_NS=514964834

[warn] failed to parse internal time; fallback wall_s=0.517943

=== baseline run (rc=0) ===

[stderr]
PROGRAM_TOTAL_NS=527681497

[warn] failed to parse internal time; fallback wall_s=0.530717

=== prio run (rc=0) ===

[stderr]
PROGRAM_TOTAL_NS=531346239

[warn] failed to parse internal time; fallback wall_s=0.534166

=== baseline run (rc=0) ===

[stderr]
PROGRAM_TOTAL_NS=546727845

[warn] failed to parse internal time; fallback wall_s=0.549572

=== prio run (rc=0) ===

[stderr]
PROGRAM_TOTAL_NS=520103547

[warn] failed to parse internal time; fallback wall_s=0.523053

=== baseline run (rc=0) ===

[stderr]
PROGRAM_TOTAL_NS=547933694

[warn] failed to parse internal time; fallback wall_s=0.550861

=== prio run (rc=0) ===

[stderr]
PROGRAM_TOTAL_NS=510252821

[warn] failed to parse internal time; fallback wall_s=0.513260

=== baseline run (rc=0) ===

[stderr]
PROGRAM_TOTAL_NS=545085847

[warn] failed to parse internal time; fallback wall_s=0.547989

=== prio run (rc=0) ===

[stderr]
PROGRAM_TOTAL_NS=516423611

[warn] failed to parse internal time; fallback wall_s=0.519356

=== baseline run (rc=0) ===

[stderr]
PROGRAM_TOTAL_NS=542295205

[warn] failed to parse internal time; fallback wall_s=0.545118

=== prio run (rc=0) ===

[stderr]
PROGRAM_TOTAL_NS=515951093

[warn] failed to parse internal time; fallback wall_s=0.519138

=== baseline run (rc=0) ===

[stderr]
PROGRAM_TOTAL_NS=546682340

[warn] failed to parse internal time; fallback wall_s=0.549455

=== prio run (rc=0) ===

[stderr]
PROGRAM_TOTAL_NS=514376799

[warn] failed to parse internal time; fallback wall_s=0.517982

=== baseline run (rc=0) ===

[stderr]
PROGRAM_TOTAL_NS=549682155

[warn] failed to parse internal time; fallback wall_s=0.552607

=== prio run (rc=0) ===

[stderr]
PROGRAM_TOTAL_NS=512258607

[warn] failed to parse internal time; fallback wall_s=0.515357

=== baseline run (rc=0) ===

[stderr]
PROGRAM_TOTAL_NS=554929644

[warn] failed to parse internal time; fallback wall_s=0.557679

=== prio run (rc=0) ===

[stderr]
PROGRAM_TOTAL_NS=502524572

[warn] failed to parse internal time; fallback wall_s=0.505370

=== baseline run (rc=0) ===

[stderr]
PROGRAM_TOTAL_NS=544881599

[warn] failed to parse internal time; fallback wall_s=0.547705

=== prio run (rc=0) ===

[stderr]
PROGRAM_TOTAL_NS=514861393

[warn] failed to parse internal time; fallback wall_s=0.517645

=== baseline run (rc=0) ===

[stderr]
PROGRAM_TOTAL_NS=557450135

[warn] failed to parse internal time; fallback wall_s=0.560312

=== prio run (rc=0) ===

[stderr]
PROGRAM_TOTAL_NS=514008322

[warn] failed to parse internal time; fallback wall_s=0.516922

=== baseline run (rc=0) ===

[stderr]
PROGRAM_TOTAL_NS=544050956

[warn] failed to parse internal time; fallback wall_s=0.547036

=== prio run (rc=0) ===

[stderr]
PROGRAM_TOTAL_NS=504025655

[warn] failed to parse internal time; fallback wall_s=0.507204

=== baseline run (rc=0) ===

[stderr]
PROGRAM_TOTAL_NS=547415347

[warn] failed to parse internal time; fallback wall_s=0.550716

=== prio run (rc=0) ===

[stderr]
PROGRAM_TOTAL_NS=510823505

[warn] failed to parse internal time; fallback wall_s=0.514257

=== baseline run (rc=0) ===

[stderr]
PROGRAM_TOTAL_NS=548038991

[warn] failed to parse internal time; fallback wall_s=0.551115

=== prio run (rc=0) ===

[stderr]
PROGRAM_TOTAL_NS=509859533

[warn] failed to parse internal time; fallback wall_s=0.512984

=== baseline run (rc=0) ===

[stderr]
PROGRAM_TOTAL_NS=511248883

[warn] failed to parse internal time; fallback wall_s=0.514020

=== prio run (rc=0) ===

[stderr]
PROGRAM_TOTAL_NS=518555135

[warn] failed to parse internal time; fallback wall_s=0.521315

=== baseline run (rc=0) ===

[stderr]
PROGRAM_TOTAL_NS=543391343

[warn] failed to parse internal time; fallback wall_s=0.546345

=== prio run (rc=0) ===

[stderr]
PROGRAM_TOTAL_NS=529676883

[warn] failed to parse internal time; fallback wall_s=0.532965

=== baseline run (rc=0) ===

[stderr]
PROGRAM_TOTAL_NS=545594569

[warn] failed to parse internal time; fallback wall_s=0.548537

=== prio run (rc=0) ===

[stderr]
PROGRAM_TOTAL_NS=517445691

[warn] failed to parse internal time; fallback wall_s=0.520263

=== baseline run (rc=0) ===

[stderr]
PROGRAM_TOTAL_NS=522952435

[warn] failed to parse internal time; fallback wall_s=0.525784

=== prio run (rc=0) ===

[stderr]
PROGRAM_TOTAL_NS=525173837

[warn] failed to parse internal time; fallback wall_s=0.527858

=== baseline run (rc=0) ===

[stderr]
PROGRAM_TOTAL_NS=546785426

[warn] failed to parse internal time; fallback wall_s=0.549469

=== prio run (rc=0) ===

[stderr]
PROGRAM_TOTAL_NS=516205479

[warn] failed to parse internal time; fallback wall_s=0.519171

=== baseline run (rc=0) ===

[stderr]
PROGRAM_TOTAL_NS=549047914

[warn] failed to parse internal time; fallback wall_s=0.552161

=== prio run (rc=0) ===

[stderr]
PROGRAM_TOTAL_NS=515252546

[warn] failed to parse internal time; fallback wall_s=0.518334

=== baseline run (rc=0) ===

[stderr]
PROGRAM_TOTAL_NS=550125954

[warn] failed to parse internal time; fallback wall_s=0.552996

=== prio run (rc=0) ===

[stderr]
PROGRAM_TOTAL_NS=513556991

[warn] failed to parse internal time; fallback wall_s=0.516600

=== baseline run (rc=0) ===

[stderr]
PROGRAM_TOTAL_NS=547723471

[warn] failed to parse internal time; fallback wall_s=0.550864

=== prio run (rc=0) ===

[stderr]
PROGRAM_TOTAL_NS=507421755

[warn] failed to parse internal time; fallback wall_s=0.510914

=== baseline run (rc=0) ===

[stderr]
PROGRAM_TOTAL_NS=540478605

[warn] failed to parse internal time; fallback wall_s=0.543906

=== prio run (rc=0) ===

[stderr]
PROGRAM_TOTAL_NS=513387730

[warn] failed to parse internal time; fallback wall_s=0.516491

=== baseline run (rc=0) ===

[stderr]
PROGRAM_TOTAL_NS=563319979

[warn] failed to parse internal time; fallback wall_s=0.566222

=== prio run (rc=0) ===

[stderr]
PROGRAM_TOTAL_NS=506322954

[warn] failed to parse internal time; fallback wall_s=0.509668

=== baseline run (rc=0) ===

[stderr]
PROGRAM_TOTAL_NS=557751124

[warn] failed to parse internal time; fallback wall_s=0.560812

=== prio run (rc=0) ===

[stderr]
PROGRAM_TOTAL_NS=515572959

[warn] failed to parse internal time; fallback wall_s=0.518484

=== baseline run (rc=0) ===

[stderr]
PROGRAM_TOTAL_NS=541141181

[warn] failed to parse internal time; fallback wall_s=0.543893

=== prio run (rc=0) ===

[stderr]
PROGRAM_TOTAL_NS=512125408

[warn] failed to parse internal time; fallback wall_s=0.514912

=== baseline run (rc=0) ===

[stderr]
PROGRAM_TOTAL_NS=564897499

[warn] failed to parse internal time; fallback wall_s=0.568075

=== prio run (rc=0) ===

[stderr]
PROGRAM_TOTAL_NS=518789030

[warn] failed to parse internal time; fallback wall_s=0.521751

=== baseline run (rc=0) ===

[stderr]
PROGRAM_TOTAL_NS=535570994

[warn] failed to parse internal time; fallback wall_s=0.538355

=== prio run (rc=0) ===

[stderr]
PROGRAM_TOTAL_NS=509537100

[warn] failed to parse internal time; fallback wall_s=0.512326

=== baseline run (rc=0) ===

[stderr]
PROGRAM_TOTAL_NS=555187654

[warn] failed to parse internal time; fallback wall_s=0.558322

=== prio run (rc=0) ===

[stderr]
PROGRAM_TOTAL_NS=515112773

[warn] failed to parse internal time; fallback wall_s=0.518157

=== baseline run (rc=0) ===

[stderr]
PROGRAM_TOTAL_NS=545530370

[warn] failed to parse internal time; fallback wall_s=0.548693

=== prio run (rc=0) ===

[stderr]
PROGRAM_TOTAL_NS=536734363

[warn] failed to parse internal time; fallback wall_s=0.539592

=== baseline run (rc=0) ===

[stderr]
PROGRAM_TOTAL_NS=543133017

[warn] failed to parse internal time; fallback wall_s=0.545988

=== prio run (rc=0) ===

[stderr]
PROGRAM_TOTAL_NS=529798308

[warn] failed to parse internal time; fallback wall_s=0.532530

=== baseline run (rc=0) ===

[stderr]
PROGRAM_TOTAL_NS=550069547

[warn] failed to parse internal time; fallback wall_s=0.553121

=== prio run (rc=0) ===

[stderr]
PROGRAM_TOTAL_NS=514380142

[warn] failed to parse internal time; fallback wall_s=0.517357

=== baseline run (rc=0) ===

[stderr]
PROGRAM_TOTAL_NS=551757242

[warn] failed to parse internal time; fallback wall_s=0.554509

=== prio run (rc=0) ===

[stderr]
PROGRAM_TOTAL_NS=513167889

[warn] failed to parse internal time; fallback wall_s=0.516047

=== baseline run (rc=0) ===

[stderr]
PROGRAM_TOTAL_NS=535271568

[warn] failed to parse internal time; fallback wall_s=0.538362

=== prio run (rc=0) ===

[stderr]
PROGRAM_TOTAL_NS=508363980

[warn] failed to parse internal time; fallback wall_s=0.511664

=== baseline run (rc=0) ===

[stderr]
PROGRAM_TOTAL_NS=546947398

[warn] failed to parse internal time; fallback wall_s=0.549967

=== prio run (rc=0) ===

[stderr]
PROGRAM_TOTAL_NS=520839503

[warn] failed to parse internal time; fallback wall_s=0.523901

=== baseline run (rc=0) ===

[stderr]
PROGRAM_TOTAL_NS=551288461

[warn] failed to parse internal time; fallback wall_s=0.554279

=== prio run (rc=0) ===

[stderr]
PROGRAM_TOTAL_NS=517919475

[warn] failed to parse internal time; fallback wall_s=0.521143

=== baseline run (rc=0) ===

[stderr]
PROGRAM_TOTAL_NS=555880369

[warn] failed to parse internal time; fallback wall_s=0.558649

=== prio run (rc=0) ===

[stderr]
PROGRAM_TOTAL_NS=515103844

[warn] failed to parse internal time; fallback wall_s=0.517900

=== baseline run (rc=0) ===

[stderr]
PROGRAM_TOTAL_NS=569321427

[warn] failed to parse internal time; fallback wall_s=0.572208

=== prio run (rc=0) ===

[stderr]
PROGRAM_TOTAL_NS=504629359

[warn] failed to parse internal time; fallback wall_s=0.507768

=== baseline run (rc=0) ===

[stderr]
PROGRAM_TOTAL_NS=564997701

[warn] failed to parse internal time; fallback wall_s=0.567880

=== prio run (rc=0) ===

[stderr]
PROGRAM_TOTAL_NS=504030008

[warn] failed to parse internal time; fallback wall_s=0.506910

