=== baseline run (rc=0) ===

[stderr]
PROGRAM_TOTAL_NS=1640025459

[warn] failed to parse internal time; fallback wall_s=1.642951

=== prio run (rc=0) ===

[stderr]
PROGRAM_TOTAL_NS=1537399768

[warn] failed to parse internal time; fallback wall_s=1.540388

=== baseline run (rc=0) ===

[stderr]
PROGRAM_TOTAL_NS=1578485348

[warn] failed to parse internal time; fallback wall_s=1.581439

=== prio run (rc=0) ===

[stderr]
PROGRAM_TOTAL_NS=1532505679

[warn] failed to parse internal time; fallback wall_s=1.535267

=== baseline run (rc=0) ===

[stderr]
PROGRAM_TOTAL_NS=1589729477

[warn] failed to parse internal time; fallback wall_s=1.592572

=== prio run (rc=0) ===

[stderr]
PROGRAM_TOTAL_NS=1504704511

[warn] failed to parse internal time; fallback wall_s=1.507513

=== baseline run (rc=0) ===

[stderr]
PROGRAM_TOTAL_NS=1624261908

[warn] failed to parse internal time; fallback wall_s=1.627076

=== prio run (rc=0) ===

[stderr]
PROGRAM_TOTAL_NS=1551256970

[warn] failed to parse internal time; fallback wall_s=1.554196

=== baseline run (rc=0) ===

[stderr]
PROGRAM_TOTAL_NS=1613139783

[warn] failed to parse internal time; fallback wall_s=1.616205

=== prio run (rc=0) ===

[stderr]
PROGRAM_TOTAL_NS=1527179977

[warn] failed to parse internal time; fallback wall_s=1.530116

=== baseline run (rc=0) ===

[stderr]
PROGRAM_TOTAL_NS=1627270155

[warn] failed to parse internal time; fallback wall_s=1.630185

=== prio run (rc=0) ===

[stderr]
PROGRAM_TOTAL_NS=1509678929

[warn] failed to parse internal time; fallback wall_s=1.512564

=== baseline run (rc=0) ===

[stderr]
PROGRAM_TOTAL_NS=1599970981

[warn] failed to parse internal time; fallback wall_s=1.602713

=== prio run (rc=0) ===

[stderr]
PROGRAM_TOTAL_NS=1513491781

[warn] failed to parse internal time; fallback wall_s=1.516904

=== baseline run (rc=0) ===

[stderr]
PROGRAM_TOTAL_NS=1587572019

[warn] failed to parse internal time; fallback wall_s=1.590358

=== prio run (rc=0) ===

[stderr]
PROGRAM_TOTAL_NS=1530790609

[warn] failed to parse internal time; fallback wall_s=1.533654

=== baseline run (rc=0) ===

[stderr]
PROGRAM_TOTAL_NS=1621115400

[warn] failed to parse internal time; fallback wall_s=1.623934

=== prio run (rc=0) ===

[stderr]
PROGRAM_TOTAL_NS=1529973105

[warn] failed to parse internal time; fallback wall_s=1.532912

=== baseline run (rc=0) ===

[stderr]
PROGRAM_TOTAL_NS=1606530408

[warn] failed to parse internal time; fallback wall_s=1.609516

=== prio run (rc=0) ===

[stderr]
PROGRAM_TOTAL_NS=1530852975

[warn] failed to parse internal time; fallback wall_s=1.533796

=== baseline run (rc=0) ===

[stderr]
PROGRAM_TOTAL_NS=1650986292

[warn] failed to parse internal time; fallback wall_s=1.653946

=== prio run (rc=0) ===

[stderr]
PROGRAM_TOTAL_NS=1508454055

[warn] failed to parse internal time; fallback wall_s=1.511634

=== baseline run (rc=0) ===

[stderr]
PROGRAM_TOTAL_NS=1613306894

[warn] failed to parse internal time; fallback wall_s=1.616092

=== prio run (rc=0) ===

[stderr]
PROGRAM_TOTAL_NS=1499298185

[warn] failed to parse internal time; fallback wall_s=1.502035

=== baseline run (rc=0) ===

[stderr]
PROGRAM_TOTAL_NS=1550906617

[warn] failed to parse internal time; fallback wall_s=1.553795

=== prio run (rc=0) ===

[stderr]
PROGRAM_TOTAL_NS=1527686669

[warn] failed to parse internal time; fallback wall_s=1.530682

=== baseline run (rc=0) ===

[stderr]
PROGRAM_TOTAL_NS=1582640963

[warn] failed to parse internal time; fallback wall_s=1.585520

=== prio run (rc=0) ===

[stderr]
PROGRAM_TOTAL_NS=1551641692

[warn] failed to parse internal time; fallback wall_s=1.554577

=== baseline run (rc=0) ===

[stderr]
PROGRAM_TOTAL_NS=1611964150

[warn] failed to parse internal time; fallback wall_s=1.614873

=== prio run (rc=0) ===

[stderr]
PROGRAM_TOTAL_NS=1547589903

[warn] failed to parse internal time; fallback wall_s=1.550581

=== baseline run (rc=0) ===

[stderr]
PROGRAM_TOTAL_NS=1625923335

[warn] failed to parse internal time; fallback wall_s=1.629323

=== prio run (rc=0) ===

[stderr]
PROGRAM_TOTAL_NS=1535683111

[warn] failed to parse internal time; fallback wall_s=1.538368

=== baseline run (rc=0) ===

[stderr]
PROGRAM_TOTAL_NS=1631501938

[warn] failed to parse internal time; fallback wall_s=1.634343

=== prio run (rc=0) ===

[stderr]
PROGRAM_TOTAL_NS=1543242615

[warn] failed to parse internal time; fallback wall_s=1.546274

=== baseline run (rc=0) ===

[stderr]
PROGRAM_TOTAL_NS=1630091138

[warn] failed to parse internal time; fallback wall_s=1.632839

=== prio run (rc=0) ===

[stderr]
PROGRAM_TOTAL_NS=1526519536

[warn] failed to parse internal time; fallback wall_s=1.529401

=== baseline run (rc=0) ===

[stderr]
PROGRAM_TOTAL_NS=1607669747

[warn] failed to parse internal time; fallback wall_s=1.610420

=== prio run (rc=0) ===

[stderr]
PROGRAM_TOTAL_NS=1537622611

[warn] failed to parse internal time; fallback wall_s=1.540675

=== baseline run (rc=0) ===

[stderr]
PROGRAM_TOTAL_NS=1589973221

[warn] failed to parse internal time; fallback wall_s=1.592788

=== prio run (rc=0) ===

[stderr]
PROGRAM_TOTAL_NS=1537035272

[warn] failed to parse internal time; fallback wall_s=1.539870

=== baseline run (rc=0) ===

[stderr]
PROGRAM_TOTAL_NS=1632973459

[warn] failed to parse internal time; fallback wall_s=1.636151

=== prio run (rc=0) ===

[stderr]
PROGRAM_TOTAL_NS=1539587941

[warn] failed to parse internal time; fallback wall_s=1.542938

=== baseline run (rc=0) ===

[stderr]
PROGRAM_TOTAL_NS=1618613496

[warn] failed to parse internal time; fallback wall_s=1.621749

=== prio run (rc=0) ===

[stderr]
PROGRAM_TOTAL_NS=1527994558

[warn] failed to parse internal time; fallback wall_s=1.530956

=== baseline run (rc=0) ===

[stderr]
PROGRAM_TOTAL_NS=1624139595

[warn] failed to parse internal time; fallback wall_s=1.626975

=== prio run (rc=0) ===

[stderr]
PROGRAM_TOTAL_NS=1501439246

[warn] failed to parse internal time; fallback wall_s=1.504465

=== baseline run (rc=0) ===

[stderr]
PROGRAM_TOTAL_NS=1628920250

[warn] failed to parse internal time; fallback wall_s=1.631899

=== prio run (rc=0) ===

[stderr]
PROGRAM_TOTAL_NS=1532402502

[warn] failed to parse internal time; fallback wall_s=1.535202

=== baseline run (rc=0) ===

[stderr]
PROGRAM_TOTAL_NS=1569245670

[warn] failed to parse internal time; fallback wall_s=1.572277

=== prio run (rc=0) ===

[stderr]
PROGRAM_TOTAL_NS=1558774548

[warn] failed to parse internal time; fallback wall_s=1.562079

=== baseline run (rc=0) ===

[stderr]
PROGRAM_TOTAL_NS=1627591040

[warn] failed to parse internal time; fallback wall_s=1.630572

=== prio run (rc=0) ===

[stderr]
PROGRAM_TOTAL_NS=1534202589

[warn] failed to parse internal time; fallback wall_s=1.537537

=== baseline run (rc=0) ===

[stderr]
PROGRAM_TOTAL_NS=1564202485

[warn] failed to parse internal time; fallback wall_s=1.567011

=== prio run (rc=0) ===

[stderr]
PROGRAM_TOTAL_NS=1533190313

[warn] failed to parse internal time; fallback wall_s=1.535991

=== baseline run (rc=0) ===

[stderr]
PROGRAM_TOTAL_NS=1611364090

[warn] failed to parse internal time; fallback wall_s=1.614254

=== prio run (rc=0) ===

[stderr]
PROGRAM_TOTAL_NS=1522842354

[warn] failed to parse internal time; fallback wall_s=1.525650

=== baseline run (rc=0) ===

[stderr]
PROGRAM_TOTAL_NS=1550376569

[warn] failed to parse internal time; fallback wall_s=1.553209

=== prio run (rc=0) ===

[stderr]
PROGRAM_TOTAL_NS=1513236061

[warn] failed to parse internal time; fallback wall_s=1.516194

=== baseline run (rc=0) ===

[stderr]
PROGRAM_TOTAL_NS=1582670039

[warn] failed to parse internal time; fallback wall_s=1.585872

=== prio run (rc=0) ===

[stderr]
PROGRAM_TOTAL_NS=1538404101

[warn] failed to parse internal time; fallback wall_s=1.541187

=== baseline run (rc=0) ===

[stderr]
PROGRAM_TOTAL_NS=1620075099

[warn] failed to parse internal time; fallback wall_s=1.623254

=== prio run (rc=0) ===

[stderr]
PROGRAM_TOTAL_NS=1554562704

[warn] failed to parse internal time; fallback wall_s=1.557760

=== baseline run (rc=0) ===

[stderr]
PROGRAM_TOTAL_NS=1591756676

[warn] failed to parse internal time; fallback wall_s=1.594659

=== prio run (rc=0) ===

[stderr]
PROGRAM_TOTAL_NS=1541082522

[warn] failed to parse internal time; fallback wall_s=1.544424

=== baseline run (rc=0) ===

[stderr]
PROGRAM_TOTAL_NS=1644764550

[warn] failed to parse internal time; fallback wall_s=1.647649

=== prio run (rc=0) ===

[stderr]
PROGRAM_TOTAL_NS=1545008197

[warn] failed to parse internal time; fallback wall_s=1.547881

=== baseline run (rc=0) ===

[stderr]
PROGRAM_TOTAL_NS=1572276280

[warn] failed to parse internal time; fallback wall_s=1.575152

=== prio run (rc=0) ===

[stderr]
PROGRAM_TOTAL_NS=1518112648

[warn] failed to parse internal time; fallback wall_s=1.521294

=== baseline run (rc=0) ===

[stderr]
PROGRAM_TOTAL_NS=1518009728

[warn] failed to parse internal time; fallback wall_s=1.521181

=== prio run (rc=0) ===

[stderr]
PROGRAM_TOTAL_NS=1543335533

[warn] failed to parse internal time; fallback wall_s=1.546452

=== baseline run (rc=0) ===

[stderr]
PROGRAM_TOTAL_NS=1644559959

[warn] failed to parse internal time; fallback wall_s=1.647306

=== prio run (rc=0) ===

[stderr]
PROGRAM_TOTAL_NS=1552597985

[warn] failed to parse internal time; fallback wall_s=1.556050

=== baseline run (rc=0) ===

[stderr]
PROGRAM_TOTAL_NS=1530402312

[warn] failed to parse internal time; fallback wall_s=1.533282

=== prio run (rc=0) ===

[stderr]
PROGRAM_TOTAL_NS=1536939295

[warn] failed to parse internal time; fallback wall_s=1.539935

=== baseline run (rc=0) ===

[stderr]
PROGRAM_TOTAL_NS=1627587481

[warn] failed to parse internal time; fallback wall_s=1.630621

=== prio run (rc=0) ===

[stderr]
PROGRAM_TOTAL_NS=1525613718

[warn] failed to parse internal time; fallback wall_s=1.528759

=== baseline run (rc=0) ===

[stderr]
PROGRAM_TOTAL_NS=1626363430

[warn] failed to parse internal time; fallback wall_s=1.629452

=== prio run (rc=0) ===

[stderr]
PROGRAM_TOTAL_NS=1534505582

[warn] failed to parse internal time; fallback wall_s=1.538455

=== baseline run (rc=0) ===

[stderr]
PROGRAM_TOTAL_NS=1559236596

[warn] failed to parse internal time; fallback wall_s=1.562051

=== prio run (rc=0) ===

[stderr]
PROGRAM_TOTAL_NS=1511355203

[warn] failed to parse internal time; fallback wall_s=1.514321

=== baseline run (rc=0) ===

[stderr]
PROGRAM_TOTAL_NS=1634998526

[warn] failed to parse internal time; fallback wall_s=1.637815

=== prio run (rc=0) ===

[stderr]
PROGRAM_TOTAL_NS=1513848823

[warn] failed to parse internal time; fallback wall_s=1.516703

=== baseline run (rc=0) ===

[stderr]
PROGRAM_TOTAL_NS=1601156726

[warn] failed to parse internal time; fallback wall_s=1.604030

=== prio run (rc=0) ===

[stderr]
PROGRAM_TOTAL_NS=1517077696

[warn] failed to parse internal time; fallback wall_s=1.519881

=== baseline run (rc=0) ===

[stderr]
PROGRAM_TOTAL_NS=1585114915

[warn] failed to parse internal time; fallback wall_s=1.588253

=== prio run (rc=0) ===

[stderr]
PROGRAM_TOTAL_NS=1527937289

[warn] failed to parse internal time; fallback wall_s=1.531075

=== baseline run (rc=0) ===

[stderr]
PROGRAM_TOTAL_NS=1640207561

[warn] failed to parse internal time; fallback wall_s=1.643241

=== prio run (rc=0) ===

[stderr]
PROGRAM_TOTAL_NS=1522578961

[warn] failed to parse internal time; fallback wall_s=1.525541

=== baseline run (rc=0) ===

[stderr]
PROGRAM_TOTAL_NS=1621043829

[warn] failed to parse internal time; fallback wall_s=1.623769

=== prio run (rc=0) ===

[stderr]
PROGRAM_TOTAL_NS=1525541170

[warn] failed to parse internal time; fallback wall_s=1.528554

=== baseline run (rc=0) ===

[stderr]
PROGRAM_TOTAL_NS=1587454488

[warn] failed to parse internal time; fallback wall_s=1.590293

=== prio run (rc=0) ===

[stderr]
PROGRAM_TOTAL_NS=1542998206

[warn] failed to parse internal time; fallback wall_s=1.545759

=== baseline run (rc=0) ===

[stderr]
PROGRAM_TOTAL_NS=1610670341

[warn] failed to parse internal time; fallback wall_s=1.613601

=== prio run (rc=0) ===

[stderr]
PROGRAM_TOTAL_NS=1542535314

[warn] failed to parse internal time; fallback wall_s=1.545729

=== baseline run (rc=0) ===

[stderr]
PROGRAM_TOTAL_NS=1647904799

[warn] failed to parse internal time; fallback wall_s=1.650947

=== prio run (rc=0) ===

[stderr]
PROGRAM_TOTAL_NS=1521737468

[warn] failed to parse internal time; fallback wall_s=1.524700

=== baseline run (rc=0) ===

[stderr]
PROGRAM_TOTAL_NS=1621971484

[warn] failed to parse internal time; fallback wall_s=1.624766

=== prio run (rc=0) ===

[stderr]
PROGRAM_TOTAL_NS=1533369945

[warn] failed to parse internal time; fallback wall_s=1.536404

=== baseline run (rc=0) ===

[stderr]
PROGRAM_TOTAL_NS=1557981037

[warn] failed to parse internal time; fallback wall_s=1.560776

=== prio run (rc=0) ===

[stderr]
PROGRAM_TOTAL_NS=1511293396

[warn] failed to parse internal time; fallback wall_s=1.514274

