=== baseline run (rc=0) ===

[stderr]
PROGRAM_TOTAL_NS=953672866

[warn] failed to parse internal time; fallback wall_s=0.956833

=== prio run (rc=0) ===

[stderr]
PROGRAM_TOTAL_NS=611175183

[warn] failed to parse internal time; fallback wall_s=0.614148

=== baseline run (rc=0) ===

[stderr]
PROGRAM_TOTAL_NS=831799312

[warn] failed to parse internal time; fallback wall_s=0.834547

=== prio run (rc=0) ===

[stderr]
PROGRAM_TOTAL_NS=612390570

[warn] failed to parse internal time; fallback wall_s=0.615324

=== baseline run (rc=0) ===

[stderr]
PROGRAM_TOTAL_NS=925674391

[warn] failed to parse internal time; fallback wall_s=0.928479

=== prio run (rc=0) ===

[stderr]
PROGRAM_TOTAL_NS=619868550

[warn] failed to parse internal time; fallback wall_s=0.622662

=== baseline run (rc=0) ===

[stderr]
PROGRAM_TOTAL_NS=901177144

[warn] failed to parse internal time; fallback wall_s=0.904074

=== prio run (rc=0) ===

[stderr]
PROGRAM_TOTAL_NS=620916097

[warn] failed to parse internal time; fallback wall_s=0.623648

=== baseline run (rc=0) ===

[stderr]
PROGRAM_TOTAL_NS=888141030

[warn] failed to parse internal time; fallback wall_s=0.890960

=== prio run (rc=0) ===

[stderr]
PROGRAM_TOTAL_NS=607954722

[warn] failed to parse internal time; fallback wall_s=0.610613

=== baseline run (rc=0) ===

[stderr]
PROGRAM_TOTAL_NS=863241069

[warn] failed to parse internal time; fallback wall_s=0.866157

=== prio run (rc=0) ===

[stderr]
PROGRAM_TOTAL_NS=625670971

[warn] failed to parse internal time; fallback wall_s=0.644952

=== baseline run (rc=0) ===

[stderr]
PROGRAM_TOTAL_NS=895587374

[warn] failed to parse internal time; fallback wall_s=0.898487

=== prio run (rc=0) ===

[stderr]
PROGRAM_TOTAL_NS=626221296

[warn] failed to parse internal time; fallback wall_s=0.629181

=== baseline run (rc=0) ===

[stderr]
PROGRAM_TOTAL_NS=810195035

[warn] failed to parse internal time; fallback wall_s=0.813034

=== prio run (rc=0) ===

[stderr]
PROGRAM_TOTAL_NS=609893152

[warn] failed to parse internal time; fallback wall_s=0.612974

=== baseline run (rc=0) ===

[stderr]
PROGRAM_TOTAL_NS=910124315

[warn] failed to parse internal time; fallback wall_s=0.912938

=== prio run (rc=0) ===

[stderr]
PROGRAM_TOTAL_NS=627844861

[warn] failed to parse internal time; fallback wall_s=0.630634

=== baseline run (rc=0) ===

[stderr]
PROGRAM_TOTAL_NS=840388338

[warn] failed to parse internal time; fallback wall_s=0.843249

=== prio run (rc=0) ===

[stderr]
PROGRAM_TOTAL_NS=609030179

[warn] failed to parse internal time; fallback wall_s=0.611733

=== baseline run (rc=0) ===

[stderr]
PROGRAM_TOTAL_NS=937851549

[warn] failed to parse internal time; fallback wall_s=0.940698

=== prio run (rc=0) ===

[stderr]
PROGRAM_TOTAL_NS=606440119

[warn] failed to parse internal time; fallback wall_s=0.609184

=== baseline run (rc=0) ===

[stderr]
PROGRAM_TOTAL_NS=825268495

[warn] failed to parse internal time; fallback wall_s=0.828122

=== prio run (rc=0) ===

[stderr]
PROGRAM_TOTAL_NS=617447887

[warn] failed to parse internal time; fallback wall_s=0.620164

=== baseline run (rc=0) ===

[stderr]
PROGRAM_TOTAL_NS=919416588

[warn] failed to parse internal time; fallback wall_s=0.922265

=== prio run (rc=0) ===

[stderr]
PROGRAM_TOTAL_NS=623463747

[warn] failed to parse internal time; fallback wall_s=0.626250

=== baseline run (rc=0) ===

[stderr]
PROGRAM_TOTAL_NS=875950684

[warn] failed to parse internal time; fallback wall_s=0.878875

=== prio run (rc=0) ===

[stderr]
PROGRAM_TOTAL_NS=621687991

[warn] failed to parse internal time; fallback wall_s=0.624633

=== baseline run (rc=0) ===

[stderr]
PROGRAM_TOTAL_NS=923002447

[warn] failed to parse internal time; fallback wall_s=0.926049

=== prio run (rc=0) ===

[stderr]
PROGRAM_TOTAL_NS=622398523

[warn] failed to parse internal time; fallback wall_s=0.625024

=== baseline run (rc=0) ===

[stderr]
PROGRAM_TOTAL_NS=885131800

[warn] failed to parse internal time; fallback wall_s=0.887987

=== prio run (rc=0) ===

[stderr]
PROGRAM_TOTAL_NS=614736429

[warn] failed to parse internal time; fallback wall_s=0.617520

=== baseline run (rc=0) ===

[stderr]
PROGRAM_TOTAL_NS=821086216

[warn] failed to parse internal time; fallback wall_s=0.823982

=== prio run (rc=0) ===

[stderr]
PROGRAM_TOTAL_NS=641649870

[warn] failed to parse internal time; fallback wall_s=0.644593

=== baseline run (rc=0) ===

[stderr]
PROGRAM_TOTAL_NS=856928141

[warn] failed to parse internal time; fallback wall_s=0.859768

=== prio run (rc=0) ===

[stderr]
PROGRAM_TOTAL_NS=630863110

[warn] failed to parse internal time; fallback wall_s=0.634925

=== baseline run (rc=0) ===

[stderr]
PROGRAM_TOTAL_NS=818658868

[warn] failed to parse internal time; fallback wall_s=0.821600

=== prio run (rc=0) ===

[stderr]
PROGRAM_TOTAL_NS=620396124

[warn] failed to parse internal time; fallback wall_s=0.623621

=== baseline run (rc=0) ===

[stderr]
PROGRAM_TOTAL_NS=868005681

[warn] failed to parse internal time; fallback wall_s=0.871032

=== prio run (rc=0) ===

[stderr]
PROGRAM_TOTAL_NS=606526550

[warn] failed to parse internal time; fallback wall_s=0.609238

=== baseline run (rc=0) ===

[stderr]
PROGRAM_TOTAL_NS=873230151

[warn] failed to parse internal time; fallback wall_s=0.876214

=== prio run (rc=0) ===

[stderr]
PROGRAM_TOTAL_NS=608245873

[warn] failed to parse internal time; fallback wall_s=0.611222

=== baseline run (rc=0) ===

[stderr]
PROGRAM_TOTAL_NS=893047233

[warn] failed to parse internal time; fallback wall_s=0.896059

=== prio run (rc=0) ===

[stderr]
PROGRAM_TOTAL_NS=623685787

[warn] failed to parse internal time; fallback wall_s=0.626352

=== baseline run (rc=0) ===

[stderr]
PROGRAM_TOTAL_NS=819631448

[warn] failed to parse internal time; fallback wall_s=0.822337

=== prio run (rc=0) ===

[stderr]
PROGRAM_TOTAL_NS=617764357

[warn] failed to parse internal time; fallback wall_s=0.620410

=== baseline run (rc=0) ===

[stderr]
PROGRAM_TOTAL_NS=837416161

[warn] failed to parse internal time; fallback wall_s=0.840306

=== prio run (rc=0) ===

[stderr]
PROGRAM_TOTAL_NS=630512299

[warn] failed to parse internal time; fallback wall_s=0.633541

=== baseline run (rc=0) ===

[stderr]
PROGRAM_TOTAL_NS=859495584

[warn] failed to parse internal time; fallback wall_s=0.862248

=== prio run (rc=0) ===

[stderr]
PROGRAM_TOTAL_NS=615358014

[warn] failed to parse internal time; fallback wall_s=0.618286

=== baseline run (rc=0) ===

[stderr]
PROGRAM_TOTAL_NS=902166862

[warn] failed to parse internal time; fallback wall_s=0.905175

=== prio run (rc=0) ===

[stderr]
PROGRAM_TOTAL_NS=614868397

[warn] failed to parse internal time; fallback wall_s=0.617585

=== baseline run (rc=0) ===

[stderr]
PROGRAM_TOTAL_NS=812141548

[warn] failed to parse internal time; fallback wall_s=0.814976

=== prio run (rc=0) ===

[stderr]
PROGRAM_TOTAL_NS=622258735

[warn] failed to parse internal time; fallback wall_s=0.624934

=== baseline run (rc=0) ===

[stderr]
PROGRAM_TOTAL_NS=874333297

[warn] failed to parse internal time; fallback wall_s=0.877301

=== prio run (rc=0) ===

[stderr]
PROGRAM_TOTAL_NS=634051048

[warn] failed to parse internal time; fallback wall_s=0.637005

=== baseline run (rc=0) ===

[stderr]
PROGRAM_TOTAL_NS=744475184

[warn] failed to parse internal time; fallback wall_s=0.748194

=== prio run (rc=0) ===

[stderr]
PROGRAM_TOTAL_NS=607887981

[warn] failed to parse internal time; fallback wall_s=0.610747

=== baseline run (rc=0) ===

[stderr]
PROGRAM_TOTAL_NS=863199380

[warn] failed to parse internal time; fallback wall_s=0.866104

=== prio run (rc=0) ===

[stderr]
PROGRAM_TOTAL_NS=611277056

[warn] failed to parse internal time; fallback wall_s=0.614268

=== baseline run (rc=0) ===

[stderr]
PROGRAM_TOTAL_NS=847170611

[warn] failed to parse internal time; fallback wall_s=0.849951

=== prio run (rc=0) ===

[stderr]
PROGRAM_TOTAL_NS=654146740

[warn] failed to parse internal time; fallback wall_s=0.656776

=== baseline run (rc=0) ===

[stderr]
PROGRAM_TOTAL_NS=941770557

[warn] failed to parse internal time; fallback wall_s=0.944549

=== prio run (rc=0) ===

[stderr]
PROGRAM_TOTAL_NS=617837127

[warn] failed to parse internal time; fallback wall_s=0.620543

=== baseline run (rc=0) ===

[stderr]
PROGRAM_TOTAL_NS=920493121

[warn] failed to parse internal time; fallback wall_s=0.923313

=== prio run (rc=0) ===

[stderr]
PROGRAM_TOTAL_NS=622290824

[warn] failed to parse internal time; fallback wall_s=0.624909

=== baseline run (rc=0) ===

[stderr]
PROGRAM_TOTAL_NS=866968620

[warn] failed to parse internal time; fallback wall_s=0.870000

=== prio run (rc=0) ===

[stderr]
PROGRAM_TOTAL_NS=616852552

[warn] failed to parse internal time; fallback wall_s=0.619613

=== baseline run (rc=0) ===

[stderr]
PROGRAM_TOTAL_NS=808396104

[warn] failed to parse internal time; fallback wall_s=0.811328

=== prio run (rc=0) ===

[stderr]
PROGRAM_TOTAL_NS=623253836

[warn] failed to parse internal time; fallback wall_s=0.625942

=== baseline run (rc=0) ===

[stderr]
PROGRAM_TOTAL_NS=831427807

[warn] failed to parse internal time; fallback wall_s=0.834325

=== prio run (rc=0) ===

[stderr]
PROGRAM_TOTAL_NS=623702602

[warn] failed to parse internal time; fallback wall_s=0.626546

=== baseline run (rc=0) ===

[stderr]
PROGRAM_TOTAL_NS=750100333

[warn] failed to parse internal time; fallback wall_s=0.752929

=== prio run (rc=0) ===

[stderr]
PROGRAM_TOTAL_NS=605091829

[warn] failed to parse internal time; fallback wall_s=0.607912

=== baseline run (rc=0) ===

[stderr]
PROGRAM_TOTAL_NS=902721499

[warn] failed to parse internal time; fallback wall_s=0.905515

=== prio run (rc=0) ===

[stderr]
PROGRAM_TOTAL_NS=611190545

[warn] failed to parse internal time; fallback wall_s=0.613974

=== baseline run (rc=0) ===

[stderr]
PROGRAM_TOTAL_NS=825664402

[warn] failed to parse internal time; fallback wall_s=0.828705

=== prio run (rc=0) ===

[stderr]
PROGRAM_TOTAL_NS=619848336

[warn] failed to parse internal time; fallback wall_s=0.622709

=== baseline run (rc=0) ===

[stderr]
PROGRAM_TOTAL_NS=771907113

[warn] failed to parse internal time; fallback wall_s=0.774756

=== prio run (rc=0) ===

[stderr]
PROGRAM_TOTAL_NS=608253708

[warn] failed to parse internal time; fallback wall_s=0.610984

=== baseline run (rc=0) ===

[stderr]
PROGRAM_TOTAL_NS=888083006

[warn] failed to parse internal time; fallback wall_s=0.890913

=== prio run (rc=0) ===

[stderr]
PROGRAM_TOTAL_NS=638172816

[warn] failed to parse internal time; fallback wall_s=0.640751

=== baseline run (rc=0) ===

[stderr]
PROGRAM_TOTAL_NS=880981210

[warn] failed to parse internal time; fallback wall_s=0.883810

=== prio run (rc=0) ===

[stderr]
PROGRAM_TOTAL_NS=608390548

[warn] failed to parse internal time; fallback wall_s=0.611126

=== baseline run (rc=0) ===

[stderr]
PROGRAM_TOTAL_NS=751493559

[warn] failed to parse internal time; fallback wall_s=0.754442

=== prio run (rc=0) ===

[stderr]
PROGRAM_TOTAL_NS=617410055

[warn] failed to parse internal time; fallback wall_s=0.620289

=== baseline run (rc=0) ===

[stderr]
PROGRAM_TOTAL_NS=900808963

[warn] failed to parse internal time; fallback wall_s=0.903713

=== prio run (rc=0) ===

[stderr]
PROGRAM_TOTAL_NS=620146837

[warn] failed to parse internal time; fallback wall_s=0.622999

=== baseline run (rc=0) ===

[stderr]
PROGRAM_TOTAL_NS=898386837

[warn] failed to parse internal time; fallback wall_s=0.901159

=== prio run (rc=0) ===

[stderr]
PROGRAM_TOTAL_NS=616717072

[warn] failed to parse internal time; fallback wall_s=0.619367

=== baseline run (rc=0) ===

[stderr]
PROGRAM_TOTAL_NS=875127683

[warn] failed to parse internal time; fallback wall_s=0.877998

=== prio run (rc=0) ===

[stderr]
PROGRAM_TOTAL_NS=612850942

[warn] failed to parse internal time; fallback wall_s=0.615600

=== baseline run (rc=0) ===

[stderr]
PROGRAM_TOTAL_NS=880226203

[warn] failed to parse internal time; fallback wall_s=0.883105

=== prio run (rc=0) ===

[stderr]
PROGRAM_TOTAL_NS=627066967

[warn] failed to parse internal time; fallback wall_s=0.629905

=== baseline run (rc=0) ===

[stderr]
PROGRAM_TOTAL_NS=900003592

[warn] failed to parse internal time; fallback wall_s=0.902941

=== prio run (rc=0) ===

[stderr]
PROGRAM_TOTAL_NS=612509996

[warn] failed to parse internal time; fallback wall_s=0.615105

=== baseline run (rc=0) ===

[stderr]
PROGRAM_TOTAL_NS=882221225

[warn] failed to parse internal time; fallback wall_s=0.884997

=== prio run (rc=0) ===

[stderr]
PROGRAM_TOTAL_NS=623581137

[warn] failed to parse internal time; fallback wall_s=0.626309

=== baseline run (rc=0) ===

[stderr]
PROGRAM_TOTAL_NS=959093200

[warn] failed to parse internal time; fallback wall_s=0.961931

=== prio run (rc=0) ===

[stderr]
PROGRAM_TOTAL_NS=607714672

[warn] failed to parse internal time; fallback wall_s=0.610547

