=== baseline run (rc=0) ===

[stderr]
PROGRAM_TOTAL_NS=17983263717

[warn] failed to parse internal time; fallback wall_s=17.997424

=== prio run (rc=0) ===

[stderr]
PROGRAM_TOTAL_NS=14788673507

[warn] failed to parse internal time; fallback wall_s=14.794833

=== baseline run (rc=0) ===

[stderr]
PROGRAM_TOTAL_NS=17936752758

[warn] failed to parse internal time; fallback wall_s=17.943486

=== prio run (rc=0) ===

[stderr]
PROGRAM_TOTAL_NS=12669680715

[warn] failed to parse internal time; fallback wall_s=12.675943

=== baseline run (rc=0) ===

[stderr]
PROGRAM_TOTAL_NS=17961269091

[warn] failed to parse internal time; fallback wall_s=17.968016

=== prio run (rc=0) ===

[stderr]
PROGRAM_TOTAL_NS=12963264923

[warn] failed to parse internal time; fallback wall_s=12.969535

=== baseline run (rc=0) ===

[stderr]
PROGRAM_TOTAL_NS=17956486050

[warn] failed to parse internal time; fallback wall_s=17.962650

=== prio run (rc=0) ===

[stderr]
PROGRAM_TOTAL_NS=12757397881

[warn] failed to parse internal time; fallback wall_s=12.763735

=== baseline run (rc=0) ===

[stderr]
PROGRAM_TOTAL_NS=17985566967

[warn] failed to parse internal time; fallback wall_s=17.992442

=== prio run (rc=0) ===

[stderr]
PROGRAM_TOTAL_NS=14016886840

[warn] failed to parse internal time; fallback wall_s=14.023237

=== baseline run (rc=0) ===

[stderr]
PROGRAM_TOTAL_NS=17850243258

[warn] failed to parse internal time; fallback wall_s=17.856640

=== prio run (rc=0) ===

[stderr]
PROGRAM_TOTAL_NS=12748944589

[warn] failed to parse internal time; fallback wall_s=12.755267

=== baseline run (rc=0) ===

[stderr]
PROGRAM_TOTAL_NS=17981564051

[warn] failed to parse internal time; fallback wall_s=17.987889

=== prio run (rc=0) ===

[stderr]
PROGRAM_TOTAL_NS=13010287631

[warn] failed to parse internal time; fallback wall_s=13.016927

=== baseline run (rc=0) ===

[stderr]
PROGRAM_TOTAL_NS=17885822467

[warn] failed to parse internal time; fallback wall_s=17.892776

=== prio run (rc=0) ===

[stderr]
PROGRAM_TOTAL_NS=14220001299

[warn] failed to parse internal time; fallback wall_s=14.226742

=== baseline run (rc=0) ===

[stderr]
PROGRAM_TOTAL_NS=18015316675

[warn] failed to parse internal time; fallback wall_s=18.025158

=== prio run (rc=0) ===

[stderr]
PROGRAM_TOTAL_NS=12686563090

[warn] failed to parse internal time; fallback wall_s=12.692780

=== baseline run (rc=0) ===

[stderr]
PROGRAM_TOTAL_NS=17900360633

[warn] failed to parse internal time; fallback wall_s=17.907507

=== prio run (rc=0) ===

[stderr]
PROGRAM_TOTAL_NS=13174594756

[warn] failed to parse internal time; fallback wall_s=13.180915

=== baseline run (rc=0) ===

[stderr]
PROGRAM_TOTAL_NS=17918728926

[warn] failed to parse internal time; fallback wall_s=17.925009

=== prio run (rc=0) ===

[stderr]
PROGRAM_TOTAL_NS=12776200215

[warn] failed to parse internal time; fallback wall_s=12.782705

=== baseline run (rc=0) ===

[stderr]
PROGRAM_TOTAL_NS=17892375384

[warn] failed to parse internal time; fallback wall_s=17.899215

=== prio run (rc=0) ===

[stderr]
PROGRAM_TOTAL_NS=12771949298

[warn] failed to parse internal time; fallback wall_s=12.778361

=== baseline run (rc=0) ===

[stderr]
PROGRAM_TOTAL_NS=18001305509

[warn] failed to parse internal time; fallback wall_s=18.007616

=== prio run (rc=0) ===

[stderr]
PROGRAM_TOTAL_NS=13230313465

[warn] failed to parse internal time; fallback wall_s=13.236807

=== baseline run (rc=0) ===

[stderr]
PROGRAM_TOTAL_NS=17909280467

[warn] failed to parse internal time; fallback wall_s=17.917548

=== prio run (rc=0) ===

[stderr]
PROGRAM_TOTAL_NS=12876121382

[warn] failed to parse internal time; fallback wall_s=12.882555

=== baseline run (rc=0) ===

[stderr]
PROGRAM_TOTAL_NS=17970449008

[warn] failed to parse internal time; fallback wall_s=17.977503

=== prio run (rc=0) ===

[stderr]
PROGRAM_TOTAL_NS=14411131548

[warn] failed to parse internal time; fallback wall_s=14.417934

=== baseline run (rc=0) ===

[stderr]
PROGRAM_TOTAL_NS=17930106425

[warn] failed to parse internal time; fallback wall_s=17.938570

=== prio run (rc=0) ===

[stderr]
PROGRAM_TOTAL_NS=12855337881

[warn] failed to parse internal time; fallback wall_s=12.861748

=== baseline run (rc=0) ===

[stderr]
PROGRAM_TOTAL_NS=18050394050

[warn] failed to parse internal time; fallback wall_s=18.057777

=== prio run (rc=0) ===

[stderr]
PROGRAM_TOTAL_NS=12634545381

[warn] failed to parse internal time; fallback wall_s=12.640963

=== baseline run (rc=0) ===

[stderr]
PROGRAM_TOTAL_NS=17938545050

[warn] failed to parse internal time; fallback wall_s=17.944977

=== prio run (rc=0) ===

[stderr]
PROGRAM_TOTAL_NS=13079320422

[warn] failed to parse internal time; fallback wall_s=13.085714

=== baseline run (rc=0) ===

[stderr]
PROGRAM_TOTAL_NS=18049213300

[warn] failed to parse internal time; fallback wall_s=18.055798

=== prio run (rc=0) ===

[stderr]
PROGRAM_TOTAL_NS=13719534257

[warn] failed to parse internal time; fallback wall_s=13.726054

=== baseline run (rc=0) ===

[stderr]
PROGRAM_TOTAL_NS=17934059384

[warn] failed to parse internal time; fallback wall_s=17.940834

=== prio run (rc=0) ===

[stderr]
PROGRAM_TOTAL_NS=13125448881

[warn] failed to parse internal time; fallback wall_s=13.131819

=== baseline run (rc=0) ===

[stderr]
PROGRAM_TOTAL_NS=17975081259

[warn] failed to parse internal time; fallback wall_s=17.981509

=== prio run (rc=0) ===

[stderr]
PROGRAM_TOTAL_NS=13336233465

[warn] failed to parse internal time; fallback wall_s=13.342603

=== baseline run (rc=0) ===

[stderr]
PROGRAM_TOTAL_NS=17932939800

[warn] failed to parse internal time; fallback wall_s=17.940622

=== prio run (rc=0) ===

[stderr]
PROGRAM_TOTAL_NS=13465038257

[warn] failed to parse internal time; fallback wall_s=13.471898

=== baseline run (rc=0) ===

[stderr]
PROGRAM_TOTAL_NS=18026745342

[warn] failed to parse internal time; fallback wall_s=18.034365

=== prio run (rc=0) ===

[stderr]
PROGRAM_TOTAL_NS=12958388339

[warn] failed to parse internal time; fallback wall_s=12.964769

=== baseline run (rc=0) ===

[stderr]
PROGRAM_TOTAL_NS=17860040634

[warn] failed to parse internal time; fallback wall_s=17.866529

=== prio run (rc=0) ===

[stderr]
PROGRAM_TOTAL_NS=13303385756

[warn] failed to parse internal time; fallback wall_s=13.310117

=== baseline run (rc=0) ===

[stderr]
PROGRAM_TOTAL_NS=17942939342

[warn] failed to parse internal time; fallback wall_s=17.952655

=== prio run (rc=0) ===

[stderr]
PROGRAM_TOTAL_NS=13805482714

[warn] failed to parse internal time; fallback wall_s=13.812003

=== baseline run (rc=0) ===

[stderr]
PROGRAM_TOTAL_NS=17949042133

[warn] failed to parse internal time; fallback wall_s=17.955987

=== prio run (rc=0) ===

[stderr]
PROGRAM_TOTAL_NS=13241775923

[warn] failed to parse internal time; fallback wall_s=13.248248

=== baseline run (rc=0) ===

[stderr]
PROGRAM_TOTAL_NS=17909641467

[warn] failed to parse internal time; fallback wall_s=17.916682

=== prio run (rc=0) ===

[stderr]
PROGRAM_TOTAL_NS=12944859839

[warn] failed to parse internal time; fallback wall_s=12.951274

=== baseline run (rc=0) ===

[stderr]
PROGRAM_TOTAL_NS=17968064634

[warn] failed to parse internal time; fallback wall_s=17.974725

=== prio run (rc=0) ===

[stderr]
PROGRAM_TOTAL_NS=13102282256

[warn] failed to parse internal time; fallback wall_s=13.108774

=== baseline run (rc=0) ===

[stderr]
PROGRAM_TOTAL_NS=17989664300

[warn] failed to parse internal time; fallback wall_s=17.996141

=== prio run (rc=0) ===

[stderr]
PROGRAM_TOTAL_NS=13604817257

[warn] failed to parse internal time; fallback wall_s=13.611762

=== baseline run (rc=0) ===

[stderr]
PROGRAM_TOTAL_NS=17959160842

[warn] failed to parse internal time; fallback wall_s=17.968186

=== prio run (rc=0) ===

[stderr]
PROGRAM_TOTAL_NS=13541611423

[warn] failed to parse internal time; fallback wall_s=13.548434

=== baseline run (rc=0) ===

[stderr]
PROGRAM_TOTAL_NS=17964510384

[warn] failed to parse internal time; fallback wall_s=17.972174

=== prio run (rc=0) ===

[stderr]
PROGRAM_TOTAL_NS=14048240465

[warn] failed to parse internal time; fallback wall_s=14.055349

=== baseline run (rc=0) ===

[stderr]
PROGRAM_TOTAL_NS=17926033091

[warn] failed to parse internal time; fallback wall_s=17.932427

=== prio run (rc=0) ===

[stderr]
PROGRAM_TOTAL_NS=13072897465

[warn] failed to parse internal time; fallback wall_s=13.079273

=== baseline run (rc=0) ===

[stderr]
PROGRAM_TOTAL_NS=17951794592

[warn] failed to parse internal time; fallback wall_s=17.958358

=== prio run (rc=0) ===

[stderr]
PROGRAM_TOTAL_NS=13294036131

[warn] failed to parse internal time; fallback wall_s=13.300962

=== baseline run (rc=0) ===

[stderr]
PROGRAM_TOTAL_NS=17997596509

[warn] failed to parse internal time; fallback wall_s=18.007491

=== prio run (rc=0) ===

[stderr]
PROGRAM_TOTAL_NS=14002615257

[warn] failed to parse internal time; fallback wall_s=14.009064

=== baseline run (rc=0) ===

[stderr]
PROGRAM_TOTAL_NS=17943079591

[warn] failed to parse internal time; fallback wall_s=17.949723

=== prio run (rc=0) ===

[stderr]
PROGRAM_TOTAL_NS=12503593964

[warn] failed to parse internal time; fallback wall_s=12.510976

=== baseline run (rc=0) ===

[stderr]
PROGRAM_TOTAL_NS=17932973634

[warn] failed to parse internal time; fallback wall_s=17.939551

=== prio run (rc=0) ===

[stderr]
PROGRAM_TOTAL_NS=14324133090

[warn] failed to parse internal time; fallback wall_s=14.330869

=== baseline run (rc=0) ===

[stderr]
PROGRAM_TOTAL_NS=18059470676

[warn] failed to parse internal time; fallback wall_s=18.069879

=== prio run (rc=0) ===

[stderr]
PROGRAM_TOTAL_NS=12509966006

[warn] failed to parse internal time; fallback wall_s=12.516580

=== baseline run (rc=0) ===

[stderr]
PROGRAM_TOTAL_NS=17944390925

[warn] failed to parse internal time; fallback wall_s=17.950943

=== prio run (rc=0) ===

[stderr]
PROGRAM_TOTAL_NS=12500455340

[warn] failed to parse internal time; fallback wall_s=12.506969

=== baseline run (rc=0) ===

[stderr]
PROGRAM_TOTAL_NS=17898922133

[warn] failed to parse internal time; fallback wall_s=17.905440

=== prio run (rc=0) ===

[stderr]
PROGRAM_TOTAL_NS=12536633089

[warn] failed to parse internal time; fallback wall_s=12.543116

=== baseline run (rc=0) ===

[stderr]
PROGRAM_TOTAL_NS=17960114092

[warn] failed to parse internal time; fallback wall_s=17.966703

=== prio run (rc=0) ===

[stderr]
PROGRAM_TOTAL_NS=14662728298

[warn] failed to parse internal time; fallback wall_s=14.669452

=== baseline run (rc=0) ===

[stderr]
PROGRAM_TOTAL_NS=18077962842

[warn] failed to parse internal time; fallback wall_s=18.085640

=== prio run (rc=0) ===

[stderr]
PROGRAM_TOTAL_NS=12768786631

[warn] failed to parse internal time; fallback wall_s=12.775316

=== baseline run (rc=0) ===

[stderr]
PROGRAM_TOTAL_NS=17865376092

[warn] failed to parse internal time; fallback wall_s=17.871968

=== prio run (rc=0) ===

[stderr]
PROGRAM_TOTAL_NS=12647071881

[warn] failed to parse internal time; fallback wall_s=12.653615

=== baseline run (rc=0) ===

[stderr]
PROGRAM_TOTAL_NS=17938664925

[warn] failed to parse internal time; fallback wall_s=17.945680

=== prio run (rc=0) ===

[stderr]
PROGRAM_TOTAL_NS=12871306256

[warn] failed to parse internal time; fallback wall_s=12.877541

=== baseline run (rc=0) ===

[stderr]
PROGRAM_TOTAL_NS=17910795592

[warn] failed to parse internal time; fallback wall_s=17.917267

=== prio run (rc=0) ===

[stderr]
PROGRAM_TOTAL_NS=13901372631

[warn] failed to parse internal time; fallback wall_s=13.907799

=== baseline run (rc=0) ===

[stderr]
PROGRAM_TOTAL_NS=17955494717

[warn] failed to parse internal time; fallback wall_s=17.962193

=== prio run (rc=0) ===

[stderr]
PROGRAM_TOTAL_NS=13001497882

[warn] failed to parse internal time; fallback wall_s=13.007803

=== baseline run (rc=0) ===

[stderr]
PROGRAM_TOTAL_NS=17923910675

[warn] failed to parse internal time; fallback wall_s=17.931774

=== prio run (rc=0) ===

[stderr]
PROGRAM_TOTAL_NS=13987214132

[warn] failed to parse internal time; fallback wall_s=13.993819

=== baseline run (rc=0) ===

[stderr]
PROGRAM_TOTAL_NS=17946111175

[warn] failed to parse internal time; fallback wall_s=17.952693

=== prio run (rc=0) ===

[stderr]
PROGRAM_TOTAL_NS=12926583548

[warn] failed to parse internal time; fallback wall_s=12.933271

=== baseline run (rc=0) ===

[stderr]
PROGRAM_TOTAL_NS=17980245509

[warn] failed to parse internal time; fallback wall_s=17.987784

=== prio run (rc=0) ===

[stderr]
PROGRAM_TOTAL_NS=13766062131

[warn] failed to parse internal time; fallback wall_s=13.772529

=== baseline run (rc=0) ===

[stderr]
PROGRAM_TOTAL_NS=18076832384

[warn] failed to parse internal time; fallback wall_s=18.083212

=== prio run (rc=0) ===

[stderr]
PROGRAM_TOTAL_NS=13615296506

[warn] failed to parse internal time; fallback wall_s=13.622019

=== baseline run (rc=0) ===

[stderr]
PROGRAM_TOTAL_NS=17954577676

[warn] failed to parse internal time; fallback wall_s=17.961448

=== prio run (rc=0) ===

[stderr]
PROGRAM_TOTAL_NS=12505012047

[warn] failed to parse internal time; fallback wall_s=12.511485

