=== baseline run (rc=0) ===

[stderr]
PROGRAM_TOTAL_NS=4999717314

[warn] failed to parse internal time; fallback wall_s=5.002478

=== prio run (rc=0) ===

[stderr]
PROGRAM_TOTAL_NS=3602804732

[warn] failed to parse internal time; fallback wall_s=3.605895

=== baseline run (rc=0) ===

[stderr]
PROGRAM_TOTAL_NS=4714662608

[warn] failed to parse internal time; fallback wall_s=4.718051

=== prio run (rc=0) ===

[stderr]
PROGRAM_TOTAL_NS=3500567676

[warn] failed to parse internal time; fallback wall_s=3.503412

=== baseline run (rc=0) ===

[stderr]
PROGRAM_TOTAL_NS=4908803906

[warn] failed to parse internal time; fallback wall_s=4.912737

=== prio run (rc=0) ===

[stderr]
PROGRAM_TOTAL_NS=3248284872

[warn] failed to parse internal time; fallback wall_s=3.251099

=== baseline run (rc=0) ===

[stderr]
PROGRAM_TOTAL_NS=4391887645

[warn] failed to parse internal time; fallback wall_s=4.394900

=== prio run (rc=0) ===

[stderr]
PROGRAM_TOTAL_NS=3186055973

[warn] failed to parse internal time; fallback wall_s=3.188932

=== baseline run (rc=0) ===

[stderr]
PROGRAM_TOTAL_NS=4087859719

[warn] failed to parse internal time; fallback wall_s=4.090417

=== prio run (rc=0) ===

[stderr]
PROGRAM_TOTAL_NS=3218289131

[warn] failed to parse internal time; fallback wall_s=3.221117

