=== baseline run (rc=0) ===

[stderr]
PROGRAM_TOTAL_NS=25886541520

[warn] failed to parse internal time; fallback wall_s=25.889584

=== prio run (rc=0) ===

[stderr]
PROGRAM_TOTAL_NS=19314966402

[warn] failed to parse internal time; fallback wall_s=19.317960

=== baseline run (rc=0) ===

[stderr]
PROGRAM_TOTAL_NS=25611107310

[warn] failed to parse internal time; fallback wall_s=25.614113

=== prio run (rc=0) ===

[stderr]
PROGRAM_TOTAL_NS=19298395133

[warn] failed to parse internal time; fallback wall_s=19.301357

=== baseline run (rc=0) ===

[stderr]
PROGRAM_TOTAL_NS=26114165168

[warn] failed to parse internal time; fallback wall_s=26.116882

=== prio run (rc=0) ===

[stderr]
PROGRAM_TOTAL_NS=19231978339

[warn] failed to parse internal time; fallback wall_s=19.235391

=== baseline run (rc=0) ===

[stderr]
PROGRAM_TOTAL_NS=26013294243

[warn] failed to parse internal time; fallback wall_s=26.016505

=== prio run (rc=0) ===

[stderr]
PROGRAM_TOTAL_NS=19213499936

[warn] failed to parse internal time; fallback wall_s=19.216673

=== baseline run (rc=0) ===

[stderr]
PROGRAM_TOTAL_NS=24518340375

[warn] failed to parse internal time; fallback wall_s=24.521184

=== prio run (rc=0) ===

[stderr]
PROGRAM_TOTAL_NS=19161810108

[warn] failed to parse internal time; fallback wall_s=19.164536

=== baseline run (rc=0) ===

[stderr]
PROGRAM_TOTAL_NS=25592477069

[warn] failed to parse internal time; fallback wall_s=25.595112

=== prio run (rc=0) ===

[stderr]
PROGRAM_TOTAL_NS=19244778467

[warn] failed to parse internal time; fallback wall_s=19.247322

=== baseline run (rc=0) ===

[stderr]
PROGRAM_TOTAL_NS=26093498002

[warn] failed to parse internal time; fallback wall_s=26.096848

=== prio run (rc=0) ===

[stderr]
PROGRAM_TOTAL_NS=19207985376

[warn] failed to parse internal time; fallback wall_s=19.210943

=== baseline run (rc=0) ===

[stderr]
PROGRAM_TOTAL_NS=25647801495

[warn] failed to parse internal time; fallback wall_s=25.650661

=== prio run (rc=0) ===

[stderr]
PROGRAM_TOTAL_NS=19225378541

[warn] failed to parse internal time; fallback wall_s=19.228217

=== baseline run (rc=0) ===

[stderr]
PROGRAM_TOTAL_NS=22364011762

[warn] failed to parse internal time; fallback wall_s=22.368160

=== prio run (rc=0) ===

[stderr]
PROGRAM_TOTAL_NS=19242705460

[warn] failed to parse internal time; fallback wall_s=19.245661

=== baseline run (rc=0) ===

[stderr]
PROGRAM_TOTAL_NS=25887114559

[warn] failed to parse internal time; fallback wall_s=25.889784

=== prio run (rc=0) ===

[stderr]
PROGRAM_TOTAL_NS=19248150356

[warn] failed to parse internal time; fallback wall_s=19.251039

=== baseline run (rc=0) ===

[stderr]
PROGRAM_TOTAL_NS=26177336265

[warn] failed to parse internal time; fallback wall_s=26.179995

=== prio run (rc=0) ===

[stderr]
PROGRAM_TOTAL_NS=19272658680

[warn] failed to parse internal time; fallback wall_s=19.275693

=== baseline run (rc=0) ===

[stderr]
PROGRAM_TOTAL_NS=26206024419

[warn] failed to parse internal time; fallback wall_s=26.208732

=== prio run (rc=0) ===

[stderr]
PROGRAM_TOTAL_NS=19276044902

[warn] failed to parse internal time; fallback wall_s=19.279206

=== baseline run (rc=0) ===

[stderr]
PROGRAM_TOTAL_NS=25680524836

[warn] failed to parse internal time; fallback wall_s=25.683331

=== prio run (rc=0) ===

[stderr]
PROGRAM_TOTAL_NS=19284304143

[warn] failed to parse internal time; fallback wall_s=19.287524

=== baseline run (rc=0) ===

[stderr]
PROGRAM_TOTAL_NS=25917255040

[warn] failed to parse internal time; fallback wall_s=25.920328

=== prio run (rc=0) ===

[stderr]
PROGRAM_TOTAL_NS=19220304638

[warn] failed to parse internal time; fallback wall_s=19.223482

=== baseline run (rc=0) ===

[stderr]
PROGRAM_TOTAL_NS=25516065623

[warn] failed to parse internal time; fallback wall_s=25.519470

=== prio run (rc=0) ===

[stderr]
PROGRAM_TOTAL_NS=19163986096

[warn] failed to parse internal time; fallback wall_s=19.166894

=== baseline run (rc=0) ===

[stderr]
PROGRAM_TOTAL_NS=24619244121

[warn] failed to parse internal time; fallback wall_s=24.623045

=== prio run (rc=0) ===

[stderr]
PROGRAM_TOTAL_NS=19170993835

[warn] failed to parse internal time; fallback wall_s=19.175273

=== baseline run (rc=0) ===

[stderr]
PROGRAM_TOTAL_NS=24338570113

[warn] failed to parse internal time; fallback wall_s=24.341414

=== prio run (rc=0) ===

[stderr]
PROGRAM_TOTAL_NS=19177647867

[warn] failed to parse internal time; fallback wall_s=19.181334

=== baseline run (rc=0) ===

[stderr]
PROGRAM_TOTAL_NS=25960231185

[warn] failed to parse internal time; fallback wall_s=25.963638

=== prio run (rc=0) ===

[stderr]
PROGRAM_TOTAL_NS=19282152448

[warn] failed to parse internal time; fallback wall_s=19.285549

=== baseline run (rc=0) ===

[stderr]
PROGRAM_TOTAL_NS=25663864481

[warn] failed to parse internal time; fallback wall_s=25.666936

=== prio run (rc=0) ===

[stderr]
PROGRAM_TOTAL_NS=19511521354

[warn] failed to parse internal time; fallback wall_s=19.514098

=== baseline run (rc=0) ===

[stderr]
PROGRAM_TOTAL_NS=25937706587

[warn] failed to parse internal time; fallback wall_s=25.940636

=== prio run (rc=0) ===

[stderr]
PROGRAM_TOTAL_NS=19201240053

[warn] failed to parse internal time; fallback wall_s=19.204321

=== baseline run (rc=0) ===

[stderr]
PROGRAM_TOTAL_NS=25442970082

[warn] failed to parse internal time; fallback wall_s=25.446132

=== prio run (rc=0) ===

[stderr]
PROGRAM_TOTAL_NS=19339676454

[warn] failed to parse internal time; fallback wall_s=19.342633

=== baseline run (rc=0) ===

[stderr]
PROGRAM_TOTAL_NS=24510405894

[warn] failed to parse internal time; fallback wall_s=24.513082

=== prio run (rc=0) ===

[stderr]
PROGRAM_TOTAL_NS=19189037930

[warn] failed to parse internal time; fallback wall_s=19.191745

=== baseline run (rc=0) ===

[stderr]
PROGRAM_TOTAL_NS=26238590649

[warn] failed to parse internal time; fallback wall_s=26.241567

=== prio run (rc=0) ===

[stderr]
PROGRAM_TOTAL_NS=19193854418

[warn] failed to parse internal time; fallback wall_s=19.197031

=== baseline run (rc=0) ===

[stderr]
PROGRAM_TOTAL_NS=24815893166

[warn] failed to parse internal time; fallback wall_s=24.818606

=== prio run (rc=0) ===

[stderr]
PROGRAM_TOTAL_NS=19193571783

[warn] failed to parse internal time; fallback wall_s=19.196323

=== baseline run (rc=0) ===

[stderr]
PROGRAM_TOTAL_NS=26235869289

[warn] failed to parse internal time; fallback wall_s=26.239047

=== prio run (rc=0) ===

[stderr]
PROGRAM_TOTAL_NS=19175733273

[warn] failed to parse internal time; fallback wall_s=19.179753

=== baseline run (rc=0) ===

[stderr]
PROGRAM_TOTAL_NS=25667332328

[warn] failed to parse internal time; fallback wall_s=25.670436

=== prio run (rc=0) ===

[stderr]
PROGRAM_TOTAL_NS=19259896783

[warn] failed to parse internal time; fallback wall_s=19.262637

=== baseline run (rc=0) ===

[stderr]
PROGRAM_TOTAL_NS=22251571186

[warn] failed to parse internal time; fallback wall_s=22.255358

=== prio run (rc=0) ===

[stderr]
PROGRAM_TOTAL_NS=19285056207

[warn] failed to parse internal time; fallback wall_s=19.287823

=== baseline run (rc=0) ===

[stderr]
PROGRAM_TOTAL_NS=26000913082

[warn] failed to parse internal time; fallback wall_s=26.003895

=== prio run (rc=0) ===

[stderr]
PROGRAM_TOTAL_NS=19225367060

[warn] failed to parse internal time; fallback wall_s=19.228089

=== baseline run (rc=0) ===

[stderr]
PROGRAM_TOTAL_NS=25363751724

[warn] failed to parse internal time; fallback wall_s=25.366683

=== prio run (rc=0) ===

[stderr]
PROGRAM_TOTAL_NS=19260081290

[warn] failed to parse internal time; fallback wall_s=19.263067

=== baseline run (rc=0) ===

[stderr]
PROGRAM_TOTAL_NS=24057738261

[warn] failed to parse internal time; fallback wall_s=24.060765

=== prio run (rc=0) ===

[stderr]
PROGRAM_TOTAL_NS=19288110025

[warn] failed to parse internal time; fallback wall_s=19.292156

=== baseline run (rc=0) ===

[stderr]
PROGRAM_TOTAL_NS=25648480194

[warn] failed to parse internal time; fallback wall_s=25.651262

=== prio run (rc=0) ===

[stderr]
PROGRAM_TOTAL_NS=19225895782

[warn] failed to parse internal time; fallback wall_s=19.228742

=== baseline run (rc=0) ===

[stderr]
PROGRAM_TOTAL_NS=26078559590

[warn] failed to parse internal time; fallback wall_s=26.081424

=== prio run (rc=0) ===

[stderr]
PROGRAM_TOTAL_NS=19234765252

[warn] failed to parse internal time; fallback wall_s=19.237680

=== baseline run (rc=0) ===

[stderr]
PROGRAM_TOTAL_NS=24351643861

[warn] failed to parse internal time; fallback wall_s=24.354314

=== prio run (rc=0) ===

[stderr]
PROGRAM_TOTAL_NS=19216317764

[warn] failed to parse internal time; fallback wall_s=19.219131

=== baseline run (rc=0) ===

[stderr]
PROGRAM_TOTAL_NS=24409095230

[warn] failed to parse internal time; fallback wall_s=24.412226

=== prio run (rc=0) ===

[stderr]
PROGRAM_TOTAL_NS=19235591403

[warn] failed to parse internal time; fallback wall_s=19.238901

=== baseline run (rc=0) ===

[stderr]
PROGRAM_TOTAL_NS=25618702470

[warn] failed to parse internal time; fallback wall_s=25.621793

=== prio run (rc=0) ===

[stderr]
PROGRAM_TOTAL_NS=19314306153

[warn] failed to parse internal time; fallback wall_s=19.317714

=== baseline run (rc=0) ===

[stderr]
PROGRAM_TOTAL_NS=23886990136

[warn] failed to parse internal time; fallback wall_s=23.890142

=== prio run (rc=0) ===

[stderr]
PROGRAM_TOTAL_NS=19247266627

[warn] failed to parse internal time; fallback wall_s=19.249972

=== baseline run (rc=0) ===

[stderr]
PROGRAM_TOTAL_NS=25031895971

[warn] failed to parse internal time; fallback wall_s=25.034652

=== prio run (rc=0) ===

[stderr]
PROGRAM_TOTAL_NS=19217191431

[warn] failed to parse internal time; fallback wall_s=19.219986

=== baseline run (rc=0) ===

[stderr]
PROGRAM_TOTAL_NS=25727114064

[warn] failed to parse internal time; fallback wall_s=25.729958

=== prio run (rc=0) ===

[stderr]
PROGRAM_TOTAL_NS=19206512885

[warn] failed to parse internal time; fallback wall_s=19.209368

=== baseline run (rc=0) ===

[stderr]
PROGRAM_TOTAL_NS=24898575362

[warn] failed to parse internal time; fallback wall_s=24.901844

=== prio run (rc=0) ===

[stderr]
PROGRAM_TOTAL_NS=19288460352

[warn] failed to parse internal time; fallback wall_s=19.291172

=== baseline run (rc=0) ===

[stderr]
PROGRAM_TOTAL_NS=25930993087

[warn] failed to parse internal time; fallback wall_s=25.933754

=== prio run (rc=0) ===

[stderr]
PROGRAM_TOTAL_NS=19327505625

[warn] failed to parse internal time; fallback wall_s=19.330364

=== baseline run (rc=0) ===

[stderr]
PROGRAM_TOTAL_NS=21703481309

[warn] failed to parse internal time; fallback wall_s=21.706492

=== prio run (rc=0) ===

[stderr]
PROGRAM_TOTAL_NS=19167935508

[warn] failed to parse internal time; fallback wall_s=19.170477

=== baseline run (rc=0) ===

[stderr]
PROGRAM_TOTAL_NS=26158276291

[warn] failed to parse internal time; fallback wall_s=26.161154

=== prio run (rc=0) ===

[stderr]
PROGRAM_TOTAL_NS=19190661667

[warn] failed to parse internal time; fallback wall_s=19.193560

=== baseline run (rc=0) ===

[stderr]
PROGRAM_TOTAL_NS=26167549998

[warn] failed to parse internal time; fallback wall_s=26.170550

=== prio run (rc=0) ===

[stderr]
PROGRAM_TOTAL_NS=19244221922

[warn] failed to parse internal time; fallback wall_s=19.247210

=== baseline run (rc=0) ===

[stderr]
PROGRAM_TOTAL_NS=26094279936

[warn] failed to parse internal time; fallback wall_s=26.097275

=== prio run (rc=0) ===

[stderr]
PROGRAM_TOTAL_NS=19239939007

[warn] failed to parse internal time; fallback wall_s=19.243337

=== baseline run (rc=0) ===

[stderr]
PROGRAM_TOTAL_NS=24212787419

[warn] failed to parse internal time; fallback wall_s=24.215685

=== prio run (rc=0) ===

[stderr]
PROGRAM_TOTAL_NS=19194030237

[warn] failed to parse internal time; fallback wall_s=19.196886

=== baseline run (rc=0) ===

[stderr]
PROGRAM_TOTAL_NS=23626518966

[warn] failed to parse internal time; fallback wall_s=23.629665

=== prio run (rc=0) ===

[stderr]
PROGRAM_TOTAL_NS=19203993633

[warn] failed to parse internal time; fallback wall_s=19.206953

=== baseline run (rc=0) ===

[stderr]
PROGRAM_TOTAL_NS=24875076296

[warn] failed to parse internal time; fallback wall_s=24.878671

=== prio run (rc=0) ===

[stderr]
PROGRAM_TOTAL_NS=19200090000

[warn] failed to parse internal time; fallback wall_s=19.203275

=== baseline run (rc=0) ===

[stderr]
PROGRAM_TOTAL_NS=24454898232

[warn] failed to parse internal time; fallback wall_s=24.457582

=== prio run (rc=0) ===

[stderr]
PROGRAM_TOTAL_NS=19271864452

[warn] failed to parse internal time; fallback wall_s=19.274829

=== baseline run (rc=0) ===

[stderr]
PROGRAM_TOTAL_NS=24506458886

[warn] failed to parse internal time; fallback wall_s=24.510797

=== prio run (rc=0) ===

[stderr]
PROGRAM_TOTAL_NS=19168669587

[warn] failed to parse internal time; fallback wall_s=19.171697

=== baseline run (rc=0) ===

[stderr]
PROGRAM_TOTAL_NS=22123090626

[warn] failed to parse internal time; fallback wall_s=22.126570

=== prio run (rc=0) ===

[stderr]
PROGRAM_TOTAL_NS=19258239609

[warn] failed to parse internal time; fallback wall_s=19.262240

=== baseline run (rc=0) ===

[stderr]
PROGRAM_TOTAL_NS=25846115184

[warn] failed to parse internal time; fallback wall_s=25.849254

=== prio run (rc=0) ===

[stderr]
PROGRAM_TOTAL_NS=19200184084

[warn] failed to parse internal time; fallback wall_s=19.203177

=== baseline run (rc=0) ===

[stderr]
PROGRAM_TOTAL_NS=24930690785

[warn] failed to parse internal time; fallback wall_s=24.933905

=== prio run (rc=0) ===

[stderr]
PROGRAM_TOTAL_NS=19174625876

[warn] failed to parse internal time; fallback wall_s=19.178619

=== baseline run (rc=0) ===

[stderr]
PROGRAM_TOTAL_NS=24552657375

[warn] failed to parse internal time; fallback wall_s=24.555601

=== prio run (rc=0) ===

[stderr]
PROGRAM_TOTAL_NS=19240839027

[warn] failed to parse internal time; fallback wall_s=19.244419

=== baseline run (rc=0) ===

[stderr]
PROGRAM_TOTAL_NS=24519561621

[warn] failed to parse internal time; fallback wall_s=24.523169

=== prio run (rc=0) ===

[stderr]
PROGRAM_TOTAL_NS=19211830053

[warn] failed to parse internal time; fallback wall_s=19.214746

=== baseline run (rc=0) ===

[stderr]
PROGRAM_TOTAL_NS=25162301659

[warn] failed to parse internal time; fallback wall_s=25.165171

=== prio run (rc=0) ===

[stderr]
PROGRAM_TOTAL_NS=19274892544

[warn] failed to parse internal time; fallback wall_s=19.277751

=== baseline run (rc=0) ===

[stderr]
PROGRAM_TOTAL_NS=26026609936

[warn] failed to parse internal time; fallback wall_s=26.029914

=== prio run (rc=0) ===

[stderr]
PROGRAM_TOTAL_NS=19181866877

[warn] failed to parse internal time; fallback wall_s=19.184579

=== baseline run (rc=0) ===

[stderr]
PROGRAM_TOTAL_NS=24884589622

[warn] failed to parse internal time; fallback wall_s=24.888096

=== prio run (rc=0) ===

[stderr]
PROGRAM_TOTAL_NS=19192154295

[warn] failed to parse internal time; fallback wall_s=19.196589

=== baseline run (rc=0) ===

[stderr]
PROGRAM_TOTAL_NS=25979306293

[warn] failed to parse internal time; fallback wall_s=25.982005

=== prio run (rc=0) ===

[stderr]
PROGRAM_TOTAL_NS=19217730840

[warn] failed to parse internal time; fallback wall_s=19.220577

=== baseline run (rc=0) ===

[stderr]
PROGRAM_TOTAL_NS=26137986402

[warn] failed to parse internal time; fallback wall_s=26.140907

=== prio run (rc=0) ===

[stderr]
PROGRAM_TOTAL_NS=19265855114

[warn] failed to parse internal time; fallback wall_s=19.270166

=== baseline run (rc=0) ===

[stderr]
PROGRAM_TOTAL_NS=23095955029

[warn] failed to parse internal time; fallback wall_s=23.098656

=== prio run (rc=0) ===

[stderr]
PROGRAM_TOTAL_NS=19227201904

[warn] failed to parse internal time; fallback wall_s=19.230348

=== baseline run (rc=0) ===

[stderr]
PROGRAM_TOTAL_NS=24560076434

[warn] failed to parse internal time; fallback wall_s=24.563289

=== prio run (rc=0) ===

[stderr]
PROGRAM_TOTAL_NS=19183023413

[warn] failed to parse internal time; fallback wall_s=19.185572

=== baseline run (rc=0) ===

[stderr]
PROGRAM_TOTAL_NS=25979401394

[warn] failed to parse internal time; fallback wall_s=25.982348

=== prio run (rc=0) ===

[stderr]
PROGRAM_TOTAL_NS=19280802674

[warn] failed to parse internal time; fallback wall_s=19.283977

=== baseline run (rc=0) ===

[stderr]
PROGRAM_TOTAL_NS=26312592066

[warn] failed to parse internal time; fallback wall_s=26.316557

=== prio run (rc=0) ===

[stderr]
PROGRAM_TOTAL_NS=19205293638

[warn] failed to parse internal time; fallback wall_s=19.208111

=== baseline run (rc=0) ===

[stderr]
PROGRAM_TOTAL_NS=26430655397

[warn] failed to parse internal time; fallback wall_s=26.433637

=== prio run (rc=0) ===

[stderr]
PROGRAM_TOTAL_NS=19192315662

[warn] failed to parse internal time; fallback wall_s=19.195951

=== baseline run (rc=0) ===

[stderr]
PROGRAM_TOTAL_NS=23164527287

[warn] failed to parse internal time; fallback wall_s=23.167520

=== prio run (rc=0) ===

[stderr]
PROGRAM_TOTAL_NS=19273847989

[warn] failed to parse internal time; fallback wall_s=19.277054

=== baseline run (rc=0) ===

[stderr]
PROGRAM_TOTAL_NS=25023128990

[warn] failed to parse internal time; fallback wall_s=25.026670

=== prio run (rc=0) ===

[stderr]
PROGRAM_TOTAL_NS=19126336430

[warn] failed to parse internal time; fallback wall_s=19.129250

=== baseline run (rc=0) ===

[stderr]
PROGRAM_TOTAL_NS=26186208670

[warn] failed to parse internal time; fallback wall_s=26.189379

=== prio run (rc=0) ===

[stderr]
PROGRAM_TOTAL_NS=19229219952

[warn] failed to parse internal time; fallback wall_s=19.233264

=== baseline run (rc=0) ===

[stderr]
PROGRAM_TOTAL_NS=26262571718

[warn] failed to parse internal time; fallback wall_s=26.265444

=== prio run (rc=0) ===

[stderr]
PROGRAM_TOTAL_NS=19207159283

[warn] failed to parse internal time; fallback wall_s=19.210097

=== baseline run (rc=0) ===

[stderr]
PROGRAM_TOTAL_NS=22833398936

[warn] failed to parse internal time; fallback wall_s=22.836227

=== prio run (rc=0) ===

[stderr]
PROGRAM_TOTAL_NS=19212221272

[warn] failed to parse internal time; fallback wall_s=19.214984

=== baseline run (rc=0) ===

[stderr]
PROGRAM_TOTAL_NS=25891777393

[warn] failed to parse internal time; fallback wall_s=25.894564

=== prio run (rc=0) ===

[stderr]
PROGRAM_TOTAL_NS=19253282040

[warn] failed to parse internal time; fallback wall_s=19.256216

=== baseline run (rc=0) ===

[stderr]
PROGRAM_TOTAL_NS=26250857895

[warn] failed to parse internal time; fallback wall_s=26.253835

=== prio run (rc=0) ===

[stderr]
PROGRAM_TOTAL_NS=19217911159

[warn] failed to parse internal time; fallback wall_s=19.220859

=== baseline run (rc=0) ===

[stderr]
PROGRAM_TOTAL_NS=24726275813

[warn] failed to parse internal time; fallback wall_s=24.729442

=== prio run (rc=0) ===

[stderr]
PROGRAM_TOTAL_NS=19207327241

[warn] failed to parse internal time; fallback wall_s=19.210806

=== baseline run (rc=0) ===

[stderr]
PROGRAM_TOTAL_NS=24862884677

[warn] failed to parse internal time; fallback wall_s=24.865552

=== prio run (rc=0) ===

[stderr]
PROGRAM_TOTAL_NS=19152777379

[warn] failed to parse internal time; fallback wall_s=19.155488

=== baseline run (rc=0) ===

[stderr]
PROGRAM_TOTAL_NS=26043358787

[warn] failed to parse internal time; fallback wall_s=26.046231

=== prio run (rc=0) ===

[stderr]
PROGRAM_TOTAL_NS=19271687771

[warn] failed to parse internal time; fallback wall_s=19.275076

=== baseline run (rc=0) ===

[stderr]
PROGRAM_TOTAL_NS=26057711059

[warn] failed to parse internal time; fallback wall_s=26.060861

=== prio run (rc=0) ===

[stderr]
PROGRAM_TOTAL_NS=19230862601

[warn] failed to parse internal time; fallback wall_s=19.235100

=== baseline run (rc=0) ===

[stderr]
PROGRAM_TOTAL_NS=26072294089

[warn] failed to parse internal time; fallback wall_s=26.076059

=== prio run (rc=0) ===

[stderr]
PROGRAM_TOTAL_NS=19183414933

[warn] failed to parse internal time; fallback wall_s=19.186807

=== baseline run (rc=0) ===

[stderr]
PROGRAM_TOTAL_NS=25412467465

[warn] failed to parse internal time; fallback wall_s=25.415448

=== prio run (rc=0) ===

[stderr]
PROGRAM_TOTAL_NS=19166264205

[warn] failed to parse internal time; fallback wall_s=19.169896

=== baseline run (rc=0) ===

[stderr]
PROGRAM_TOTAL_NS=26068772414

[warn] failed to parse internal time; fallback wall_s=26.071546

=== prio run (rc=0) ===

[stderr]
PROGRAM_TOTAL_NS=19216245861

[warn] failed to parse internal time; fallback wall_s=19.218916

=== baseline run (rc=0) ===

[stderr]
PROGRAM_TOTAL_NS=26025117920

[warn] failed to parse internal time; fallback wall_s=26.028126

=== prio run (rc=0) ===

[stderr]
PROGRAM_TOTAL_NS=19200959524

[warn] failed to parse internal time; fallback wall_s=19.203950

=== baseline run (rc=0) ===

[stderr]
PROGRAM_TOTAL_NS=24238341985

[warn] failed to parse internal time; fallback wall_s=24.241651

=== prio run (rc=0) ===

[stderr]
PROGRAM_TOTAL_NS=19264057351

[warn] failed to parse internal time; fallback wall_s=19.268098

=== baseline run (rc=0) ===

[stderr]
PROGRAM_TOTAL_NS=26023806525

[warn] failed to parse internal time; fallback wall_s=26.026441

=== prio run (rc=0) ===

[stderr]
PROGRAM_TOTAL_NS=19220146803

[warn] failed to parse internal time; fallback wall_s=19.223016

=== baseline run (rc=0) ===

[stderr]
PROGRAM_TOTAL_NS=23250898965

[warn] failed to parse internal time; fallback wall_s=23.254482

=== prio run (rc=0) ===

[stderr]
PROGRAM_TOTAL_NS=19204248434

[warn] failed to parse internal time; fallback wall_s=19.207430

=== baseline run (rc=0) ===

[stderr]
PROGRAM_TOTAL_NS=26187113671

[warn] failed to parse internal time; fallback wall_s=26.189806

=== prio run (rc=0) ===

[stderr]
PROGRAM_TOTAL_NS=19287708703

[warn] failed to parse internal time; fallback wall_s=19.290352

=== baseline run (rc=0) ===

[stderr]
PROGRAM_TOTAL_NS=22901355078

[warn] failed to parse internal time; fallback wall_s=22.904070

=== prio run (rc=0) ===

[stderr]
PROGRAM_TOTAL_NS=19215762957

[warn] failed to parse internal time; fallback wall_s=19.219298

=== baseline run (rc=0) ===

[stderr]
PROGRAM_TOTAL_NS=26085586630

[warn] failed to parse internal time; fallback wall_s=26.088919

=== prio run (rc=0) ===

[stderr]
PROGRAM_TOTAL_NS=19194365053

[warn] failed to parse internal time; fallback wall_s=19.197279

=== baseline run (rc=0) ===

[stderr]
PROGRAM_TOTAL_NS=25756653067

[warn] failed to parse internal time; fallback wall_s=25.759428

=== prio run (rc=0) ===

[stderr]
PROGRAM_TOTAL_NS=19301020810

[warn] failed to parse internal time; fallback wall_s=19.303600

=== baseline run (rc=0) ===

[stderr]
PROGRAM_TOTAL_NS=26166779254

[warn] failed to parse internal time; fallback wall_s=26.169812

=== prio run (rc=0) ===

[stderr]
PROGRAM_TOTAL_NS=19202359013

[warn] failed to parse internal time; fallback wall_s=19.206044

=== baseline run (rc=0) ===

[stderr]
PROGRAM_TOTAL_NS=24458039699

[warn] failed to parse internal time; fallback wall_s=24.460780

=== prio run (rc=0) ===

[stderr]
PROGRAM_TOTAL_NS=19279609393

[warn] failed to parse internal time; fallback wall_s=19.282878

=== baseline run (rc=0) ===

[stderr]
PROGRAM_TOTAL_NS=24410138809

[warn] failed to parse internal time; fallback wall_s=24.413107

=== prio run (rc=0) ===

[stderr]
PROGRAM_TOTAL_NS=19284910035

[warn] failed to parse internal time; fallback wall_s=19.287694

=== baseline run (rc=0) ===

[stderr]
PROGRAM_TOTAL_NS=26209119852

[warn] failed to parse internal time; fallback wall_s=26.212087

=== prio run (rc=0) ===

[stderr]
PROGRAM_TOTAL_NS=19223802161

[warn] failed to parse internal time; fallback wall_s=19.227707

=== baseline run (rc=0) ===

[stderr]
PROGRAM_TOTAL_NS=26079277286

[warn] failed to parse internal time; fallback wall_s=26.082083

=== prio run (rc=0) ===

[stderr]
PROGRAM_TOTAL_NS=19228157041

[warn] failed to parse internal time; fallback wall_s=19.232145

=== baseline run (rc=0) ===

[stderr]
PROGRAM_TOTAL_NS=26241859940

[warn] failed to parse internal time; fallback wall_s=26.245741

=== prio run (rc=0) ===

[stderr]
PROGRAM_TOTAL_NS=19209165179

[warn] failed to parse internal time; fallback wall_s=19.212622

=== baseline run (rc=0) ===

[stderr]
PROGRAM_TOTAL_NS=25874945183

[warn] failed to parse internal time; fallback wall_s=25.877532

=== prio run (rc=0) ===

[stderr]
PROGRAM_TOTAL_NS=19255669583

[warn] failed to parse internal time; fallback wall_s=19.258777

=== baseline run (rc=0) ===

[stderr]
PROGRAM_TOTAL_NS=26190522232

[warn] failed to parse internal time; fallback wall_s=26.193568

=== prio run (rc=0) ===

[stderr]
PROGRAM_TOTAL_NS=19204569736

[warn] failed to parse internal time; fallback wall_s=19.207794

=== baseline run (rc=0) ===

[stderr]
PROGRAM_TOTAL_NS=26140545388

[warn] failed to parse internal time; fallback wall_s=26.143829

=== prio run (rc=0) ===

[stderr]
PROGRAM_TOTAL_NS=19270127819

[warn] failed to parse internal time; fallback wall_s=19.273338

=== baseline run (rc=0) ===

[stderr]
PROGRAM_TOTAL_NS=26175918988

[warn] failed to parse internal time; fallback wall_s=26.178499

=== prio run (rc=0) ===

[stderr]
PROGRAM_TOTAL_NS=19235968480

[warn] failed to parse internal time; fallback wall_s=19.238744

=== baseline run (rc=0) ===

[stderr]
PROGRAM_TOTAL_NS=25761891003

[warn] failed to parse internal time; fallback wall_s=25.764444

=== prio run (rc=0) ===

[stderr]
PROGRAM_TOTAL_NS=19164162858

[warn] failed to parse internal time; fallback wall_s=19.166861

=== baseline run (rc=0) ===

[stderr]
PROGRAM_TOTAL_NS=23964184053

[warn] failed to parse internal time; fallback wall_s=23.966922

=== prio run (rc=0) ===

[stderr]
PROGRAM_TOTAL_NS=19167961370

[warn] failed to parse internal time; fallback wall_s=19.170681

=== baseline run (rc=0) ===

[stderr]
PROGRAM_TOTAL_NS=25581707040

[warn] failed to parse internal time; fallback wall_s=25.585017

=== prio run (rc=0) ===

[stderr]
PROGRAM_TOTAL_NS=19167787582

[warn] failed to parse internal time; fallback wall_s=19.170878

=== baseline run (rc=0) ===

[stderr]
PROGRAM_TOTAL_NS=25822047360

[warn] failed to parse internal time; fallback wall_s=25.825046

=== prio run (rc=0) ===

[stderr]
PROGRAM_TOTAL_NS=19476424122

[warn] failed to parse internal time; fallback wall_s=19.479041

