=== baseline run (rc=0) ===

[stderr]
PROGRAM_TOTAL_NS=44964684063

[warn] failed to parse internal time; fallback wall_s=44.975299

=== prio run (rc=0) ===

[stderr]
PROGRAM_TOTAL_NS=32942465557

[warn] failed to parse internal time; fallback wall_s=32.949663

=== baseline run (rc=0) ===

[stderr]
PROGRAM_TOTAL_NS=44943821146

[warn] failed to parse internal time; fallback wall_s=44.951788

=== prio run (rc=0) ===

[stderr]
PROGRAM_TOTAL_NS=31458749598

[warn] failed to parse internal time; fallback wall_s=31.465721

=== baseline run (rc=0) ===

[stderr]
PROGRAM_TOTAL_NS=44829549938

[warn] failed to parse internal time; fallback wall_s=44.836930

=== prio run (rc=0) ===

[stderr]
PROGRAM_TOTAL_NS=32357639724

[warn] failed to parse internal time; fallback wall_s=32.364637

=== baseline run (rc=0) ===

[stderr]
PROGRAM_TOTAL_NS=44983825855

[warn] failed to parse internal time; fallback wall_s=44.991290

=== prio run (rc=0) ===

[stderr]
PROGRAM_TOTAL_NS=31814431432

[warn] failed to parse internal time; fallback wall_s=31.821450

=== baseline run (rc=0) ===

[stderr]
PROGRAM_TOTAL_NS=45007146647

[warn] failed to parse internal time; fallback wall_s=45.014417

=== prio run (rc=0) ===

[stderr]
PROGRAM_TOTAL_NS=31692886098

[warn] failed to parse internal time; fallback wall_s=31.701007

=== baseline run (rc=0) ===

[stderr]
PROGRAM_TOTAL_NS=44861235438

[warn] failed to parse internal time; fallback wall_s=44.868519

=== prio run (rc=0) ===

[stderr]
PROGRAM_TOTAL_NS=31903367057

[warn] failed to parse internal time; fallback wall_s=31.910611

=== baseline run (rc=0) ===

[stderr]
PROGRAM_TOTAL_NS=44855850979

[warn] failed to parse internal time; fallback wall_s=44.864057

=== prio run (rc=0) ===

[stderr]
PROGRAM_TOTAL_NS=34530764766

[warn] failed to parse internal time; fallback wall_s=34.538176

=== baseline run (rc=0) ===

[stderr]
PROGRAM_TOTAL_NS=44823081646

[warn] failed to parse internal time; fallback wall_s=44.830311

=== prio run (rc=0) ===

[stderr]
PROGRAM_TOTAL_NS=32552020390

[warn] failed to parse internal time; fallback wall_s=32.559290

=== baseline run (rc=0) ===

[stderr]
PROGRAM_TOTAL_NS=44898737063

[warn] failed to parse internal time; fallback wall_s=44.907370

=== prio run (rc=0) ===

[stderr]
PROGRAM_TOTAL_NS=36217436559

[warn] failed to parse internal time; fallback wall_s=36.224845

=== baseline run (rc=0) ===

[stderr]
PROGRAM_TOTAL_NS=44994282105

[warn] failed to parse internal time; fallback wall_s=45.002668

=== prio run (rc=0) ===

[stderr]
PROGRAM_TOTAL_NS=32037754431

[warn] failed to parse internal time; fallback wall_s=32.044936

=== baseline run (rc=0) ===

[stderr]
PROGRAM_TOTAL_NS=44875374563

[warn] failed to parse internal time; fallback wall_s=44.884040

=== prio run (rc=0) ===

[stderr]
PROGRAM_TOTAL_NS=33523408724

[warn] failed to parse internal time; fallback wall_s=33.530594

=== baseline run (rc=0) ===

[stderr]
PROGRAM_TOTAL_NS=44961648105

[warn] failed to parse internal time; fallback wall_s=44.970025

=== prio run (rc=0) ===

[stderr]
PROGRAM_TOTAL_NS=32713338224

[warn] failed to parse internal time; fallback wall_s=32.720206

=== baseline run (rc=0) ===

[stderr]
PROGRAM_TOTAL_NS=44986016563

[warn] failed to parse internal time; fallback wall_s=44.994684

=== prio run (rc=0) ===

[stderr]
PROGRAM_TOTAL_NS=31338045390

[warn] failed to parse internal time; fallback wall_s=31.345858

=== baseline run (rc=0) ===

[stderr]
PROGRAM_TOTAL_NS=44935169146

[warn] failed to parse internal time; fallback wall_s=44.942576

=== prio run (rc=0) ===

[stderr]
PROGRAM_TOTAL_NS=31859959349

[warn] failed to parse internal time; fallback wall_s=31.866874

=== baseline run (rc=0) ===

[stderr]
PROGRAM_TOTAL_NS=44936185313

[warn] failed to parse internal time; fallback wall_s=44.943478

=== prio run (rc=0) ===

[stderr]
PROGRAM_TOTAL_NS=31865227641

[warn] failed to parse internal time; fallback wall_s=31.872259

=== baseline run (rc=0) ===

[stderr]
PROGRAM_TOTAL_NS=44858731771

[warn] failed to parse internal time; fallback wall_s=44.866509

=== prio run (rc=0) ===

[stderr]
PROGRAM_TOTAL_NS=35883243475

[warn] failed to parse internal time; fallback wall_s=35.890343

=== baseline run (rc=0) ===

[stderr]
PROGRAM_TOTAL_NS=44851818105

[warn] failed to parse internal time; fallback wall_s=44.859254

=== prio run (rc=0) ===

[stderr]
PROGRAM_TOTAL_NS=31403390057

[warn] failed to parse internal time; fallback wall_s=31.410483

=== baseline run (rc=0) ===

[stderr]
PROGRAM_TOTAL_NS=45031028605

[warn] failed to parse internal time; fallback wall_s=45.038406

=== prio run (rc=0) ===

[stderr]
PROGRAM_TOTAL_NS=32051056182

[warn] failed to parse internal time; fallback wall_s=32.058049

=== baseline run (rc=0) ===

[stderr]
PROGRAM_TOTAL_NS=44914586230

[warn] failed to parse internal time; fallback wall_s=44.921949

=== prio run (rc=0) ===

[stderr]
PROGRAM_TOTAL_NS=32061190223

[warn] failed to parse internal time; fallback wall_s=32.068447

=== baseline run (rc=0) ===

[stderr]
PROGRAM_TOTAL_NS=44857116813

[warn] failed to parse internal time; fallback wall_s=44.865351

=== prio run (rc=0) ===

[stderr]
PROGRAM_TOTAL_NS=32349000391

[warn] failed to parse internal time; fallback wall_s=32.356118

=== baseline run (rc=0) ===

[stderr]
PROGRAM_TOTAL_NS=44876372063

[warn] failed to parse internal time; fallback wall_s=44.883784

=== prio run (rc=0) ===

[stderr]
PROGRAM_TOTAL_NS=31369702015

[warn] failed to parse internal time; fallback wall_s=31.376786

=== baseline run (rc=0) ===

[stderr]
PROGRAM_TOTAL_NS=45033233605

[warn] failed to parse internal time; fallback wall_s=45.040528

=== prio run (rc=0) ===

[stderr]
PROGRAM_TOTAL_NS=36160947142

[warn] failed to parse internal time; fallback wall_s=36.168506

=== baseline run (rc=0) ===

[stderr]
PROGRAM_TOTAL_NS=44909342855

[warn] failed to parse internal time; fallback wall_s=44.918873

=== prio run (rc=0) ===

[stderr]
PROGRAM_TOTAL_NS=37243901517

[warn] failed to parse internal time; fallback wall_s=37.251308

=== baseline run (rc=0) ===

[stderr]
PROGRAM_TOTAL_NS=44873815605

[warn] failed to parse internal time; fallback wall_s=44.882213

=== prio run (rc=0) ===

[stderr]
PROGRAM_TOTAL_NS=32680999474

[warn] failed to parse internal time; fallback wall_s=32.687932

=== baseline run (rc=0) ===

[stderr]
PROGRAM_TOTAL_NS=44946438896

[warn] failed to parse internal time; fallback wall_s=44.953716

=== prio run (rc=0) ===

[stderr]
PROGRAM_TOTAL_NS=31651786849

[warn] failed to parse internal time; fallback wall_s=31.658947

=== baseline run (rc=0) ===

[stderr]
PROGRAM_TOTAL_NS=44993655688

[warn] failed to parse internal time; fallback wall_s=45.001094

=== prio run (rc=0) ===

[stderr]
PROGRAM_TOTAL_NS=31528136056

[warn] failed to parse internal time; fallback wall_s=31.535083

=== baseline run (rc=0) ===

[stderr]
PROGRAM_TOTAL_NS=44927188272

[warn] failed to parse internal time; fallback wall_s=44.934508

=== prio run (rc=0) ===

[stderr]
PROGRAM_TOTAL_NS=35169865558

[warn] failed to parse internal time; fallback wall_s=35.177134

=== baseline run (rc=0) ===

[stderr]
PROGRAM_TOTAL_NS=44890454897

[warn] failed to parse internal time; fallback wall_s=44.899115

=== prio run (rc=0) ===

[stderr]
PROGRAM_TOTAL_NS=32172761391

[warn] failed to parse internal time; fallback wall_s=32.180026

=== baseline run (rc=0) ===

[stderr]
PROGRAM_TOTAL_NS=44905736896

[warn] failed to parse internal time; fallback wall_s=44.914956

=== prio run (rc=0) ===

[stderr]
PROGRAM_TOTAL_NS=32805491140

[warn] failed to parse internal time; fallback wall_s=32.812895

=== baseline run (rc=0) ===

[stderr]
PROGRAM_TOTAL_NS=45046101980

[warn] failed to parse internal time; fallback wall_s=45.056833

=== prio run (rc=0) ===

[stderr]
PROGRAM_TOTAL_NS=34314320891

[warn] failed to parse internal time; fallback wall_s=34.321407

=== baseline run (rc=0) ===

[stderr]
PROGRAM_TOTAL_NS=44924978604

[warn] failed to parse internal time; fallback wall_s=44.932400

=== prio run (rc=0) ===

[stderr]
PROGRAM_TOTAL_NS=33947834974

[warn] failed to parse internal time; fallback wall_s=33.955087

=== baseline run (rc=0) ===

[stderr]
PROGRAM_TOTAL_NS=44928753063

[warn] failed to parse internal time; fallback wall_s=44.936963

=== prio run (rc=0) ===

[stderr]
PROGRAM_TOTAL_NS=34573245016

[warn] failed to parse internal time; fallback wall_s=34.580405

=== baseline run (rc=0) ===

[stderr]
PROGRAM_TOTAL_NS=44887123771

[warn] failed to parse internal time; fallback wall_s=44.894930

=== prio run (rc=0) ===

[stderr]
PROGRAM_TOTAL_NS=31650554516

[warn] failed to parse internal time; fallback wall_s=31.657481

=== baseline run (rc=0) ===

[stderr]
PROGRAM_TOTAL_NS=44990609438

[warn] failed to parse internal time; fallback wall_s=44.997947

=== prio run (rc=0) ===

[stderr]
PROGRAM_TOTAL_NS=33431467225

[warn] failed to parse internal time; fallback wall_s=33.438437

=== baseline run (rc=0) ===

[stderr]
PROGRAM_TOTAL_NS=44944466896

[warn] failed to parse internal time; fallback wall_s=44.951764

=== prio run (rc=0) ===

[stderr]
PROGRAM_TOTAL_NS=32868797182

[warn] failed to parse internal time; fallback wall_s=32.875985

=== baseline run (rc=0) ===

[stderr]
PROGRAM_TOTAL_NS=44896213855

[warn] failed to parse internal time; fallback wall_s=44.903914

=== prio run (rc=0) ===

[stderr]
PROGRAM_TOTAL_NS=32269398224

[warn] failed to parse internal time; fallback wall_s=32.276340

=== baseline run (rc=0) ===

[stderr]
PROGRAM_TOTAL_NS=44959299980

[warn] failed to parse internal time; fallback wall_s=44.967810

=== prio run (rc=0) ===

[stderr]
PROGRAM_TOTAL_NS=35621936475

[warn] failed to parse internal time; fallback wall_s=35.628973

=== baseline run (rc=0) ===

[stderr]
PROGRAM_TOTAL_NS=44951288688

[warn] failed to parse internal time; fallback wall_s=44.958468

=== prio run (rc=0) ===

[stderr]
PROGRAM_TOTAL_NS=31362382057

[warn] failed to parse internal time; fallback wall_s=31.369378

=== baseline run (rc=0) ===

[stderr]
PROGRAM_TOTAL_NS=44880138063

[warn] failed to parse internal time; fallback wall_s=44.887477

=== prio run (rc=0) ===

[stderr]
PROGRAM_TOTAL_NS=35431593184

[warn] failed to parse internal time; fallback wall_s=35.438636

=== baseline run (rc=0) ===

[stderr]
PROGRAM_TOTAL_NS=44904471521

[warn] failed to parse internal time; fallback wall_s=44.913411

=== prio run (rc=0) ===

[stderr]
PROGRAM_TOTAL_NS=32422152974

[warn] failed to parse internal time; fallback wall_s=32.429136

=== baseline run (rc=0) ===

[stderr]
PROGRAM_TOTAL_NS=44945375438

[warn] failed to parse internal time; fallback wall_s=44.952728

=== prio run (rc=0) ===

[stderr]
PROGRAM_TOTAL_NS=31385443556

[warn] failed to parse internal time; fallback wall_s=31.392625

=== baseline run (rc=0) ===

[stderr]
PROGRAM_TOTAL_NS=44881014813

[warn] failed to parse internal time; fallback wall_s=44.888379

=== prio run (rc=0) ===

[stderr]
PROGRAM_TOTAL_NS=31460619931

[warn] failed to parse internal time; fallback wall_s=31.467587

=== baseline run (rc=0) ===

[stderr]
PROGRAM_TOTAL_NS=44929130980

[warn] failed to parse internal time; fallback wall_s=44.936485

=== prio run (rc=0) ===

[stderr]
PROGRAM_TOTAL_NS=31411387390

[warn] failed to parse internal time; fallback wall_s=31.418438

=== baseline run (rc=0) ===

[stderr]
PROGRAM_TOTAL_NS=44997886522

[warn] failed to parse internal time; fallback wall_s=45.005201

=== prio run (rc=0) ===

[stderr]
PROGRAM_TOTAL_NS=33037090807

[warn] failed to parse internal time; fallback wall_s=33.044238

=== baseline run (rc=0) ===

[stderr]
PROGRAM_TOTAL_NS=44898838855

[warn] failed to parse internal time; fallback wall_s=44.908052

=== prio run (rc=0) ===

[stderr]
PROGRAM_TOTAL_NS=36225981309

[warn] failed to parse internal time; fallback wall_s=36.233417

=== baseline run (rc=0) ===

[stderr]
PROGRAM_TOTAL_NS=44998186354

[warn] failed to parse internal time; fallback wall_s=45.006572

=== prio run (rc=0) ===

[stderr]
PROGRAM_TOTAL_NS=32422574098

[warn] failed to parse internal time; fallback wall_s=32.429547

=== baseline run (rc=0) ===

[stderr]
PROGRAM_TOTAL_NS=44884648980

[warn] failed to parse internal time; fallback wall_s=44.892019

=== prio run (rc=0) ===

[stderr]
PROGRAM_TOTAL_NS=32875584224

[warn] failed to parse internal time; fallback wall_s=32.882527

=== baseline run (rc=0) ===

[stderr]
PROGRAM_TOTAL_NS=44957423897

[warn] failed to parse internal time; fallback wall_s=44.964763

=== prio run (rc=0) ===

[stderr]
PROGRAM_TOTAL_NS=33069369932

[warn] failed to parse internal time; fallback wall_s=33.077266

=== baseline run (rc=0) ===

[stderr]
PROGRAM_TOTAL_NS=44895835938

[warn] failed to parse internal time; fallback wall_s=44.911308

=== prio run (rc=0) ===

[stderr]
PROGRAM_TOTAL_NS=31329845181

[warn] failed to parse internal time; fallback wall_s=31.336883

=== baseline run (rc=0) ===

[stderr]
PROGRAM_TOTAL_NS=44831884438

[warn] failed to parse internal time; fallback wall_s=44.840290

=== prio run (rc=0) ===

[stderr]
PROGRAM_TOTAL_NS=31438007057

[warn] failed to parse internal time; fallback wall_s=31.445036

