=== baseline run (rc=0) ===

[stderr]
PROGRAM_TOTAL_NS=42899332193

[warn] failed to parse internal time; fallback wall_s=42.902965

=== prio run (rc=0) ===

[stderr]
PROGRAM_TOTAL_NS=32474966118

[warn] failed to parse internal time; fallback wall_s=32.478533

=== baseline run (rc=0) ===

[stderr]
PROGRAM_TOTAL_NS=44186698785

[warn] failed to parse internal time; fallback wall_s=44.189740

=== prio run (rc=0) ===

[stderr]
PROGRAM_TOTAL_NS=32329463171

[warn] failed to parse internal time; fallback wall_s=32.333052

=== baseline run (rc=0) ===

[stderr]
PROGRAM_TOTAL_NS=43753439729

[warn] failed to parse internal time; fallback wall_s=43.756674

=== prio run (rc=0) ===

[stderr]
PROGRAM_TOTAL_NS=32201119312

[warn] failed to parse internal time; fallback wall_s=32.203814

=== baseline run (rc=0) ===

[stderr]
PROGRAM_TOTAL_NS=43807851569

[warn] failed to parse internal time; fallback wall_s=43.810963

=== prio run (rc=0) ===

[stderr]
PROGRAM_TOTAL_NS=32249874482

[warn] failed to parse internal time; fallback wall_s=32.252911

=== baseline run (rc=0) ===

[stderr]
PROGRAM_TOTAL_NS=43613338607

[warn] failed to parse internal time; fallback wall_s=43.616098

=== prio run (rc=0) ===

[stderr]
PROGRAM_TOTAL_NS=32298357410

[warn] failed to parse internal time; fallback wall_s=32.301181

