=== baseline run (rc=0) ===

[stderr]
PROGRAM_TOTAL_NS=4532539585

[warn] failed to parse internal time; fallback wall_s=4.546141

=== prio run (rc=0) ===

[stderr]
PROGRAM_TOTAL_NS=3065661085

[warn] failed to parse internal time; fallback wall_s=3.071821

=== baseline run (rc=0) ===

[stderr]
PROGRAM_TOTAL_NS=4498567794

[warn] failed to parse internal time; fallback wall_s=4.504501

=== prio run (rc=0) ===

[stderr]
PROGRAM_TOTAL_NS=3062164876

[warn] failed to parse internal time; fallback wall_s=3.068164

=== baseline run (rc=0) ===

[stderr]
PROGRAM_TOTAL_NS=4460828169

[warn] failed to parse internal time; fallback wall_s=4.466913

=== prio run (rc=0) ===

[stderr]
PROGRAM_TOTAL_NS=3064999293

[warn] failed to parse internal time; fallback wall_s=3.071136

=== baseline run (rc=0) ===

[stderr]
PROGRAM_TOTAL_NS=4471543586

[warn] failed to parse internal time; fallback wall_s=4.478513

=== prio run (rc=0) ===

[stderr]
PROGRAM_TOTAL_NS=3194291918

[warn] failed to parse internal time; fallback wall_s=3.201138

=== baseline run (rc=0) ===

[stderr]
PROGRAM_TOTAL_NS=4506304502

[warn] failed to parse internal time; fallback wall_s=4.515676

=== prio run (rc=0) ===

[stderr]
PROGRAM_TOTAL_NS=3352508543

[warn] failed to parse internal time; fallback wall_s=3.358636

=== baseline run (rc=0) ===

[stderr]
PROGRAM_TOTAL_NS=4476782919

[warn] failed to parse internal time; fallback wall_s=4.482614

=== prio run (rc=0) ===

[stderr]
PROGRAM_TOTAL_NS=3287998043

[warn] failed to parse internal time; fallback wall_s=3.294089

=== baseline run (rc=0) ===

[stderr]
PROGRAM_TOTAL_NS=4483465293

[warn] failed to parse internal time; fallback wall_s=4.489839

=== prio run (rc=0) ===

[stderr]
PROGRAM_TOTAL_NS=3250702835

[warn] failed to parse internal time; fallback wall_s=3.256821

=== baseline run (rc=0) ===

[stderr]
PROGRAM_TOTAL_NS=4484759711

[warn] failed to parse internal time; fallback wall_s=4.491157

=== prio run (rc=0) ===

[stderr]
PROGRAM_TOTAL_NS=3456927377

[warn] failed to parse internal time; fallback wall_s=3.463076

=== baseline run (rc=0) ===

[stderr]
PROGRAM_TOTAL_NS=4506663960

[warn] failed to parse internal time; fallback wall_s=4.514607

=== prio run (rc=0) ===

[stderr]
PROGRAM_TOTAL_NS=3064467001

[warn] failed to parse internal time; fallback wall_s=3.070890

=== baseline run (rc=0) ===

[stderr]
PROGRAM_TOTAL_NS=4502930835

[warn] failed to parse internal time; fallback wall_s=4.508905

=== prio run (rc=0) ===

[stderr]
PROGRAM_TOTAL_NS=3070468918

[warn] failed to parse internal time; fallback wall_s=3.076397

=== baseline run (rc=0) ===

[stderr]
PROGRAM_TOTAL_NS=4473443044

[warn] failed to parse internal time; fallback wall_s=4.479464

=== prio run (rc=0) ===

[stderr]
PROGRAM_TOTAL_NS=3151056960

[warn] failed to parse internal time; fallback wall_s=3.158214

=== baseline run (rc=0) ===

[stderr]
PROGRAM_TOTAL_NS=4522208502

[warn] failed to parse internal time; fallback wall_s=4.529326

=== prio run (rc=0) ===

[stderr]
PROGRAM_TOTAL_NS=3157092710

[warn] failed to parse internal time; fallback wall_s=3.163518

=== baseline run (rc=0) ===

[stderr]
PROGRAM_TOTAL_NS=4475033502

[warn] failed to parse internal time; fallback wall_s=4.482609

=== prio run (rc=0) ===

[stderr]
PROGRAM_TOTAL_NS=3067019668

[warn] failed to parse internal time; fallback wall_s=3.072927

=== baseline run (rc=0) ===

[stderr]
PROGRAM_TOTAL_NS=4426172628

[warn] failed to parse internal time; fallback wall_s=4.433325

=== prio run (rc=0) ===

[stderr]
PROGRAM_TOTAL_NS=3266968335

[warn] failed to parse internal time; fallback wall_s=3.273971

=== baseline run (rc=0) ===

[stderr]
PROGRAM_TOTAL_NS=4503526794

[warn] failed to parse internal time; fallback wall_s=4.511323

=== prio run (rc=0) ===

[stderr]
PROGRAM_TOTAL_NS=3067575001

[warn] failed to parse internal time; fallback wall_s=3.073632

=== baseline run (rc=0) ===

[stderr]
PROGRAM_TOTAL_NS=4478445794

[warn] failed to parse internal time; fallback wall_s=4.484661

=== prio run (rc=0) ===

[stderr]
PROGRAM_TOTAL_NS=3071761293

[warn] failed to parse internal time; fallback wall_s=3.077651

=== baseline run (rc=0) ===

[stderr]
PROGRAM_TOTAL_NS=4439228502

[warn] failed to parse internal time; fallback wall_s=4.445083

=== prio run (rc=0) ===

[stderr]
PROGRAM_TOTAL_NS=3183893710

[warn] failed to parse internal time; fallback wall_s=3.190036

=== baseline run (rc=0) ===

[stderr]
PROGRAM_TOTAL_NS=4428242294

[warn] failed to parse internal time; fallback wall_s=4.434369

=== prio run (rc=0) ===

[stderr]
PROGRAM_TOTAL_NS=3080202710

[warn] failed to parse internal time; fallback wall_s=3.086209

=== baseline run (rc=0) ===

[stderr]
PROGRAM_TOTAL_NS=4505545918

[warn] failed to parse internal time; fallback wall_s=4.511448

=== prio run (rc=0) ===

[stderr]
PROGRAM_TOTAL_NS=3069389460

[warn] failed to parse internal time; fallback wall_s=3.075299

=== baseline run (rc=0) ===

[stderr]
PROGRAM_TOTAL_NS=4427309835

[warn] failed to parse internal time; fallback wall_s=4.433338

=== prio run (rc=0) ===

[stderr]
PROGRAM_TOTAL_NS=3387278335

[warn] failed to parse internal time; fallback wall_s=3.393647

=== baseline run (rc=0) ===

[stderr]
PROGRAM_TOTAL_NS=4512922002

[warn] failed to parse internal time; fallback wall_s=4.522187

=== prio run (rc=0) ===

[stderr]
PROGRAM_TOTAL_NS=3077702543

[warn] failed to parse internal time; fallback wall_s=3.083942

=== baseline run (rc=0) ===

[stderr]
PROGRAM_TOTAL_NS=4428642460

[warn] failed to parse internal time; fallback wall_s=4.438184

=== prio run (rc=0) ===

[stderr]
PROGRAM_TOTAL_NS=3266018919

[warn] failed to parse internal time; fallback wall_s=3.272120

=== baseline run (rc=0) ===

[stderr]
PROGRAM_TOTAL_NS=4485987960

[warn] failed to parse internal time; fallback wall_s=4.492030

=== prio run (rc=0) ===

[stderr]
PROGRAM_TOTAL_NS=3203498460

[warn] failed to parse internal time; fallback wall_s=3.209563

=== baseline run (rc=0) ===

[stderr]
PROGRAM_TOTAL_NS=4469991752

[warn] failed to parse internal time; fallback wall_s=4.476036

=== prio run (rc=0) ===

[stderr]
PROGRAM_TOTAL_NS=3230166669

[warn] failed to parse internal time; fallback wall_s=3.236245

=== baseline run (rc=0) ===

[stderr]
PROGRAM_TOTAL_NS=4465041002

[warn] failed to parse internal time; fallback wall_s=4.471967

=== prio run (rc=0) ===

[stderr]
PROGRAM_TOTAL_NS=3065836669

[warn] failed to parse internal time; fallback wall_s=3.071995

=== baseline run (rc=0) ===

[stderr]
PROGRAM_TOTAL_NS=4452058627

[warn] failed to parse internal time; fallback wall_s=4.458301

=== prio run (rc=0) ===

[stderr]
PROGRAM_TOTAL_NS=3228206168

[warn] failed to parse internal time; fallback wall_s=3.234202

=== baseline run (rc=0) ===

[stderr]
PROGRAM_TOTAL_NS=4427587335

[warn] failed to parse internal time; fallback wall_s=4.434594

=== prio run (rc=0) ===

[stderr]
PROGRAM_TOTAL_NS=3122454793

[warn] failed to parse internal time; fallback wall_s=3.128505

=== baseline run (rc=0) ===

[stderr]
PROGRAM_TOTAL_NS=4392111085

[warn] failed to parse internal time; fallback wall_s=4.399932

=== prio run (rc=0) ===

[stderr]
PROGRAM_TOTAL_NS=3066588584

[warn] failed to parse internal time; fallback wall_s=3.072599

=== baseline run (rc=0) ===

[stderr]
PROGRAM_TOTAL_NS=4453491002

[warn] failed to parse internal time; fallback wall_s=4.459508

=== prio run (rc=0) ===

[stderr]
PROGRAM_TOTAL_NS=3086259752

[warn] failed to parse internal time; fallback wall_s=3.093069

=== baseline run (rc=0) ===

[stderr]
PROGRAM_TOTAL_NS=4504855752

[warn] failed to parse internal time; fallback wall_s=4.510702

=== prio run (rc=0) ===

[stderr]
PROGRAM_TOTAL_NS=3066774960

[warn] failed to parse internal time; fallback wall_s=3.072949

=== baseline run (rc=0) ===

[stderr]
PROGRAM_TOTAL_NS=4464177669

[warn] failed to parse internal time; fallback wall_s=4.470219

=== prio run (rc=0) ===

[stderr]
PROGRAM_TOTAL_NS=3072888294

[warn] failed to parse internal time; fallback wall_s=3.079051

=== baseline run (rc=0) ===

[stderr]
PROGRAM_TOTAL_NS=4420634461

[warn] failed to parse internal time; fallback wall_s=4.427418

=== prio run (rc=0) ===

[stderr]
PROGRAM_TOTAL_NS=3074909543

[warn] failed to parse internal time; fallback wall_s=3.081188

=== baseline run (rc=0) ===

[stderr]
PROGRAM_TOTAL_NS=4425732794

[warn] failed to parse internal time; fallback wall_s=4.431664

=== prio run (rc=0) ===

[stderr]
PROGRAM_TOTAL_NS=3069901626

[warn] failed to parse internal time; fallback wall_s=3.075885

=== baseline run (rc=0) ===

[stderr]
PROGRAM_TOTAL_NS=4442786544

[warn] failed to parse internal time; fallback wall_s=4.448738

=== prio run (rc=0) ===

[stderr]
PROGRAM_TOTAL_NS=3181900169

[warn] failed to parse internal time; fallback wall_s=3.187890

=== baseline run (rc=0) ===

[stderr]
PROGRAM_TOTAL_NS=4493273460

[warn] failed to parse internal time; fallback wall_s=4.499240

=== prio run (rc=0) ===

[stderr]
PROGRAM_TOTAL_NS=3241222960

[warn] failed to parse internal time; fallback wall_s=3.248302

=== baseline run (rc=0) ===

[stderr]
PROGRAM_TOTAL_NS=4457120794

[warn] failed to parse internal time; fallback wall_s=4.463232

=== prio run (rc=0) ===

[stderr]
PROGRAM_TOTAL_NS=3069866918

[warn] failed to parse internal time; fallback wall_s=3.075733

=== baseline run (rc=0) ===

[stderr]
PROGRAM_TOTAL_NS=4498616502

[warn] failed to parse internal time; fallback wall_s=4.504705

=== prio run (rc=0) ===

[stderr]
PROGRAM_TOTAL_NS=3073760960

[warn] failed to parse internal time; fallback wall_s=3.079823

=== baseline run (rc=0) ===

[stderr]
PROGRAM_TOTAL_NS=4442350502

[warn] failed to parse internal time; fallback wall_s=4.448519

=== prio run (rc=0) ===

[stderr]
PROGRAM_TOTAL_NS=3068270918

[warn] failed to parse internal time; fallback wall_s=3.074239

=== baseline run (rc=0) ===

[stderr]
PROGRAM_TOTAL_NS=4453631585

[warn] failed to parse internal time; fallback wall_s=4.459707

=== prio run (rc=0) ===

[stderr]
PROGRAM_TOTAL_NS=3372653335

[warn] failed to parse internal time; fallback wall_s=3.378854

=== baseline run (rc=0) ===

[stderr]
PROGRAM_TOTAL_NS=4512666586

[warn] failed to parse internal time; fallback wall_s=4.518865

=== prio run (rc=0) ===

[stderr]
PROGRAM_TOTAL_NS=3077800835

[warn] failed to parse internal time; fallback wall_s=3.083896

=== baseline run (rc=0) ===

[stderr]
PROGRAM_TOTAL_NS=4525305168

[warn] failed to parse internal time; fallback wall_s=4.531127

=== prio run (rc=0) ===

[stderr]
PROGRAM_TOTAL_NS=3088012960

[warn] failed to parse internal time; fallback wall_s=3.093931

=== baseline run (rc=0) ===

[stderr]
PROGRAM_TOTAL_NS=4465246044

[warn] failed to parse internal time; fallback wall_s=4.472613

=== prio run (rc=0) ===

[stderr]
PROGRAM_TOTAL_NS=3071569960

[warn] failed to parse internal time; fallback wall_s=3.077631

=== baseline run (rc=0) ===

[stderr]
PROGRAM_TOTAL_NS=4424129211

[warn] failed to parse internal time; fallback wall_s=4.430131

=== prio run (rc=0) ===

[stderr]
PROGRAM_TOTAL_NS=3406817669

[warn] failed to parse internal time; fallback wall_s=3.412903

=== baseline run (rc=0) ===

[stderr]
PROGRAM_TOTAL_NS=4489179336

[warn] failed to parse internal time; fallback wall_s=4.495179

=== prio run (rc=0) ===

[stderr]
PROGRAM_TOTAL_NS=3633214835

[warn] failed to parse internal time; fallback wall_s=3.639741

=== baseline run (rc=0) ===

[stderr]
PROGRAM_TOTAL_NS=4498301919

[warn] failed to parse internal time; fallback wall_s=4.506356

=== prio run (rc=0) ===

[stderr]
PROGRAM_TOTAL_NS=3070310251

[warn] failed to parse internal time; fallback wall_s=3.076446

=== baseline run (rc=0) ===

[stderr]
PROGRAM_TOTAL_NS=4480920210

[warn] failed to parse internal time; fallback wall_s=4.487085

=== prio run (rc=0) ===

[stderr]
PROGRAM_TOTAL_NS=3070890085

[warn] failed to parse internal time; fallback wall_s=3.077777

=== baseline run (rc=0) ===

[stderr]
PROGRAM_TOTAL_NS=4361440419

[warn] failed to parse internal time; fallback wall_s=4.367383

=== prio run (rc=0) ===

[stderr]
PROGRAM_TOTAL_NS=3071070043

[warn] failed to parse internal time; fallback wall_s=3.077101

=== baseline run (rc=0) ===

[stderr]
PROGRAM_TOTAL_NS=4469469377

[warn] failed to parse internal time; fallback wall_s=4.475414

=== prio run (rc=0) ===

[stderr]
PROGRAM_TOTAL_NS=3070548251

[warn] failed to parse internal time; fallback wall_s=3.076454

