=== baseline run (rc=0) ===

[stderr]
PROGRAM_TOTAL_NS=912766727

[warn] failed to parse internal time; fallback wall_s=0.915348

=== prio run (rc=0) ===

[stderr]
PROGRAM_TOTAL_NS=614894636

[warn] failed to parse internal time; fallback wall_s=0.618381

=== baseline run (rc=0) ===

[stderr]
PROGRAM_TOTAL_NS=807181904

[warn] failed to parse internal time; fallback wall_s=0.810293

=== prio run (rc=0) ===

[stderr]
PROGRAM_TOTAL_NS=617453799

[warn] failed to parse internal time; fallback wall_s=0.620133

=== baseline run (rc=0) ===

[stderr]
PROGRAM_TOTAL_NS=908779609

[warn] failed to parse internal time; fallback wall_s=0.911619

=== prio run (rc=0) ===

[stderr]
PROGRAM_TOTAL_NS=612386823

[warn] failed to parse internal time; fallback wall_s=0.615093

