=== baseline run (rc=0) ===

[stderr]
PROGRAM_TOTAL_NS=261167505716

[warn] failed to parse internal time; fallback wall_s=261.170804

=== prio run (rc=0) ===

[stderr]
PROGRAM_TOTAL_NS=192835542530

[warn] failed to parse internal time; fallback wall_s=192.838509

=== baseline run (rc=0) ===

[stderr]
PROGRAM_TOTAL_NS=258121541531

[warn] failed to parse internal time; fallback wall_s=258.124990

=== prio run (rc=0) ===

[stderr]
PROGRAM_TOTAL_NS=193000368267

[warn] failed to parse internal time; fallback wall_s=193.003472

=== baseline run (rc=0) ===

[stderr]
PROGRAM_TOTAL_NS=259300902098

[warn] failed to parse internal time; fallback wall_s=259.304391

=== prio run (rc=0) ===

[stderr]
PROGRAM_TOTAL_NS=192468047926

[warn] failed to parse internal time; fallback wall_s=192.471455

=== baseline run (rc=0) ===

[stderr]
PROGRAM_TOTAL_NS=261688865747

[warn] failed to parse internal time; fallback wall_s=261.691649

=== prio run (rc=0) ===

[stderr]
PROGRAM_TOTAL_NS=192743432131

[warn] failed to parse internal time; fallback wall_s=192.746661

=== baseline run (rc=0) ===

[stderr]
PROGRAM_TOTAL_NS=254100377553

[warn] failed to parse internal time; fallback wall_s=254.103634

=== prio run (rc=0) ===

[stderr]
PROGRAM_TOTAL_NS=192611302306

[warn] failed to parse internal time; fallback wall_s=192.614938

=== baseline run (rc=0) ===

[stderr]
PROGRAM_TOTAL_NS=259056399561

[warn] failed to parse internal time; fallback wall_s=259.060140

=== prio run (rc=0) ===

[stderr]
PROGRAM_TOTAL_NS=192767646482

[warn] failed to parse internal time; fallback wall_s=192.770934

=== baseline run (rc=0) ===

[stderr]
PROGRAM_TOTAL_NS=260376508932

[warn] failed to parse internal time; fallback wall_s=260.379218

=== prio run (rc=0) ===

[stderr]
PROGRAM_TOTAL_NS=192527646430

[warn] failed to parse internal time; fallback wall_s=192.530415

=== baseline run (rc=0) ===

[stderr]
PROGRAM_TOTAL_NS=247912204469

[warn] failed to parse internal time; fallback wall_s=247.914953

=== prio run (rc=0) ===

[stderr]
PROGRAM_TOTAL_NS=195592813933

[warn] failed to parse internal time; fallback wall_s=195.595525

=== baseline run (rc=0) ===

[stderr]
PROGRAM_TOTAL_NS=258995494868

[warn] failed to parse internal time; fallback wall_s=258.998435

=== prio run (rc=0) ===

[stderr]
PROGRAM_TOTAL_NS=192946008797

[warn] failed to parse internal time; fallback wall_s=192.950871

=== baseline run (rc=0) ===

[stderr]
PROGRAM_TOTAL_NS=255088487432

[warn] failed to parse internal time; fallback wall_s=255.092451

=== prio run (rc=0) ===

[stderr]
PROGRAM_TOTAL_NS=192612992412

[warn] failed to parse internal time; fallback wall_s=192.615981

=== baseline run (rc=0) ===

[stderr]
PROGRAM_TOTAL_NS=234707143836

[warn] failed to parse internal time; fallback wall_s=234.710100

=== prio run (rc=0) ===

[stderr]
PROGRAM_TOTAL_NS=192256501494

[warn] failed to parse internal time; fallback wall_s=192.259429

=== baseline run (rc=0) ===

[stderr]
PROGRAM_TOTAL_NS=260905965719

[warn] failed to parse internal time; fallback wall_s=260.908656

=== prio run (rc=0) ===

[stderr]
PROGRAM_TOTAL_NS=192887059661

[warn] failed to parse internal time; fallback wall_s=192.890048

=== baseline run (rc=0) ===

[stderr]
PROGRAM_TOTAL_NS=250662773371

[warn] failed to parse internal time; fallback wall_s=250.665488

=== prio run (rc=0) ===

[stderr]
PROGRAM_TOTAL_NS=192389095437

[warn] failed to parse internal time; fallback wall_s=192.392280

=== baseline run (rc=0) ===

[stderr]
PROGRAM_TOTAL_NS=257529237766

[warn] failed to parse internal time; fallback wall_s=257.532450

=== prio run (rc=0) ===

[stderr]
PROGRAM_TOTAL_NS=192683713149

[warn] failed to parse internal time; fallback wall_s=192.687086

=== baseline run (rc=0) ===

[stderr]
PROGRAM_TOTAL_NS=261377826035

[warn] failed to parse internal time; fallback wall_s=261.381425

=== prio run (rc=0) ===

[stderr]
PROGRAM_TOTAL_NS=192430643064

[warn] failed to parse internal time; fallback wall_s=192.433784

=== baseline run (rc=0) ===

[stderr]
PROGRAM_TOTAL_NS=255814441539

[warn] failed to parse internal time; fallback wall_s=255.817369

=== prio run (rc=0) ===

[stderr]
PROGRAM_TOTAL_NS=192545394205

[warn] failed to parse internal time; fallback wall_s=192.548040

=== baseline run (rc=0) ===

[stderr]
PROGRAM_TOTAL_NS=260864986733

[warn] failed to parse internal time; fallback wall_s=260.867763

=== prio run (rc=0) ===

[stderr]
PROGRAM_TOTAL_NS=192658555563

[warn] failed to parse internal time; fallback wall_s=192.661278

=== baseline run (rc=0) ===

[stderr]
PROGRAM_TOTAL_NS=235088269859

[warn] failed to parse internal time; fallback wall_s=235.092755

=== prio run (rc=0) ===

[stderr]
PROGRAM_TOTAL_NS=192886035482

[warn] failed to parse internal time; fallback wall_s=192.889958

=== baseline run (rc=0) ===

[stderr]
PROGRAM_TOTAL_NS=261902605573

[warn] failed to parse internal time; fallback wall_s=261.906896

=== prio run (rc=0) ===

[stderr]
PROGRAM_TOTAL_NS=192720613363

[warn] failed to parse internal time; fallback wall_s=192.723440

=== baseline run (rc=0) ===

[stderr]
PROGRAM_TOTAL_NS=260631769105

[warn] failed to parse internal time; fallback wall_s=260.635939

=== prio run (rc=0) ===

[stderr]
PROGRAM_TOTAL_NS=192675529774

[warn] failed to parse internal time; fallback wall_s=192.678472

=== baseline run (rc=0) ===

[stderr]
PROGRAM_TOTAL_NS=255598285336

[warn] failed to parse internal time; fallback wall_s=255.601566

=== prio run (rc=0) ===

[stderr]
PROGRAM_TOTAL_NS=192630803997

[warn] failed to parse internal time; fallback wall_s=192.633625

=== baseline run (rc=0) ===

[stderr]
PROGRAM_TOTAL_NS=249711774082

[warn] failed to parse internal time; fallback wall_s=249.715019

=== prio run (rc=0) ===

[stderr]
PROGRAM_TOTAL_NS=192495113334

[warn] failed to parse internal time; fallback wall_s=192.498519

=== baseline run (rc=0) ===

[stderr]
PROGRAM_TOTAL_NS=250193767769

[warn] failed to parse internal time; fallback wall_s=250.196564

=== prio run (rc=0) ===

[stderr]
PROGRAM_TOTAL_NS=192524497398

[warn] failed to parse internal time; fallback wall_s=192.527932

=== baseline run (rc=0) ===

[stderr]
PROGRAM_TOTAL_NS=264442600791

[warn] failed to parse internal time; fallback wall_s=264.445796

=== prio run (rc=0) ===

[stderr]
PROGRAM_TOTAL_NS=193010907165

[warn] failed to parse internal time; fallback wall_s=193.013846

=== baseline run (rc=0) ===

[stderr]
PROGRAM_TOTAL_NS=241752822866

[warn] failed to parse internal time; fallback wall_s=241.756590

=== prio run (rc=0) ===

[stderr]
PROGRAM_TOTAL_NS=192988312698

[warn] failed to parse internal time; fallback wall_s=192.991286

=== baseline run (rc=0) ===

[stderr]
PROGRAM_TOTAL_NS=248915965025

[warn] failed to parse internal time; fallback wall_s=248.919336

=== prio run (rc=0) ===

[stderr]
PROGRAM_TOTAL_NS=192566339752

[warn] failed to parse internal time; fallback wall_s=192.569265

=== baseline run (rc=0) ===

[stderr]
PROGRAM_TOTAL_NS=253541713392

[warn] failed to parse internal time; fallback wall_s=253.544895

=== prio run (rc=0) ===

[stderr]
PROGRAM_TOTAL_NS=192842676273

[warn] failed to parse internal time; fallback wall_s=192.845375

=== baseline run (rc=0) ===

[stderr]
PROGRAM_TOTAL_NS=257459154390

[warn] failed to parse internal time; fallback wall_s=257.461710

=== prio run (rc=0) ===

[stderr]
PROGRAM_TOTAL_NS=193482174968

[warn] failed to parse internal time; fallback wall_s=193.484800

=== baseline run (rc=0) ===

[stderr]
PROGRAM_TOTAL_NS=266056246329

[warn] failed to parse internal time; fallback wall_s=266.059161

=== prio run (rc=0) ===

[stderr]
PROGRAM_TOTAL_NS=192359027732

[warn] failed to parse internal time; fallback wall_s=192.361755

=== baseline run (rc=0) ===

[stderr]
PROGRAM_TOTAL_NS=261879432641

[warn] failed to parse internal time; fallback wall_s=261.882385

=== prio run (rc=0) ===

[stderr]
PROGRAM_TOTAL_NS=192568787783

[warn] failed to parse internal time; fallback wall_s=192.571724

=== baseline run (rc=0) ===

[stderr]
PROGRAM_TOTAL_NS=263577158140

[warn] failed to parse internal time; fallback wall_s=263.580390

=== prio run (rc=0) ===

[stderr]
PROGRAM_TOTAL_NS=193612867625

[warn] failed to parse internal time; fallback wall_s=193.615704

=== baseline run (rc=0) ===

[stderr]
PROGRAM_TOTAL_NS=262360755741

[warn] failed to parse internal time; fallback wall_s=262.363744

=== prio run (rc=0) ===

[stderr]
PROGRAM_TOTAL_NS=192168121661

[warn] failed to parse internal time; fallback wall_s=192.171942

=== baseline run (rc=0) ===

[stderr]
PROGRAM_TOTAL_NS=248732270960

[warn] failed to parse internal time; fallback wall_s=248.735785

=== prio run (rc=0) ===

[stderr]
PROGRAM_TOTAL_NS=192130128327

[warn] failed to parse internal time; fallback wall_s=192.132841

=== baseline run (rc=0) ===

[stderr]
PROGRAM_TOTAL_NS=254932170281

[warn] failed to parse internal time; fallback wall_s=254.934818

=== prio run (rc=0) ===

[stderr]
PROGRAM_TOTAL_NS=192745499575

[warn] failed to parse internal time; fallback wall_s=192.748416

=== baseline run (rc=0) ===

[stderr]
PROGRAM_TOTAL_NS=248131640570

[warn] failed to parse internal time; fallback wall_s=248.134349

=== prio run (rc=0) ===

[stderr]
PROGRAM_TOTAL_NS=192700680575

[warn] failed to parse internal time; fallback wall_s=192.703405

=== baseline run (rc=0) ===

[stderr]
PROGRAM_TOTAL_NS=233845107663

[warn] failed to parse internal time; fallback wall_s=233.848519

=== prio run (rc=0) ===

[stderr]
PROGRAM_TOTAL_NS=192871810856

[warn] failed to parse internal time; fallback wall_s=192.874486

=== baseline run (rc=0) ===

[stderr]
PROGRAM_TOTAL_NS=243546066814

[warn] failed to parse internal time; fallback wall_s=243.548789

=== prio run (rc=0) ===

[stderr]
PROGRAM_TOTAL_NS=192226663402

[warn] failed to parse internal time; fallback wall_s=192.229377

=== baseline run (rc=0) ===

[stderr]
PROGRAM_TOTAL_NS=249416628159

[warn] failed to parse internal time; fallback wall_s=249.419289

=== prio run (rc=0) ===

[stderr]
PROGRAM_TOTAL_NS=192485219325

[warn] failed to parse internal time; fallback wall_s=192.488417

=== baseline run (rc=0) ===

[stderr]
PROGRAM_TOTAL_NS=258496930378

[warn] failed to parse internal time; fallback wall_s=258.500511

=== prio run (rc=0) ===

[stderr]
PROGRAM_TOTAL_NS=192617979687

[warn] failed to parse internal time; fallback wall_s=192.620780

=== baseline run (rc=0) ===

[stderr]
PROGRAM_TOTAL_NS=261317317908

[warn] failed to parse internal time; fallback wall_s=261.320171

=== prio run (rc=0) ===

[stderr]
PROGRAM_TOTAL_NS=192657086498

[warn] failed to parse internal time; fallback wall_s=192.659892

=== baseline run (rc=0) ===

[stderr]
PROGRAM_TOTAL_NS=249829046110

[warn] failed to parse internal time; fallback wall_s=249.831776

=== prio run (rc=0) ===

[stderr]
PROGRAM_TOTAL_NS=192406243978

[warn] failed to parse internal time; fallback wall_s=192.409245

=== baseline run (rc=0) ===

[stderr]
PROGRAM_TOTAL_NS=229910803010

[warn] failed to parse internal time; fallback wall_s=229.913493

=== prio run (rc=0) ===

[stderr]
PROGRAM_TOTAL_NS=192785670148

[warn] failed to parse internal time; fallback wall_s=192.788610

=== baseline run (rc=0) ===

[stderr]
PROGRAM_TOTAL_NS=248742594507

[warn] failed to parse internal time; fallback wall_s=248.746801

=== prio run (rc=0) ===

[stderr]
PROGRAM_TOTAL_NS=192833282812

[warn] failed to parse internal time; fallback wall_s=192.836186

=== baseline run (rc=0) ===

[stderr]
PROGRAM_TOTAL_NS=258515058579

[warn] failed to parse internal time; fallback wall_s=258.517908

=== prio run (rc=0) ===

[stderr]
PROGRAM_TOTAL_NS=192293554669

[warn] failed to parse internal time; fallback wall_s=192.296310

=== baseline run (rc=0) ===

[stderr]
PROGRAM_TOTAL_NS=227592379357

[warn] failed to parse internal time; fallback wall_s=227.595177

=== prio run (rc=0) ===

[stderr]
PROGRAM_TOTAL_NS=192548086257

[warn] failed to parse internal time; fallback wall_s=192.551462

=== baseline run (rc=0) ===

[stderr]
PROGRAM_TOTAL_NS=261460721350

[warn] failed to parse internal time; fallback wall_s=261.464295

=== prio run (rc=0) ===

[stderr]
PROGRAM_TOTAL_NS=192753536255

[warn] failed to parse internal time; fallback wall_s=192.756414

=== baseline run (rc=0) ===

[stderr]
PROGRAM_TOTAL_NS=262390820177

[warn] failed to parse internal time; fallback wall_s=262.393452

=== prio run (rc=0) ===

[stderr]
PROGRAM_TOTAL_NS=192975227988

[warn] failed to parse internal time; fallback wall_s=192.978441

=== baseline run (rc=0) ===

[stderr]
PROGRAM_TOTAL_NS=263002941938

[warn] failed to parse internal time; fallback wall_s=263.005962

=== prio run (rc=0) ===

[stderr]
PROGRAM_TOTAL_NS=192427395209

[warn] failed to parse internal time; fallback wall_s=192.430401

=== baseline run (rc=0) ===

[stderr]
PROGRAM_TOTAL_NS=247305642009

[warn] failed to parse internal time; fallback wall_s=247.308273

=== prio run (rc=0) ===

[stderr]
PROGRAM_TOTAL_NS=192459730546

[warn] failed to parse internal time; fallback wall_s=192.463470

=== baseline run (rc=0) ===

[stderr]
PROGRAM_TOTAL_NS=260978040576

[warn] failed to parse internal time; fallback wall_s=260.981454

=== prio run (rc=0) ===

[stderr]
PROGRAM_TOTAL_NS=192919111255

[warn] failed to parse internal time; fallback wall_s=192.921980

=== baseline run (rc=0) ===

[stderr]
PROGRAM_TOTAL_NS=263235913866

[warn] failed to parse internal time; fallback wall_s=263.238714

=== prio run (rc=0) ===

[stderr]
PROGRAM_TOTAL_NS=192755055042

[warn] failed to parse internal time; fallback wall_s=192.757903

=== baseline run (rc=0) ===

[stderr]
PROGRAM_TOTAL_NS=263757275766

[warn] failed to parse internal time; fallback wall_s=263.760189

=== prio run (rc=0) ===

[stderr]
PROGRAM_TOTAL_NS=192369905341

[warn] failed to parse internal time; fallback wall_s=192.373513

=== baseline run (rc=0) ===

[stderr]
PROGRAM_TOTAL_NS=261122613514

[warn] failed to parse internal time; fallback wall_s=261.125374

=== prio run (rc=0) ===

[stderr]
PROGRAM_TOTAL_NS=192623979227

[warn] failed to parse internal time; fallback wall_s=192.626897

=== baseline run (rc=0) ===

[stderr]
PROGRAM_TOTAL_NS=244493486602

[warn] failed to parse internal time; fallback wall_s=244.496380

=== prio run (rc=0) ===

[stderr]
PROGRAM_TOTAL_NS=192945896031

[warn] failed to parse internal time; fallback wall_s=192.948716

=== baseline run (rc=0) ===

[stderr]
PROGRAM_TOTAL_NS=250897773017

[warn] failed to parse internal time; fallback wall_s=250.900435

=== prio run (rc=0) ===

[stderr]
PROGRAM_TOTAL_NS=192508285948

[warn] failed to parse internal time; fallback wall_s=192.511286

=== baseline run (rc=0) ===

[stderr]
PROGRAM_TOTAL_NS=255530115958

[warn] failed to parse internal time; fallback wall_s=255.534072

=== prio run (rc=0) ===

[stderr]
PROGRAM_TOTAL_NS=192416371609

[warn] failed to parse internal time; fallback wall_s=192.419166

=== baseline run (rc=0) ===

[stderr]
PROGRAM_TOTAL_NS=262520975245

[warn] failed to parse internal time; fallback wall_s=262.523698

=== prio run (rc=0) ===

[stderr]
PROGRAM_TOTAL_NS=192566323614

[warn] failed to parse internal time; fallback wall_s=192.569094

=== baseline run (rc=0) ===

[stderr]
PROGRAM_TOTAL_NS=256868653578

[warn] failed to parse internal time; fallback wall_s=256.871844

=== prio run (rc=0) ===

[stderr]
PROGRAM_TOTAL_NS=192837383703

[warn] failed to parse internal time; fallback wall_s=192.840336

=== baseline run (rc=0) ===

[stderr]
PROGRAM_TOTAL_NS=261602439354

[warn] failed to parse internal time; fallback wall_s=261.605457

=== prio run (rc=0) ===

[stderr]
PROGRAM_TOTAL_NS=192595102335

[warn] failed to parse internal time; fallback wall_s=192.598000

=== baseline run (rc=0) ===

[stderr]
PROGRAM_TOTAL_NS=244685976950

[warn] failed to parse internal time; fallback wall_s=244.688755

=== prio run (rc=0) ===

[stderr]
PROGRAM_TOTAL_NS=192770330891

[warn] failed to parse internal time; fallback wall_s=192.773122

=== baseline run (rc=0) ===

[stderr]
PROGRAM_TOTAL_NS=260974444330

[warn] failed to parse internal time; fallback wall_s=260.977178

=== prio run (rc=0) ===

[stderr]
PROGRAM_TOTAL_NS=193046659721

[warn] failed to parse internal time; fallback wall_s=193.049620

=== baseline run (rc=0) ===

[stderr]
PROGRAM_TOTAL_NS=260938621270

[warn] failed to parse internal time; fallback wall_s=260.941715

=== prio run (rc=0) ===

[stderr]
PROGRAM_TOTAL_NS=192995064453

[warn] failed to parse internal time; fallback wall_s=192.998491

=== baseline run (rc=0) ===

[stderr]
PROGRAM_TOTAL_NS=249256671480

[warn] failed to parse internal time; fallback wall_s=249.260023

=== prio run (rc=0) ===

[stderr]
PROGRAM_TOTAL_NS=192784219805

[warn] failed to parse internal time; fallback wall_s=192.787044

=== baseline run (rc=0) ===

[stderr]
PROGRAM_TOTAL_NS=257724908274

[warn] failed to parse internal time; fallback wall_s=257.727799

=== prio run (rc=0) ===

[stderr]
PROGRAM_TOTAL_NS=199300288879

[warn] failed to parse internal time; fallback wall_s=199.303460

=== baseline run (rc=0) ===

[stderr]
PROGRAM_TOTAL_NS=260631270313

[warn] failed to parse internal time; fallback wall_s=260.634680

=== prio run (rc=0) ===

[stderr]
PROGRAM_TOTAL_NS=193407607873

[warn] failed to parse internal time; fallback wall_s=193.410815

=== baseline run (rc=0) ===

[stderr]
PROGRAM_TOTAL_NS=250204667054

[warn] failed to parse internal time; fallback wall_s=250.208061

=== prio run (rc=0) ===

[stderr]
PROGRAM_TOTAL_NS=195470200012

[warn] failed to parse internal time; fallback wall_s=195.473544

=== baseline run (rc=0) ===

[stderr]
PROGRAM_TOTAL_NS=261231712142

[warn] failed to parse internal time; fallback wall_s=261.235584

=== prio run (rc=0) ===

[stderr]
PROGRAM_TOTAL_NS=192880776178

[warn] failed to parse internal time; fallback wall_s=192.884076

=== baseline run (rc=0) ===

[stderr]
PROGRAM_TOTAL_NS=250226772859

[warn] failed to parse internal time; fallback wall_s=250.230180

=== prio run (rc=0) ===

[stderr]
PROGRAM_TOTAL_NS=193501891302

[warn] failed to parse internal time; fallback wall_s=193.505202

=== baseline run (rc=0) ===

[stderr]
PROGRAM_TOTAL_NS=266827923404

[warn] failed to parse internal time; fallback wall_s=266.831476

=== prio run (rc=0) ===

[stderr]
PROGRAM_TOTAL_NS=198507664258

[warn] failed to parse internal time; fallback wall_s=198.510945

=== baseline run (rc=0) ===

[stderr]
PROGRAM_TOTAL_NS=269095770988

[warn] failed to parse internal time; fallback wall_s=269.099876

=== prio run (rc=0) ===

[stderr]
PROGRAM_TOTAL_NS=194719167545

[warn] failed to parse internal time; fallback wall_s=194.724133

=== baseline run (rc=0) ===

[stderr]
PROGRAM_TOTAL_NS=267649522646

[warn] failed to parse internal time; fallback wall_s=267.652803

=== prio run (rc=0) ===

[stderr]
PROGRAM_TOTAL_NS=195540239599

[warn] failed to parse internal time; fallback wall_s=195.544082

=== baseline run (rc=0) ===

[stderr]
PROGRAM_TOTAL_NS=263463468003

[warn] failed to parse internal time; fallback wall_s=263.466521

=== prio run (rc=0) ===

[stderr]
PROGRAM_TOTAL_NS=196262752867

[warn] failed to parse internal time; fallback wall_s=196.266090

=== baseline run (rc=0) ===

[stderr]
PROGRAM_TOTAL_NS=266418157438

[warn] failed to parse internal time; fallback wall_s=266.423873

=== prio run (rc=0) ===

[stderr]
PROGRAM_TOTAL_NS=196550007616

[warn] failed to parse internal time; fallback wall_s=196.553106

=== baseline run (rc=0) ===

[stderr]
PROGRAM_TOTAL_NS=257833151183

[warn] failed to parse internal time; fallback wall_s=257.837227

=== prio run (rc=0) ===

[stderr]
PROGRAM_TOTAL_NS=194127844770

[warn] failed to parse internal time; fallback wall_s=194.131201

=== baseline run (rc=0) ===

[stderr]
PROGRAM_TOTAL_NS=242805213457

[warn] failed to parse internal time; fallback wall_s=242.808169

=== prio run (rc=0) ===

[stderr]
PROGRAM_TOTAL_NS=193077324391

[warn] failed to parse internal time; fallback wall_s=193.080466

=== baseline run (rc=0) ===

[stderr]
PROGRAM_TOTAL_NS=262687484934

[warn] failed to parse internal time; fallback wall_s=262.690421

=== prio run (rc=0) ===

[stderr]
PROGRAM_TOTAL_NS=193296797909

[warn] failed to parse internal time; fallback wall_s=193.299769

=== baseline run (rc=0) ===

[stderr]
PROGRAM_TOTAL_NS=265977306796

[warn] failed to parse internal time; fallback wall_s=265.980307

=== prio run (rc=0) ===

[stderr]
PROGRAM_TOTAL_NS=199768485838

[warn] failed to parse internal time; fallback wall_s=199.771854

=== baseline run (rc=0) ===

[stderr]
PROGRAM_TOTAL_NS=265557247133

[warn] failed to parse internal time; fallback wall_s=265.560480

=== prio run (rc=0) ===

[stderr]
PROGRAM_TOTAL_NS=195067940563

[warn] failed to parse internal time; fallback wall_s=195.071686

=== baseline run (rc=0) ===

[stderr]
PROGRAM_TOTAL_NS=269429795414

[warn] failed to parse internal time; fallback wall_s=269.432893

=== prio run (rc=0) ===

[stderr]
PROGRAM_TOTAL_NS=195674703590

[warn] failed to parse internal time; fallback wall_s=195.677778

=== baseline run (rc=0) ===

[stderr]
PROGRAM_TOTAL_NS=262976141233

[warn] failed to parse internal time; fallback wall_s=262.979446

=== prio run (rc=0) ===

[stderr]
PROGRAM_TOTAL_NS=194141716970

[warn] failed to parse internal time; fallback wall_s=194.144628

=== baseline run (rc=0) ===

[stderr]
PROGRAM_TOTAL_NS=264548509352

[warn] failed to parse internal time; fallback wall_s=264.551958

=== prio run (rc=0) ===

[stderr]
PROGRAM_TOTAL_NS=194875336572

[warn] failed to parse internal time; fallback wall_s=194.878422

=== baseline run (rc=0) ===

[stderr]
PROGRAM_TOTAL_NS=263670682410

[warn] failed to parse internal time; fallback wall_s=263.674134

=== prio run (rc=0) ===

[stderr]
PROGRAM_TOTAL_NS=193748908345

[warn] failed to parse internal time; fallback wall_s=193.752473

=== baseline run (rc=0) ===

[stderr]
PROGRAM_TOTAL_NS=224902080778

[warn] failed to parse internal time; fallback wall_s=224.905095

=== prio run (rc=0) ===

[stderr]
PROGRAM_TOTAL_NS=192499797821

[warn] failed to parse internal time; fallback wall_s=192.502669

=== baseline run (rc=0) ===

[stderr]
PROGRAM_TOTAL_NS=257145304169

[warn] failed to parse internal time; fallback wall_s=257.148470

=== prio run (rc=0) ===

[stderr]
PROGRAM_TOTAL_NS=194194218779

[warn] failed to parse internal time; fallback wall_s=194.197089

=== baseline run (rc=0) ===

[stderr]
PROGRAM_TOTAL_NS=249462599863

[warn] failed to parse internal time; fallback wall_s=249.466037

=== prio run (rc=0) ===

[stderr]
PROGRAM_TOTAL_NS=193918710644

[warn] failed to parse internal time; fallback wall_s=193.921748

=== baseline run (rc=0) ===

[stderr]
PROGRAM_TOTAL_NS=260617859705

[warn] failed to parse internal time; fallback wall_s=260.621955

=== prio run (rc=0) ===

[stderr]
PROGRAM_TOTAL_NS=193830679597

[warn] failed to parse internal time; fallback wall_s=193.833765

=== baseline run (rc=0) ===

[stderr]
PROGRAM_TOTAL_NS=256828352289

[warn] failed to parse internal time; fallback wall_s=256.831985

=== prio run (rc=0) ===

[stderr]
PROGRAM_TOTAL_NS=194011118217

[warn] failed to parse internal time; fallback wall_s=194.014155

=== baseline run (rc=0) ===

[stderr]
PROGRAM_TOTAL_NS=264367953023

[warn] failed to parse internal time; fallback wall_s=264.372524

=== prio run (rc=0) ===

[stderr]
PROGRAM_TOTAL_NS=194034015402

[warn] failed to parse internal time; fallback wall_s=194.037729

=== baseline run (rc=0) ===

[stderr]
PROGRAM_TOTAL_NS=257056619206

[warn] failed to parse internal time; fallback wall_s=257.059663

=== prio run (rc=0) ===

[stderr]
PROGRAM_TOTAL_NS=194100708903

[warn] failed to parse internal time; fallback wall_s=194.103921

=== baseline run (rc=0) ===

[stderr]
PROGRAM_TOTAL_NS=247374519962

[warn] failed to parse internal time; fallback wall_s=247.377602

=== prio run (rc=0) ===

[stderr]
PROGRAM_TOTAL_NS=193364795959

[warn] failed to parse internal time; fallback wall_s=193.368031

=== baseline run (rc=0) ===

[stderr]
PROGRAM_TOTAL_NS=229424114675

[warn] failed to parse internal time; fallback wall_s=229.427206

=== prio run (rc=0) ===

[stderr]
PROGRAM_TOTAL_NS=193315005517

[warn] failed to parse internal time; fallback wall_s=193.318359

=== baseline run (rc=0) ===

[stderr]
PROGRAM_TOTAL_NS=262326319458

[warn] failed to parse internal time; fallback wall_s=262.330514

=== prio run (rc=0) ===

[stderr]
PROGRAM_TOTAL_NS=193837971659

[warn] failed to parse internal time; fallback wall_s=193.841047

=== baseline run (rc=0) ===

[stderr]
PROGRAM_TOTAL_NS=263120706954

[warn] failed to parse internal time; fallback wall_s=263.123621

=== prio run (rc=0) ===

[stderr]
PROGRAM_TOTAL_NS=193696639333

[warn] failed to parse internal time; fallback wall_s=193.699810

=== baseline run (rc=0) ===

[stderr]
PROGRAM_TOTAL_NS=260176326703

[warn] failed to parse internal time; fallback wall_s=260.179333

=== prio run (rc=0) ===

[stderr]
PROGRAM_TOTAL_NS=193013157974

[warn] failed to parse internal time; fallback wall_s=193.016181

=== baseline run (rc=0) ===

[stderr]
PROGRAM_TOTAL_NS=263300189918

[warn] failed to parse internal time; fallback wall_s=263.306501

=== prio run (rc=0) ===

[stderr]
PROGRAM_TOTAL_NS=193467221585

[warn] failed to parse internal time; fallback wall_s=193.470369

=== baseline run (rc=0) ===

[stderr]
PROGRAM_TOTAL_NS=257644765019

[warn] failed to parse internal time; fallback wall_s=257.648438

=== prio run (rc=0) ===

[stderr]
PROGRAM_TOTAL_NS=193646235669

[warn] failed to parse internal time; fallback wall_s=193.649201

=== baseline run (rc=0) ===

[stderr]
PROGRAM_TOTAL_NS=255175609448

[warn] failed to parse internal time; fallback wall_s=255.178705

=== prio run (rc=0) ===

[stderr]
PROGRAM_TOTAL_NS=193765832136

[warn] failed to parse internal time; fallback wall_s=193.768833

=== baseline run (rc=0) ===

[stderr]
PROGRAM_TOTAL_NS=244094673175

[warn] failed to parse internal time; fallback wall_s=244.117243

=== prio run (rc=0) ===

[stderr]
PROGRAM_TOTAL_NS=193957296903

[warn] failed to parse internal time; fallback wall_s=193.960495

=== baseline run (rc=0) ===

[stderr]
PROGRAM_TOTAL_NS=235520828989

[warn] failed to parse internal time; fallback wall_s=235.523992

=== prio run (rc=0) ===

[stderr]
PROGRAM_TOTAL_NS=194120875897

[warn] failed to parse internal time; fallback wall_s=194.124136

=== baseline run (rc=0) ===

[stderr]
PROGRAM_TOTAL_NS=264626352229

[warn] failed to parse internal time; fallback wall_s=264.629499

=== prio run (rc=0) ===

[stderr]
PROGRAM_TOTAL_NS=193837581729

[warn] failed to parse internal time; fallback wall_s=193.840716

